
[33m
*** Deprecation Warning ***
/home/kevin/gt/demo/polecats/chrome/demo/inputs/aac_material_tests/aac_splitting_tension_100mm.i:49.3: The 'Kernels/TensorMechanics' syntax is deprecated. Please use 'Physics/SolidMechanics/QuasiStatic' instead.[39m
Stack frames: 14
0: libMesh::print_trace(std::ostream&)
1: void moose::internal::mooseDeprecatedStream<libMesh::BasicOStreamProxy<char, std::char_traits<char> >, std::__cxx11::basic_string<char, std::char_traits<char>, std::allocator<char> > >(libMesh::BasicOStreamProxy<char, std::char_traits<char> >&, bool, bool, bool, std::__cxx11::basic_string<char, std::char_traits<char>, std::allocator<char> >&&)
2: Moose::Builder::walkRaw(std::__cxx11::basic_string<char, std::char_traits<char>, std::allocator<char> >, std::__cxx11::basic_string<char, std::char_traits<char>, std::allocator<char> >, hit::Node*)
3: Moose::Builder::walk(std::__cxx11::basic_string<char, std::char_traits<char>, std::allocator<char> > const&, std::__cxx11::basic_string<char, std::char_traits<char>, std::allocator<char> > const&, hit::Node*)
4: hit::Node::walk(hit::Walker*, hit::NodeType, hit::TraversalOrder)
5: hit::Node::walk(hit::Walker*, hit::NodeType, hit::TraversalOrder)
6: hit::Node::walk(hit::Walker*, hit::NodeType, hit::TraversalOrder)
7: Moose::Builder::build()
8: MooseApp::setupOptions()
9: MooseApp::run()
10: /home/kevin/gt/demo/mayor/rig/build/moose/modules/solid_mechanics/solid_mechanics-opt(+0x50f2) [0x55a33cd850f2]
11: /lib/libc.so.6(+0x27741) [0x7fe625a27741]
12: __libc_start_main
13: /home/kevin/gt/demo/mayor/rig/build/moose/modules/solid_mechanics/solid_mechanics-opt(+0x5365) [0x55a33cd85365]


[36m
*** Info ***
/home/kevin/gt/demo/polecats/chrome/demo/inputs/aac_material_tests/aac_splitting_tension_100mm.i:49.3:
The following occurred in the Action 'TensorMechanics' of type LegacyTensorMechanicsAction.

SolidMechanics Action: selecting 'total small strain' formulation. Use `incremental = true` to select 'incremental small strain' instead.[39m
Framework Information:
MOOSE Version:           git commit dd5a8961 on 2026-05-01
LibMesh Version:         
PETSc Version:           3.24.6
SLEPc Version:           3.24.0
Current Time:            Tue May 19 16:51:11 2026
Executable Timestamp:    Wed May 13 15:08:44 2026

Input File(s):
  /home/kevin/gt/demo/polecats/chrome/demo/inputs/aac_material_tests/aac_splitting_tension_100mm.i

Checkpoint:
  Wall Time Interval:      Every 3600 s
  User Checkpoint:         Disabled
  # Checkpoints Kept:      2
  Execute On:              TIMESTEP_END 

Parallelism:
  Num Processors:          1
  Num Threads:             1

Mesh: 
  Parallel Type:           replicated
  Mesh Dimension:          2
  Spatial Dimension:       2
  Nodes:                   1681
  Elems:                   1600
  Num Subdomains:          1

Nonlinear System:
  Num DOFs:                3362
  Num Local DOFs:          3362
  Variables:               { "disp_x" "disp_y" } 
  Finite Element Types:    "LAGRANGE" 
  Approximation Orders:    "FIRST" 

Auxiliary System:
  Num DOFs:                4800
  Num Local DOFs:          4800
  Variables:               { "max_princ" "min_princ" "stress_yy" } 
  Finite Element Types:    "MONOMIAL" 
  Approximation Orders:    "CONSTANT" 

Execution Information:
  Executioner:             Transient
  TimeStepper:             ConstantDT
  TimeIntegrator(s):       ImplicitEuler
  Solver Mode:             Preconditioned JFNK 
  PETSc Preconditioner:    hypre boomeramg 


Time Step 0, time = 0

Postprocessor Values:
+----------------+----------------+----------------+----------------+
| time           | center_sigma_x | top_disp       | top_reaction_y |
+----------------+----------------+----------------+----------------+
|   0.000000e+00 |   0.000000e+00 |   0.000000e+00 |   0.000000e+00 |
+----------------+----------------+----------------+----------------+


Time Step 1, time = 0.05, dt = 0.05
 0 Nonlinear |R| = [32m6.115154e+04[39m
      0 Linear |R| = [32m6.115154e+04[39m
      1 Linear |R| = [32m2.837920e+03[39m
      2 Linear |R| = [32m1.003263e+03[39m
      3 Linear |R| = [32m2.974719e+02[39m
      4 Linear |R| = [32m1.096946e+02[39m
      5 Linear |R| = [32m3.192778e+01[39m
      6 Linear |R| = [32m1.075966e+01[39m
      7 Linear |R| = [32m3.455169e+00[39m
      8 Linear |R| = [32m1.171840e+00[39m
      9 Linear |R| = [32m3.951397e-01[39m
 1 Nonlinear |R| = [32m3.951397e-01[39m
      0 Linear |R| = [32m3.951397e-01[39m
      1 Linear |R| = [32m1.612159e-01[39m
      2 Linear |R| = [32m5.600973e-02[39m
      3 Linear |R| = [32m1.564887e-02[39m
      4 Linear |R| = [32m5.120890e-03[39m
      5 Linear |R| = [32m1.690451e-03[39m
      6 Linear |R| = [32m6.005379e-04[39m
      7 Linear |R| = [32m1.828384e-04[39m
      8 Linear |R| = [32m5.576311e-05[39m
      9 Linear |R| = [32m2.223711e-05[39m
     10 Linear |R| = [32m9.757461e-06[39m
     11 Linear |R| = [32m3.655091e-06[39m
 2 Nonlinear |R| = [32m3.655091e-06[39m
[32m Solve Converged![39m

Postprocessor Values:
+----------------+----------------+----------------+----------------+
| time           | center_sigma_x | top_disp       | top_reaction_y |
+----------------+----------------+----------------+----------------+
|   0.000000e+00 |   0.000000e+00 |   0.000000e+00 |   0.000000e+00 |
|   5.000000e-02 |  -1.330525e+03 |  -5.000000e-06 |  -9.194694e+04 |
+----------------+----------------+----------------+----------------+


Time Step 2, time = 0.1, dt = 0.05
 0 Nonlinear |R| = [32m6.115154e+04[39m
      0 Linear |R| = [32m6.115154e+04[39m
      1 Linear |R| = [32m2.837920e+03[39m
      2 Linear |R| = [32m1.003263e+03[39m
      3 Linear |R| = [32m2.974719e+02[39m
      4 Linear |R| = [32m1.096946e+02[39m
      5 Linear |R| = [32m3.192778e+01[39m
      6 Linear |R| = [32m1.075966e+01[39m
      7 Linear |R| = [32m3.455169e+00[39m
      8 Linear |R| = [32m1.171840e+00[39m
      9 Linear |R| = [32m3.951397e-01[39m
 1 Nonlinear |R| = [32m3.951398e-01[39m
      0 Linear |R| = [32m3.951398e-01[39m
      1 Linear |R| = [32m1.612159e-01[39m
      2 Linear |R| = [32m5.600973e-02[39m
      3 Linear |R| = [32m1.564887e-02[39m
      4 Linear |R| = [32m5.120890e-03[39m
      5 Linear |R| = [32m1.690451e-03[39m
      6 Linear |R| = [32m6.005379e-04[39m
      7 Linear |R| = [32m1.828385e-04[39m
      8 Linear |R| = [32m5.576316e-05[39m
      9 Linear |R| = [32m2.223714e-05[39m
     10 Linear |R| = [32m9.757474e-06[39m
     11 Linear |R| = [32m3.655094e-06[39m
 2 Nonlinear |R| = [32m3.655095e-06[39m
[32m Solve Converged![39m

Postprocessor Values:
+----------------+----------------+----------------+----------------+
| time           | center_sigma_x | top_disp       | top_reaction_y |
+----------------+----------------+----------------+----------------+
|   0.000000e+00 |   0.000000e+00 |   0.000000e+00 |   0.000000e+00 |
|   5.000000e-02 |  -1.330525e+03 |  -5.000000e-06 |  -9.194694e+04 |
|   1.000000e-01 |  -2.661051e+03 |  -1.000000e-05 |  -1.838939e+05 |
+----------------+----------------+----------------+----------------+


Time Step 3, time = 0.15, dt = 0.05
 0 Nonlinear |R| = [32m6.115154e+04[39m
      0 Linear |R| = [32m6.115154e+04[39m
      1 Linear |R| = [32m2.837920e+03[39m
      2 Linear |R| = [32m1.003263e+03[39m
      3 Linear |R| = [32m2.974719e+02[39m
      4 Linear |R| = [32m1.096946e+02[39m
      5 Linear |R| = [32m3.192778e+01[39m
      6 Linear |R| = [32m1.075966e+01[39m
      7 Linear |R| = [32m3.455169e+00[39m
      8 Linear |R| = [32m1.171840e+00[39m
      9 Linear |R| = [32m3.951397e-01[39m
 1 Nonlinear |R| = [32m3.951397e-01[39m
      0 Linear |R| = [32m3.951397e-01[39m
      1 Linear |R| = [32m1.612159e-01[39m
      2 Linear |R| = [32m5.600973e-02[39m
      3 Linear |R| = [32m1.564887e-02[39m
      4 Linear |R| = [32m5.120890e-03[39m
      5 Linear |R| = [32m1.690451e-03[39m
      6 Linear |R| = [32m6.005379e-04[39m
      7 Linear |R| = [32m1.828385e-04[39m
      8 Linear |R| = [32m5.576314e-05[39m
      9 Linear |R| = [32m2.223713e-05[39m
     10 Linear |R| = [32m9.757470e-06[39m
     11 Linear |R| = [32m3.655093e-06[39m
 2 Nonlinear |R| = [32m3.655093e-06[39m
[32m Solve Converged![39m

Postprocessor Values:
+----------------+----------------+----------------+----------------+
| time           | center_sigma_x | top_disp       | top_reaction_y |
+----------------+----------------+----------------+----------------+
|   0.000000e+00 |   0.000000e+00 |   0.000000e+00 |   0.000000e+00 |
|   5.000000e-02 |  -1.330525e+03 |  -5.000000e-06 |  -9.194694e+04 |
|   1.000000e-01 |  -2.661051e+03 |  -1.000000e-05 |  -1.838939e+05 |
|   1.500000e-01 |  -3.991577e+03 |  -1.500000e-05 |  -2.758408e+05 |
+----------------+----------------+----------------+----------------+


Time Step 4, time = 0.2, dt = 0.05
 0 Nonlinear |R| = [32m6.115154e+04[39m
      0 Linear |R| = [32m6.115154e+04[39m
      1 Linear |R| = [32m2.837920e+03[39m
      2 Linear |R| = [32m1.003263e+03[39m
      3 Linear |R| = [32m2.974719e+02[39m
      4 Linear |R| = [32m1.096946e+02[39m
      5 Linear |R| = [32m3.192778e+01[39m
      6 Linear |R| = [32m1.075966e+01[39m
      7 Linear |R| = [32m3.455169e+00[39m
      8 Linear |R| = [32m1.171840e+00[39m
      9 Linear |R| = [32m3.951397e-01[39m
 1 Nonlinear |R| = [32m3.951397e-01[39m
      0 Linear |R| = [32m3.951397e-01[39m
      1 Linear |R| = [32m1.612159e-01[39m
      2 Linear |R| = [32m5.600973e-02[39m
      3 Linear |R| = [32m1.564887e-02[39m
      4 Linear |R| = [32m5.120890e-03[39m
      5 Linear |R| = [32m1.690451e-03[39m
      6 Linear |R| = [32m6.005379e-04[39m
      7 Linear |R| = [32m1.828385e-04[39m
      8 Linear |R| = [32m5.576315e-05[39m
      9 Linear |R| = [32m2.223713e-05[39m
     10 Linear |R| = [32m9.757471e-06[39m
     11 Linear |R| = [32m3.655094e-06[39m
 2 Nonlinear |R| = [32m3.655094e-06[39m
[32m Solve Converged![39m

Postprocessor Values:
+----------------+----------------+----------------+----------------+
| time           | center_sigma_x | top_disp       | top_reaction_y |
+----------------+----------------+----------------+----------------+
|   0.000000e+00 |   0.000000e+00 |   0.000000e+00 |   0.000000e+00 |
|   5.000000e-02 |  -1.330525e+03 |  -5.000000e-06 |  -9.194694e+04 |
|   1.000000e-01 |  -2.661051e+03 |  -1.000000e-05 |  -1.838939e+05 |
|   1.500000e-01 |  -3.991577e+03 |  -1.500000e-05 |  -2.758408e+05 |
|   2.000000e-01 |  -5.322102e+03 |  -2.000000e-05 |  -3.677878e+05 |
+----------------+----------------+----------------+----------------+


Time Step 5, time = 0.25, dt = 0.05
 0 Nonlinear |R| = [32m6.115154e+04[39m
      0 Linear |R| = [32m6.115154e+04[39m
      1 Linear |R| = [32m2.837920e+03[39m
      2 Linear |R| = [32m1.003263e+03[39m
      3 Linear |R| = [32m2.974719e+02[39m
      4 Linear |R| = [32m1.096946e+02[39m
      5 Linear |R| = [32m3.192778e+01[39m
      6 Linear |R| = [32m1.075966e+01[39m
      7 Linear |R| = [32m3.455169e+00[39m
      8 Linear |R| = [32m1.171840e+00[39m
      9 Linear |R| = [32m3.951397e-01[39m
 1 Nonlinear |R| = [32m3.951397e-01[39m
      0 Linear |R| = [32m3.951397e-01[39m
      1 Linear |R| = [32m1.612159e-01[39m
      2 Linear |R| = [32m5.600973e-02[39m
      3 Linear |R| = [32m1.564887e-02[39m
      4 Linear |R| = [32m5.120890e-03[39m
      5 Linear |R| = [32m1.690451e-03[39m
      6 Linear |R| = [32m6.005379e-04[39m
      7 Linear |R| = [32m1.828385e-04[39m
      8 Linear |R| = [32m5.576314e-05[39m
      9 Linear |R| = [32m2.223712e-05[39m
     10 Linear |R| = [32m9.757468e-06[39m
     11 Linear |R| = [32m3.655093e-06[39m
 2 Nonlinear |R| = [32m3.655094e-06[39m
[32m Solve Converged![39m

Postprocessor Values:
+----------------+----------------+----------------+----------------+
| time           | center_sigma_x | top_disp       | top_reaction_y |
+----------------+----------------+----------------+----------------+
|   0.000000e+00 |   0.000000e+00 |   0.000000e+00 |   0.000000e+00 |
|   5.000000e-02 |  -1.330525e+03 |  -5.000000e-06 |  -9.194694e+04 |
|   1.000000e-01 |  -2.661051e+03 |  -1.000000e-05 |  -1.838939e+05 |
|   1.500000e-01 |  -3.991577e+03 |  -1.500000e-05 |  -2.758408e+05 |
|   2.000000e-01 |  -5.322102e+03 |  -2.000000e-05 |  -3.677878e+05 |
|   2.500000e-01 |  -6.652628e+03 |  -2.500000e-05 |  -4.597347e+05 |
+----------------+----------------+----------------+----------------+


Time Step 6, time = 0.3, dt = 0.05
 0 Nonlinear |R| = [32m6.115154e+04[39m
      0 Linear |R| = [32m6.115154e+04[39m
      1 Linear |R| = [32m2.837920e+03[39m
      2 Linear |R| = [32m1.003263e+03[39m
      3 Linear |R| = [32m2.974719e+02[39m
      4 Linear |R| = [32m1.096946e+02[39m
      5 Linear |R| = [32m3.192778e+01[39m
      6 Linear |R| = [32m1.075966e+01[39m
      7 Linear |R| = [32m3.455169e+00[39m
      8 Linear |R| = [32m1.171840e+00[39m
      9 Linear |R| = [32m3.951397e-01[39m
 1 Nonlinear |R| = [32m3.951398e-01[39m
      0 Linear |R| = [32m3.951398e-01[39m
      1 Linear |R| = [32m1.612159e-01[39m
      2 Linear |R| = [32m5.600973e-02[39m
      3 Linear |R| = [32m1.564887e-02[39m
      4 Linear |R| = [32m5.120891e-03[39m
      5 Linear |R| = [32m1.690451e-03[39m
      6 Linear |R| = [32m6.005380e-04[39m
      7 Linear |R| = [32m1.828385e-04[39m
      8 Linear |R| = [32m5.576315e-05[39m
      9 Linear |R| = [32m2.223713e-05[39m
     10 Linear |R| = [32m9.757471e-06[39m
     11 Linear |R| = [32m3.655094e-06[39m
 2 Nonlinear |R| = [32m3.655095e-06[39m
[32m Solve Converged![39m

Postprocessor Values:
+----------------+----------------+----------------+----------------+
| time           | center_sigma_x | top_disp       | top_reaction_y |
+----------------+----------------+----------------+----------------+
|   0.000000e+00 |   0.000000e+00 |   0.000000e+00 |   0.000000e+00 |
|   5.000000e-02 |  -1.330525e+03 |  -5.000000e-06 |  -9.194694e+04 |
|   1.000000e-01 |  -2.661051e+03 |  -1.000000e-05 |  -1.838939e+05 |
|   1.500000e-01 |  -3.991577e+03 |  -1.500000e-05 |  -2.758408e+05 |
|   2.000000e-01 |  -5.322102e+03 |  -2.000000e-05 |  -3.677878e+05 |
|   2.500000e-01 |  -6.652628e+03 |  -2.500000e-05 |  -4.597347e+05 |
|   3.000000e-01 |  -7.983153e+03 |  -3.000000e-05 |  -5.516816e+05 |
+----------------+----------------+----------------+----------------+


Time Step 7, time = 0.35, dt = 0.05
 0 Nonlinear |R| = [32m6.115154e+04[39m
      0 Linear |R| = [32m6.115154e+04[39m
      1 Linear |R| = [32m2.837920e+03[39m
      2 Linear |R| = [32m1.003263e+03[39m
      3 Linear |R| = [32m2.974719e+02[39m
      4 Linear |R| = [32m1.096946e+02[39m
      5 Linear |R| = [32m3.192778e+01[39m
      6 Linear |R| = [32m1.075966e+01[39m
      7 Linear |R| = [32m3.455169e+00[39m
      8 Linear |R| = [32m1.171840e+00[39m
      9 Linear |R| = [32m3.951397e-01[39m
 1 Nonlinear |R| = [32m3.951397e-01[39m
      0 Linear |R| = [32m3.951397e-01[39m
      1 Linear |R| = [32m1.612159e-01[39m
      2 Linear |R| = [32m5.600973e-02[39m
      3 Linear |R| = [32m1.564887e-02[39m
      4 Linear |R| = [32m5.120890e-03[39m
      5 Linear |R| = [32m1.690451e-03[39m
      6 Linear |R| = [32m6.005379e-04[39m
      7 Linear |R| = [32m1.828385e-04[39m
      8 Linear |R| = [32m5.576315e-05[39m
      9 Linear |R| = [32m2.223713e-05[39m
     10 Linear |R| = [32m9.757471e-06[39m
     11 Linear |R| = [32m3.655094e-06[39m
 2 Nonlinear |R| = [32m3.655095e-06[39m
[32m Solve Converged![39m

Postprocessor Values:
+----------------+----------------+----------------+----------------+
| time           | center_sigma_x | top_disp       | top_reaction_y |
+----------------+----------------+----------------+----------------+
|   0.000000e+00 |   0.000000e+00 |   0.000000e+00 |   0.000000e+00 |
|   5.000000e-02 |  -1.330525e+03 |  -5.000000e-06 |  -9.194694e+04 |
|   1.000000e-01 |  -2.661051e+03 |  -1.000000e-05 |  -1.838939e+05 |
|   1.500000e-01 |  -3.991577e+03 |  -1.500000e-05 |  -2.758408e+05 |
|   2.000000e-01 |  -5.322102e+03 |  -2.000000e-05 |  -3.677878e+05 |
|   2.500000e-01 |  -6.652628e+03 |  -2.500000e-05 |  -4.597347e+05 |
|   3.000000e-01 |  -7.983153e+03 |  -3.000000e-05 |  -5.516816e+05 |
|   3.500000e-01 |  -9.313679e+03 |  -3.500000e-05 |  -6.436286e+05 |
+----------------+----------------+----------------+----------------+


Time Step 8, time = 0.4, dt = 0.05
 0 Nonlinear |R| = [32m6.115154e+04[39m
      0 Linear |R| = [32m6.115154e+04[39m
      1 Linear |R| = [32m2.837920e+03[39m
      2 Linear |R| = [32m1.003263e+03[39m
      3 Linear |R| = [32m2.974719e+02[39m
      4 Linear |R| = [32m1.096946e+02[39m
      5 Linear |R| = [32m3.192778e+01[39m
      6 Linear |R| = [32m1.075966e+01[39m
      7 Linear |R| = [32m3.455169e+00[39m
      8 Linear |R| = [32m1.171840e+00[39m
      9 Linear |R| = [32m3.951397e-01[39m
 1 Nonlinear |R| = [32m3.951397e-01[39m
      0 Linear |R| = [32m3.951397e-01[39m
      1 Linear |R| = [32m1.612159e-01[39m
      2 Linear |R| = [32m5.600973e-02[39m
      3 Linear |R| = [32m1.564887e-02[39m
      4 Linear |R| = [32m5.120890e-03[39m
      5 Linear |R| = [32m1.690452e-03[39m
      6 Linear |R| = [32m6.005378e-04[39m
      7 Linear |R| = [32m1.828385e-04[39m
      8 Linear |R| = [32m5.576316e-05[39m
      9 Linear |R| = [32m2.223714e-05[39m
     10 Linear |R| = [32m9.757474e-06[39m
     11 Linear |R| = [32m3.655094e-06[39m
 2 Nonlinear |R| = [32m3.655094e-06[39m
[32m Solve Converged![39m

Postprocessor Values:
+----------------+----------------+----------------+----------------+
| time           | center_sigma_x | top_disp       | top_reaction_y |
+----------------+----------------+----------------+----------------+
|   0.000000e+00 |   0.000000e+00 |   0.000000e+00 |   0.000000e+00 |
|   5.000000e-02 |  -1.330525e+03 |  -5.000000e-06 |  -9.194694e+04 |
|   1.000000e-01 |  -2.661051e+03 |  -1.000000e-05 |  -1.838939e+05 |
|   1.500000e-01 |  -3.991577e+03 |  -1.500000e-05 |  -2.758408e+05 |
|   2.000000e-01 |  -5.322102e+03 |  -2.000000e-05 |  -3.677878e+05 |
|   2.500000e-01 |  -6.652628e+03 |  -2.500000e-05 |  -4.597347e+05 |
|   3.000000e-01 |  -7.983153e+03 |  -3.000000e-05 |  -5.516816e+05 |
|   3.500000e-01 |  -9.313679e+03 |  -3.500000e-05 |  -6.436286e+05 |
|   4.000000e-01 |  -1.064420e+04 |  -4.000000e-05 |  -7.355755e+05 |
+----------------+----------------+----------------+----------------+


Time Step 9, time = 0.45, dt = 0.05
 0 Nonlinear |R| = [32m6.115154e+04[39m
      0 Linear |R| = [32m6.115154e+04[39m
      1 Linear |R| = [32m2.837920e+03[39m
      2 Linear |R| = [32m1.003263e+03[39m
      3 Linear |R| = [32m2.974719e+02[39m
      4 Linear |R| = [32m1.096946e+02[39m
      5 Linear |R| = [32m3.192778e+01[39m
      6 Linear |R| = [32m1.075966e+01[39m
      7 Linear |R| = [32m3.455169e+00[39m
      8 Linear |R| = [32m1.171840e+00[39m
      9 Linear |R| = [32m3.951397e-01[39m
 1 Nonlinear |R| = [32m3.951398e-01[39m
      0 Linear |R| = [32m3.951398e-01[39m
      1 Linear |R| = [32m1.612159e-01[39m
      2 Linear |R| = [32m5.600973e-02[39m
      3 Linear |R| = [32m1.564887e-02[39m
      4 Linear |R| = [32m5.120891e-03[39m
      5 Linear |R| = [32m1.690451e-03[39m
      6 Linear |R| = [32m6.005378e-04[39m
      7 Linear |R| = [32m1.828385e-04[39m
      8 Linear |R| = [32m5.576315e-05[39m
      9 Linear |R| = [32m2.223713e-05[39m
     10 Linear |R| = [32m9.757472e-06[39m
     11 Linear |R| = [32m3.655094e-06[39m
 2 Nonlinear |R| = [32m3.655100e-06[39m
[32m Solve Converged![39m

Postprocessor Values:
+----------------+----------------+----------------+----------------+
| time           | center_sigma_x | top_disp       | top_reaction_y |
+----------------+----------------+----------------+----------------+
|   0.000000e+00 |   0.000000e+00 |   0.000000e+00 |   0.000000e+00 |
|   5.000000e-02 |  -1.330525e+03 |  -5.000000e-06 |  -9.194694e+04 |
|   1.000000e-01 |  -2.661051e+03 |  -1.000000e-05 |  -1.838939e+05 |
|   1.500000e-01 |  -3.991577e+03 |  -1.500000e-05 |  -2.758408e+05 |
|   2.000000e-01 |  -5.322102e+03 |  -2.000000e-05 |  -3.677878e+05 |
|   2.500000e-01 |  -6.652628e+03 |  -2.500000e-05 |  -4.597347e+05 |
|   3.000000e-01 |  -7.983153e+03 |  -3.000000e-05 |  -5.516816e+05 |
|   3.500000e-01 |  -9.313679e+03 |  -3.500000e-05 |  -6.436286e+05 |
|   4.000000e-01 |  -1.064420e+04 |  -4.000000e-05 |  -7.355755e+05 |
|   4.500000e-01 |  -1.197473e+04 |  -4.500000e-05 |  -8.275225e+05 |
+----------------+----------------+----------------+----------------+


Time Step 10, time = 0.5, dt = 0.05
 0 Nonlinear |R| = [32m6.115154e+04[39m
      0 Linear |R| = [32m6.115154e+04[39m
      1 Linear |R| = [32m2.837920e+03[39m
      2 Linear |R| = [32m1.003263e+03[39m
      3 Linear |R| = [32m2.974719e+02[39m
      4 Linear |R| = [32m1.096946e+02[39m
      5 Linear |R| = [32m3.192778e+01[39m
      6 Linear |R| = [32m1.075966e+01[39m
      7 Linear |R| = [32m3.455169e+00[39m
      8 Linear |R| = [32m1.171840e+00[39m
      9 Linear |R| = [32m3.951397e-01[39m
 1 Nonlinear |R| = [32m3.951398e-01[39m
      0 Linear |R| = [32m3.951398e-01[39m
      1 Linear |R| = [32m1.612159e-01[39m
      2 Linear |R| = [32m5.600973e-02[39m
      3 Linear |R| = [32m1.564887e-02[39m
      4 Linear |R| = [32m5.120890e-03[39m
      5 Linear |R| = [32m1.690451e-03[39m
      6 Linear |R| = [32m6.005379e-04[39m
      7 Linear |R| = [32m1.828385e-04[39m
      8 Linear |R| = [32m5.576315e-05[39m
      9 Linear |R| = [32m2.223714e-05[39m
     10 Linear |R| = [32m9.757474e-06[39m
     11 Linear |R| = [32m3.655094e-06[39m
 2 Nonlinear |R| = [32m3.655094e-06[39m
[32m Solve Converged![39m

Postprocessor Values:
+----------------+----------------+----------------+----------------+
| time           | center_sigma_x | top_disp       | top_reaction_y |
+----------------+----------------+----------------+----------------+
|   0.000000e+00 |   0.000000e+00 |   0.000000e+00 |   0.000000e+00 |
|   5.000000e-02 |  -1.330525e+03 |  -5.000000e-06 |  -9.194694e+04 |
|   1.000000e-01 |  -2.661051e+03 |  -1.000000e-05 |  -1.838939e+05 |
|   1.500000e-01 |  -3.991577e+03 |  -1.500000e-05 |  -2.758408e+05 |
|   2.000000e-01 |  -5.322102e+03 |  -2.000000e-05 |  -3.677878e+05 |
|   2.500000e-01 |  -6.652628e+03 |  -2.500000e-05 |  -4.597347e+05 |
|   3.000000e-01 |  -7.983153e+03 |  -3.000000e-05 |  -5.516816e+05 |
|   3.500000e-01 |  -9.313679e+03 |  -3.500000e-05 |  -6.436286e+05 |
|   4.000000e-01 |  -1.064420e+04 |  -4.000000e-05 |  -7.355755e+05 |
|   4.500000e-01 |  -1.197473e+04 |  -4.500000e-05 |  -8.275225e+05 |
|   5.000000e-01 |  -1.330526e+04 |  -5.000000e-05 |  -9.194694e+05 |
+----------------+----------------+----------------+----------------+


Time Step 11, time = 0.55, dt = 0.05
 0 Nonlinear |R| = [32m6.115154e+04[39m
      0 Linear |R| = [32m6.115154e+04[39m
      1 Linear |R| = [32m2.837920e+03[39m
      2 Linear |R| = [32m1.003263e+03[39m
      3 Linear |R| = [32m2.974719e+02[39m
      4 Linear |R| = [32m1.096946e+02[39m
      5 Linear |R| = [32m3.192778e+01[39m
      6 Linear |R| = [32m1.075966e+01[39m
      7 Linear |R| = [32m3.455169e+00[39m
      8 Linear |R| = [32m1.171840e+00[39m
      9 Linear |R| = [32m3.951397e-01[39m
 1 Nonlinear |R| = [32m3.951398e-01[39m
      0 Linear |R| = [32m3.951398e-01[39m
      1 Linear |R| = [32m1.612160e-01[39m
      2 Linear |R| = [32m5.600973e-02[39m
      3 Linear |R| = [32m1.564887e-02[39m
      4 Linear |R| = [32m5.120891e-03[39m
      5 Linear |R| = [32m1.690452e-03[39m
      6 Linear |R| = [32m6.005380e-04[39m
      7 Linear |R| = [32m1.828385e-04[39m
      8 Linear |R| = [32m5.576317e-05[39m
      9 Linear |R| = [32m2.223714e-05[39m
     10 Linear |R| = [32m9.757476e-06[39m
     11 Linear |R| = [32m3.655095e-06[39m
 2 Nonlinear |R| = [32m3.655098e-06[39m
[32m Solve Converged![39m

Postprocessor Values:
+----------------+----------------+----------------+----------------+
| time           | center_sigma_x | top_disp       | top_reaction_y |
+----------------+----------------+----------------+----------------+
|   0.000000e+00 |   0.000000e+00 |   0.000000e+00 |   0.000000e+00 |
|   5.000000e-02 |  -1.330525e+03 |  -5.000000e-06 |  -9.194694e+04 |
|   1.000000e-01 |  -2.661051e+03 |  -1.000000e-05 |  -1.838939e+05 |
|   1.500000e-01 |  -3.991577e+03 |  -1.500000e-05 |  -2.758408e+05 |
|   2.000000e-01 |  -5.322102e+03 |  -2.000000e-05 |  -3.677878e+05 |
|   2.500000e-01 |  -6.652628e+03 |  -2.500000e-05 |  -4.597347e+05 |
|   3.000000e-01 |  -7.983153e+03 |  -3.000000e-05 |  -5.516816e+05 |
|   3.500000e-01 |  -9.313679e+03 |  -3.500000e-05 |  -6.436286e+05 |
|   4.000000e-01 |  -1.064420e+04 |  -4.000000e-05 |  -7.355755e+05 |
|   4.500000e-01 |  -1.197473e+04 |  -4.500000e-05 |  -8.275225e+05 |
|   5.000000e-01 |  -1.330526e+04 |  -5.000000e-05 |  -9.194694e+05 |
|   5.500000e-01 |  -1.463578e+04 |  -5.500000e-05 |  -1.011416e+06 |
+----------------+----------------+----------------+----------------+


Time Step 12, time = 0.6, dt = 0.05
 0 Nonlinear |R| = [32m6.115154e+04[39m
      0 Linear |R| = [32m6.115154e+04[39m
      1 Linear |R| = [32m2.837920e+03[39m
      2 Linear |R| = [32m1.003263e+03[39m
      3 Linear |R| = [32m2.974719e+02[39m
      4 Linear |R| = [32m1.096946e+02[39m
      5 Linear |R| = [32m3.192778e+01[39m
      6 Linear |R| = [32m1.075966e+01[39m
      7 Linear |R| = [32m3.455169e+00[39m
      8 Linear |R| = [32m1.171840e+00[39m
      9 Linear |R| = [32m3.951397e-01[39m
 1 Nonlinear |R| = [32m3.951397e-01[39m
      0 Linear |R| = [32m3.951397e-01[39m
      1 Linear |R| = [32m1.612159e-01[39m
      2 Linear |R| = [32m5.600972e-02[39m
      3 Linear |R| = [32m1.564887e-02[39m
      4 Linear |R| = [32m5.120889e-03[39m
      5 Linear |R| = [32m1.690451e-03[39m
      6 Linear |R| = [32m6.005378e-04[39m
      7 Linear |R| = [32m1.828385e-04[39m
      8 Linear |R| = [32m5.576313e-05[39m
      9 Linear |R| = [32m2.223712e-05[39m
     10 Linear |R| = [32m9.757467e-06[39m
     11 Linear |R| = [32m3.655092e-06[39m
 2 Nonlinear |R| = [32m3.655095e-06[39m
[32m Solve Converged![39m

Postprocessor Values:
+----------------+----------------+----------------+----------------+
| time           | center_sigma_x | top_disp       | top_reaction_y |
+----------------+----------------+----------------+----------------+
|   0.000000e+00 |   0.000000e+00 |   0.000000e+00 |   0.000000e+00 |
|   5.000000e-02 |  -1.330525e+03 |  -5.000000e-06 |  -9.194694e+04 |
|   1.000000e-01 |  -2.661051e+03 |  -1.000000e-05 |  -1.838939e+05 |
|   1.500000e-01 |  -3.991577e+03 |  -1.500000e-05 |  -2.758408e+05 |
|   2.000000e-01 |  -5.322102e+03 |  -2.000000e-05 |  -3.677878e+05 |
|   2.500000e-01 |  -6.652628e+03 |  -2.500000e-05 |  -4.597347e+05 |
|   3.000000e-01 |  -7.983153e+03 |  -3.000000e-05 |  -5.516816e+05 |
|   3.500000e-01 |  -9.313679e+03 |  -3.500000e-05 |  -6.436286e+05 |
|   4.000000e-01 |  -1.064420e+04 |  -4.000000e-05 |  -7.355755e+05 |
|   4.500000e-01 |  -1.197473e+04 |  -4.500000e-05 |  -8.275225e+05 |
|   5.000000e-01 |  -1.330526e+04 |  -5.000000e-05 |  -9.194694e+05 |
|   5.500000e-01 |  -1.463578e+04 |  -5.500000e-05 |  -1.011416e+06 |
|   6.000000e-01 |  -1.596631e+04 |  -6.000000e-05 |  -1.103363e+06 |
+----------------+----------------+----------------+----------------+


Time Step 13, time = 0.65, dt = 0.05
 0 Nonlinear |R| = [32m6.115154e+04[39m
      0 Linear |R| = [32m6.115154e+04[39m
      1 Linear |R| = [32m2.837920e+03[39m
      2 Linear |R| = [32m1.003263e+03[39m
      3 Linear |R| = [32m2.974719e+02[39m
      4 Linear |R| = [32m1.096946e+02[39m
      5 Linear |R| = [32m3.192778e+01[39m
      6 Linear |R| = [32m1.075966e+01[39m
      7 Linear |R| = [32m3.455169e+00[39m
      8 Linear |R| = [32m1.171840e+00[39m
      9 Linear |R| = [32m3.951397e-01[39m
 1 Nonlinear |R| = [32m3.951397e-01[39m
      0 Linear |R| = [32m3.951397e-01[39m
      1 Linear |R| = [32m1.612160e-01[39m
      2 Linear |R| = [32m5.600973e-02[39m
      3 Linear |R| = [32m1.564887e-02[39m
      4 Linear |R| = [32m5.120890e-03[39m
      5 Linear |R| = [32m1.690452e-03[39m
      6 Linear |R| = [32m6.005379e-04[39m
      7 Linear |R| = [32m1.828385e-04[39m
      8 Linear |R| = [32m5.576313e-05[39m
      9 Linear |R| = [32m2.223712e-05[39m
     10 Linear |R| = [32m9.757468e-06[39m
     11 Linear |R| = [32m3.655093e-06[39m
 2 Nonlinear |R| = [32m3.655094e-06[39m
[32m Solve Converged![39m

Postprocessor Values:
+----------------+----------------+----------------+----------------+
| time           | center_sigma_x | top_disp       | top_reaction_y |
+----------------+----------------+----------------+----------------+
|   0.000000e+00 |   0.000000e+00 |   0.000000e+00 |   0.000000e+00 |
|   5.000000e-02 |  -1.330525e+03 |  -5.000000e-06 |  -9.194694e+04 |
|   1.000000e-01 |  -2.661051e+03 |  -1.000000e-05 |  -1.838939e+05 |
|   1.500000e-01 |  -3.991577e+03 |  -1.500000e-05 |  -2.758408e+05 |
|   2.000000e-01 |  -5.322102e+03 |  -2.000000e-05 |  -3.677878e+05 |
|   2.500000e-01 |  -6.652628e+03 |  -2.500000e-05 |  -4.597347e+05 |
|   3.000000e-01 |  -7.983153e+03 |  -3.000000e-05 |  -5.516816e+05 |
|   3.500000e-01 |  -9.313679e+03 |  -3.500000e-05 |  -6.436286e+05 |
|   4.000000e-01 |  -1.064420e+04 |  -4.000000e-05 |  -7.355755e+05 |
|   4.500000e-01 |  -1.197473e+04 |  -4.500000e-05 |  -8.275225e+05 |
|   5.000000e-01 |  -1.330526e+04 |  -5.000000e-05 |  -9.194694e+05 |
|   5.500000e-01 |  -1.463578e+04 |  -5.500000e-05 |  -1.011416e+06 |
|   6.000000e-01 |  -1.596631e+04 |  -6.000000e-05 |  -1.103363e+06 |
|   6.500000e-01 |  -1.729683e+04 |  -6.500000e-05 |  -1.195310e+06 |
+----------------+----------------+----------------+----------------+


Time Step 14, time = 0.7, dt = 0.05
 0 Nonlinear |R| = [32m6.115154e+04[39m
      0 Linear |R| = [32m6.115154e+04[39m
      1 Linear |R| = [32m2.837920e+03[39m
      2 Linear |R| = [32m1.003263e+03[39m
      3 Linear |R| = [32m2.974719e+02[39m
      4 Linear |R| = [32m1.096946e+02[39m
      5 Linear |R| = [32m3.192778e+01[39m
      6 Linear |R| = [32m1.075966e+01[39m
      7 Linear |R| = [32m3.455169e+00[39m
      8 Linear |R| = [32m1.171840e+00[39m
      9 Linear |R| = [32m3.951397e-01[39m
 1 Nonlinear |R| = [32m3.951398e-01[39m
      0 Linear |R| = [32m3.951398e-01[39m
      1 Linear |R| = [32m1.612159e-01[39m
      2 Linear |R| = [32m5.600973e-02[39m
      3 Linear |R| = [32m1.564888e-02[39m
      4 Linear |R| = [32m5.120890e-03[39m
      5 Linear |R| = [32m1.690451e-03[39m
      6 Linear |R| = [32m6.005379e-04[39m
      7 Linear |R| = [32m1.828385e-04[39m
      8 Linear |R| = [32m5.576314e-05[39m
      9 Linear |R| = [32m2.223713e-05[39m
     10 Linear |R| = [32m9.757471e-06[39m
     11 Linear |R| = [32m3.655093e-06[39m
 2 Nonlinear |R| = [32m3.655080e-06[39m
[32m Solve Converged![39m

Postprocessor Values:
+----------------+----------------+----------------+----------------+
| time           | center_sigma_x | top_disp       | top_reaction_y |
+----------------+----------------+----------------+----------------+
|   0.000000e+00 |   0.000000e+00 |   0.000000e+00 |   0.000000e+00 |
|   5.000000e-02 |  -1.330525e+03 |  -5.000000e-06 |  -9.194694e+04 |
|   1.000000e-01 |  -2.661051e+03 |  -1.000000e-05 |  -1.838939e+05 |
|   1.500000e-01 |  -3.991577e+03 |  -1.500000e-05 |  -2.758408e+05 |
|   2.000000e-01 |  -5.322102e+03 |  -2.000000e-05 |  -3.677878e+05 |
|   2.500000e-01 |  -6.652628e+03 |  -2.500000e-05 |  -4.597347e+05 |
|   3.000000e-01 |  -7.983153e+03 |  -3.000000e-05 |  -5.516816e+05 |
|   3.500000e-01 |  -9.313679e+03 |  -3.500000e-05 |  -6.436286e+05 |
|   4.000000e-01 |  -1.064420e+04 |  -4.000000e-05 |  -7.355755e+05 |
|   4.500000e-01 |  -1.197473e+04 |  -4.500000e-05 |  -8.275225e+05 |
|   5.000000e-01 |  -1.330526e+04 |  -5.000000e-05 |  -9.194694e+05 |
|   5.500000e-01 |  -1.463578e+04 |  -5.500000e-05 |  -1.011416e+06 |
|   6.000000e-01 |  -1.596631e+04 |  -6.000000e-05 |  -1.103363e+06 |
|   6.500000e-01 |  -1.729683e+04 |  -6.500000e-05 |  -1.195310e+06 |
|   7.000000e-01 |  -1.862736e+04 |  -7.000000e-05 |  -1.287257e+06 |
+----------------+----------------+----------------+----------------+


Time Step 15, time = 0.75, dt = 0.05
 0 Nonlinear |R| = [32m6.115154e+04[39m
      0 Linear |R| = [32m6.115154e+04[39m
      1 Linear |R| = [32m2.837920e+03[39m
      2 Linear |R| = [32m1.003263e+03[39m
      3 Linear |R| = [32m2.974719e+02[39m
      4 Linear |R| = [32m1.096946e+02[39m
      5 Linear |R| = [32m3.192778e+01[39m
      6 Linear |R| = [32m1.075966e+01[39m
      7 Linear |R| = [32m3.455169e+00[39m
      8 Linear |R| = [32m1.171840e+00[39m
      9 Linear |R| = [32m3.951397e-01[39m
 1 Nonlinear |R| = [32m3.951398e-01[39m
      0 Linear |R| = [32m3.951398e-01[39m
      1 Linear |R| = [32m1.612159e-01[39m
      2 Linear |R| = [32m5.600973e-02[39m
      3 Linear |R| = [32m1.564887e-02[39m
      4 Linear |R| = [32m5.120890e-03[39m
      5 Linear |R| = [32m1.690451e-03[39m
      6 Linear |R| = [32m6.005380e-04[39m
      7 Linear |R| = [32m1.828385e-04[39m
      8 Linear |R| = [32m5.576315e-05[39m
      9 Linear |R| = [32m2.223713e-05[39m
     10 Linear |R| = [32m9.757474e-06[39m
     11 Linear |R| = [32m3.655094e-06[39m
 2 Nonlinear |R| = [32m3.655096e-06[39m
[32m Solve Converged![39m

Postprocessor Values:
+----------------+----------------+----------------+----------------+
| time           | center_sigma_x | top_disp       | top_reaction_y |
+----------------+----------------+----------------+----------------+
:                :                :                :                :
|   5.000000e-02 |  -1.330525e+03 |  -5.000000e-06 |  -9.194694e+04 |
|   1.000000e-01 |  -2.661051e+03 |  -1.000000e-05 |  -1.838939e+05 |
|   1.500000e-01 |  -3.991577e+03 |  -1.500000e-05 |  -2.758408e+05 |
|   2.000000e-01 |  -5.322102e+03 |  -2.000000e-05 |  -3.677878e+05 |
|   2.500000e-01 |  -6.652628e+03 |  -2.500000e-05 |  -4.597347e+05 |
|   3.000000e-01 |  -7.983153e+03 |  -3.000000e-05 |  -5.516816e+05 |
|   3.500000e-01 |  -9.313679e+03 |  -3.500000e-05 |  -6.436286e+05 |
|   4.000000e-01 |  -1.064420e+04 |  -4.000000e-05 |  -7.355755e+05 |
|   4.500000e-01 |  -1.197473e+04 |  -4.500000e-05 |  -8.275225e+05 |
|   5.000000e-01 |  -1.330526e+04 |  -5.000000e-05 |  -9.194694e+05 |
|   5.500000e-01 |  -1.463578e+04 |  -5.500000e-05 |  -1.011416e+06 |
|   6.000000e-01 |  -1.596631e+04 |  -6.000000e-05 |  -1.103363e+06 |
|   6.500000e-01 |  -1.729683e+04 |  -6.500000e-05 |  -1.195310e+06 |
|   7.000000e-01 |  -1.862736e+04 |  -7.000000e-05 |  -1.287257e+06 |
|   7.500000e-01 |  -1.995788e+04 |  -7.500000e-05 |  -1.379204e+06 |
+----------------+----------------+----------------+----------------+


Time Step 16, time = 0.8, dt = 0.05
 0 Nonlinear |R| = [32m6.115154e+04[39m
      0 Linear |R| = [32m6.115154e+04[39m
      1 Linear |R| = [32m2.837920e+03[39m
      2 Linear |R| = [32m1.003263e+03[39m
      3 Linear |R| = [32m2.974719e+02[39m
      4 Linear |R| = [32m1.096946e+02[39m
      5 Linear |R| = [32m3.192778e+01[39m
      6 Linear |R| = [32m1.075966e+01[39m
      7 Linear |R| = [32m3.455169e+00[39m
      8 Linear |R| = [32m1.171840e+00[39m
      9 Linear |R| = [32m3.951397e-01[39m
 1 Nonlinear |R| = [32m3.951398e-01[39m
      0 Linear |R| = [32m3.951398e-01[39m
      1 Linear |R| = [32m1.612159e-01[39m
      2 Linear |R| = [32m5.600972e-02[39m
      3 Linear |R| = [32m1.564887e-02[39m
      4 Linear |R| = [32m5.120891e-03[39m
      5 Linear |R| = [32m1.690451e-03[39m
      6 Linear |R| = [32m6.005379e-04[39m
      7 Linear |R| = [32m1.828384e-04[39m
      8 Linear |R| = [32m5.576314e-05[39m
      9 Linear |R| = [32m2.223713e-05[39m
     10 Linear |R| = [32m9.757470e-06[39m
     11 Linear |R| = [32m3.655093e-06[39m
 2 Nonlinear |R| = [32m3.655089e-06[39m
[32m Solve Converged![39m

Postprocessor Values:
+----------------+----------------+----------------+----------------+
| time           | center_sigma_x | top_disp       | top_reaction_y |
+----------------+----------------+----------------+----------------+
:                :                :                :                :
|   1.000000e-01 |  -2.661051e+03 |  -1.000000e-05 |  -1.838939e+05 |
|   1.500000e-01 |  -3.991577e+03 |  -1.500000e-05 |  -2.758408e+05 |
|   2.000000e-01 |  -5.322102e+03 |  -2.000000e-05 |  -3.677878e+05 |
|   2.500000e-01 |  -6.652628e+03 |  -2.500000e-05 |  -4.597347e+05 |
|   3.000000e-01 |  -7.983153e+03 |  -3.000000e-05 |  -5.516816e+05 |
|   3.500000e-01 |  -9.313679e+03 |  -3.500000e-05 |  -6.436286e+05 |
|   4.000000e-01 |  -1.064420e+04 |  -4.000000e-05 |  -7.355755e+05 |
|   4.500000e-01 |  -1.197473e+04 |  -4.500000e-05 |  -8.275225e+05 |
|   5.000000e-01 |  -1.330526e+04 |  -5.000000e-05 |  -9.194694e+05 |
|   5.500000e-01 |  -1.463578e+04 |  -5.500000e-05 |  -1.011416e+06 |
|   6.000000e-01 |  -1.596631e+04 |  -6.000000e-05 |  -1.103363e+06 |
|   6.500000e-01 |  -1.729683e+04 |  -6.500000e-05 |  -1.195310e+06 |
|   7.000000e-01 |  -1.862736e+04 |  -7.000000e-05 |  -1.287257e+06 |
|   7.500000e-01 |  -1.995788e+04 |  -7.500000e-05 |  -1.379204e+06 |
|   8.000000e-01 |  -2.128841e+04 |  -8.000000e-05 |  -1.471151e+06 |
+----------------+----------------+----------------+----------------+


Time Step 17, time = 0.85, dt = 0.05
 0 Nonlinear |R| = [32m6.115154e+04[39m
      0 Linear |R| = [32m6.115154e+04[39m
      1 Linear |R| = [32m2.837920e+03[39m
      2 Linear |R| = [32m1.003263e+03[39m
      3 Linear |R| = [32m2.974719e+02[39m
      4 Linear |R| = [32m1.096946e+02[39m
      5 Linear |R| = [32m3.192778e+01[39m
      6 Linear |R| = [32m1.075966e+01[39m
      7 Linear |R| = [32m3.455169e+00[39m
      8 Linear |R| = [32m1.171840e+00[39m
      9 Linear |R| = [32m3.951397e-01[39m
 1 Nonlinear |R| = [32m3.951397e-01[39m
      0 Linear |R| = [32m3.951397e-01[39m
      1 Linear |R| = [32m1.612159e-01[39m
      2 Linear |R| = [32m5.600973e-02[39m
      3 Linear |R| = [32m1.564887e-02[39m
      4 Linear |R| = [32m5.120890e-03[39m
      5 Linear |R| = [32m1.690451e-03[39m
      6 Linear |R| = [32m6.005379e-04[39m
      7 Linear |R| = [32m1.828384e-04[39m
      8 Linear |R| = [32m5.576313e-05[39m
      9 Linear |R| = [32m2.223713e-05[39m
     10 Linear |R| = [32m9.757466e-06[39m
     11 Linear |R| = [32m3.655093e-06[39m
 2 Nonlinear |R| = [32m3.655087e-06[39m
[32m Solve Converged![39m

Postprocessor Values:
+----------------+----------------+----------------+----------------+
| time           | center_sigma_x | top_disp       | top_reaction_y |
+----------------+----------------+----------------+----------------+
:                :                :                :                :
|   1.500000e-01 |  -3.991577e+03 |  -1.500000e-05 |  -2.758408e+05 |
|   2.000000e-01 |  -5.322102e+03 |  -2.000000e-05 |  -3.677878e+05 |
|   2.500000e-01 |  -6.652628e+03 |  -2.500000e-05 |  -4.597347e+05 |
|   3.000000e-01 |  -7.983153e+03 |  -3.000000e-05 |  -5.516816e+05 |
|   3.500000e-01 |  -9.313679e+03 |  -3.500000e-05 |  -6.436286e+05 |
|   4.000000e-01 |  -1.064420e+04 |  -4.000000e-05 |  -7.355755e+05 |
|   4.500000e-01 |  -1.197473e+04 |  -4.500000e-05 |  -8.275225e+05 |
|   5.000000e-01 |  -1.330526e+04 |  -5.000000e-05 |  -9.194694e+05 |
|   5.500000e-01 |  -1.463578e+04 |  -5.500000e-05 |  -1.011416e+06 |
|   6.000000e-01 |  -1.596631e+04 |  -6.000000e-05 |  -1.103363e+06 |
|   6.500000e-01 |  -1.729683e+04 |  -6.500000e-05 |  -1.195310e+06 |
|   7.000000e-01 |  -1.862736e+04 |  -7.000000e-05 |  -1.287257e+06 |
|   7.500000e-01 |  -1.995788e+04 |  -7.500000e-05 |  -1.379204e+06 |
|   8.000000e-01 |  -2.128841e+04 |  -8.000000e-05 |  -1.471151e+06 |
|   8.500000e-01 |  -2.261893e+04 |  -8.500000e-05 |  -1.563098e+06 |
+----------------+----------------+----------------+----------------+


Time Step 18, time = 0.9, dt = 0.05
 0 Nonlinear |R| = [32m6.115154e+04[39m
      0 Linear |R| = [32m6.115154e+04[39m
      1 Linear |R| = [32m2.837920e+03[39m
      2 Linear |R| = [32m1.003263e+03[39m
      3 Linear |R| = [32m2.974719e+02[39m
      4 Linear |R| = [32m1.096946e+02[39m
      5 Linear |R| = [32m3.192778e+01[39m
      6 Linear |R| = [32m1.075966e+01[39m
      7 Linear |R| = [32m3.455169e+00[39m
      8 Linear |R| = [32m1.171840e+00[39m
      9 Linear |R| = [32m3.951397e-01[39m
 1 Nonlinear |R| = [32m3.951398e-01[39m
      0 Linear |R| = [32m3.951398e-01[39m
      1 Linear |R| = [32m1.612159e-01[39m
      2 Linear |R| = [32m5.600973e-02[39m
      3 Linear |R| = [32m1.564887e-02[39m
      4 Linear |R| = [32m5.120891e-03[39m
      5 Linear |R| = [32m1.690452e-03[39m
      6 Linear |R| = [32m6.005377e-04[39m
      7 Linear |R| = [32m1.828385e-04[39m
      8 Linear |R| = [32m5.576316e-05[39m
      9 Linear |R| = [32m2.223714e-05[39m
     10 Linear |R| = [32m9.757476e-06[39m
     11 Linear |R| = [32m3.655094e-06[39m
 2 Nonlinear |R| = [32m3.655098e-06[39m
[32m Solve Converged![39m

Postprocessor Values:
+----------------+----------------+----------------+----------------+
| time           | center_sigma_x | top_disp       | top_reaction_y |
+----------------+----------------+----------------+----------------+
:                :                :                :                :
|   2.000000e-01 |  -5.322102e+03 |  -2.000000e-05 |  -3.677878e+05 |
|   2.500000e-01 |  -6.652628e+03 |  -2.500000e-05 |  -4.597347e+05 |
|   3.000000e-01 |  -7.983153e+03 |  -3.000000e-05 |  -5.516816e+05 |
|   3.500000e-01 |  -9.313679e+03 |  -3.500000e-05 |  -6.436286e+05 |
|   4.000000e-01 |  -1.064420e+04 |  -4.000000e-05 |  -7.355755e+05 |
|   4.500000e-01 |  -1.197473e+04 |  -4.500000e-05 |  -8.275225e+05 |
|   5.000000e-01 |  -1.330526e+04 |  -5.000000e-05 |  -9.194694e+05 |
|   5.500000e-01 |  -1.463578e+04 |  -5.500000e-05 |  -1.011416e+06 |
|   6.000000e-01 |  -1.596631e+04 |  -6.000000e-05 |  -1.103363e+06 |
|   6.500000e-01 |  -1.729683e+04 |  -6.500000e-05 |  -1.195310e+06 |
|   7.000000e-01 |  -1.862736e+04 |  -7.000000e-05 |  -1.287257e+06 |
|   7.500000e-01 |  -1.995788e+04 |  -7.500000e-05 |  -1.379204e+06 |
|   8.000000e-01 |  -2.128841e+04 |  -8.000000e-05 |  -1.471151e+06 |
|   8.500000e-01 |  -2.261893e+04 |  -8.500000e-05 |  -1.563098e+06 |
|   9.000000e-01 |  -2.394946e+04 |  -9.000000e-05 |  -1.655045e+06 |
+----------------+----------------+----------------+----------------+


Time Step 19, time = 0.95, dt = 0.05
 0 Nonlinear |R| = [32m6.115154e+04[39m
      0 Linear |R| = [32m6.115154e+04[39m
      1 Linear |R| = [32m2.837920e+03[39m
      2 Linear |R| = [32m1.003263e+03[39m
      3 Linear |R| = [32m2.974719e+02[39m
      4 Linear |R| = [32m1.096946e+02[39m
      5 Linear |R| = [32m3.192778e+01[39m
      6 Linear |R| = [32m1.075966e+01[39m
      7 Linear |R| = [32m3.455169e+00[39m
      8 Linear |R| = [32m1.171840e+00[39m
      9 Linear |R| = [32m3.951397e-01[39m
 1 Nonlinear |R| = [32m3.951397e-01[39m
      0 Linear |R| = [32m3.951397e-01[39m
      1 Linear |R| = [32m1.612159e-01[39m
      2 Linear |R| = [32m5.600973e-02[39m
      3 Linear |R| = [32m1.564887e-02[39m
      4 Linear |R| = [32m5.120890e-03[39m
      5 Linear |R| = [32m1.690451e-03[39m
      6 Linear |R| = [32m6.005378e-04[39m
      7 Linear |R| = [32m1.828384e-04[39m
      8 Linear |R| = [32m5.576313e-05[39m
      9 Linear |R| = [32m2.223712e-05[39m
     10 Linear |R| = [32m9.757468e-06[39m
     11 Linear |R| = [32m3.655093e-06[39m
 2 Nonlinear |R| = [32m3.655101e-06[39m
[32m Solve Converged![39m

Postprocessor Values:
+----------------+----------------+----------------+----------------+
| time           | center_sigma_x | top_disp       | top_reaction_y |
+----------------+----------------+----------------+----------------+
:                :                :                :                :
|   2.500000e-01 |  -6.652628e+03 |  -2.500000e-05 |  -4.597347e+05 |
|   3.000000e-01 |  -7.983153e+03 |  -3.000000e-05 |  -5.516816e+05 |
|   3.500000e-01 |  -9.313679e+03 |  -3.500000e-05 |  -6.436286e+05 |
|   4.000000e-01 |  -1.064420e+04 |  -4.000000e-05 |  -7.355755e+05 |
|   4.500000e-01 |  -1.197473e+04 |  -4.500000e-05 |  -8.275225e+05 |
|   5.000000e-01 |  -1.330526e+04 |  -5.000000e-05 |  -9.194694e+05 |
|   5.500000e-01 |  -1.463578e+04 |  -5.500000e-05 |  -1.011416e+06 |
|   6.000000e-01 |  -1.596631e+04 |  -6.000000e-05 |  -1.103363e+06 |
|   6.500000e-01 |  -1.729683e+04 |  -6.500000e-05 |  -1.195310e+06 |
|   7.000000e-01 |  -1.862736e+04 |  -7.000000e-05 |  -1.287257e+06 |
|   7.500000e-01 |  -1.995788e+04 |  -7.500000e-05 |  -1.379204e+06 |
|   8.000000e-01 |  -2.128841e+04 |  -8.000000e-05 |  -1.471151e+06 |
|   8.500000e-01 |  -2.261893e+04 |  -8.500000e-05 |  -1.563098e+06 |
|   9.000000e-01 |  -2.394946e+04 |  -9.000000e-05 |  -1.655045e+06 |
|   9.500000e-01 |  -2.527998e+04 |  -9.500000e-05 |  -1.746992e+06 |
+----------------+----------------+----------------+----------------+


Time Step 20, time = 1, dt = 0.05
 0 Nonlinear |R| = [32m6.115154e+04[39m
      0 Linear |R| = [32m6.115154e+04[39m
      1 Linear |R| = [32m2.837920e+03[39m
      2 Linear |R| = [32m1.003263e+03[39m
      3 Linear |R| = [32m2.974719e+02[39m
      4 Linear |R| = [32m1.096946e+02[39m
      5 Linear |R| = [32m3.192778e+01[39m
      6 Linear |R| = [32m1.075966e+01[39m
      7 Linear |R| = [32m3.455169e+00[39m
      8 Linear |R| = [32m1.171840e+00[39m
      9 Linear |R| = [32m3.951397e-01[39m
 1 Nonlinear |R| = [32m3.951398e-01[39m
      0 Linear |R| = [32m3.951398e-01[39m
      1 Linear |R| = [32m1.612159e-01[39m
      2 Linear |R| = [32m5.600974e-02[39m
      3 Linear |R| = [32m1.564887e-02[39m
      4 Linear |R| = [32m5.120891e-03[39m
      5 Linear |R| = [32m1.690451e-03[39m
      6 Linear |R| = [32m6.005380e-04[39m
      7 Linear |R| = [32m1.828385e-04[39m
      8 Linear |R| = [32m5.576315e-05[39m
      9 Linear |R| = [32m2.223713e-05[39m
     10 Linear |R| = [32m9.757470e-06[39m
     11 Linear |R| = [32m3.655093e-06[39m
 2 Nonlinear |R| = [32m3.655091e-06[39m
[32m Solve Converged![39m

Postprocessor Values:
+----------------+----------------+----------------+----------------+
| time           | center_sigma_x | top_disp       | top_reaction_y |
+----------------+----------------+----------------+----------------+
:                :                :                :                :
|   3.000000e-01 |  -7.983153e+03 |  -3.000000e-05 |  -5.516816e+05 |
|   3.500000e-01 |  -9.313679e+03 |  -3.500000e-05 |  -6.436286e+05 |
|   4.000000e-01 |  -1.064420e+04 |  -4.000000e-05 |  -7.355755e+05 |
|   4.500000e-01 |  -1.197473e+04 |  -4.500000e-05 |  -8.275225e+05 |
|   5.000000e-01 |  -1.330526e+04 |  -5.000000e-05 |  -9.194694e+05 |
|   5.500000e-01 |  -1.463578e+04 |  -5.500000e-05 |  -1.011416e+06 |
|   6.000000e-01 |  -1.596631e+04 |  -6.000000e-05 |  -1.103363e+06 |
|   6.500000e-01 |  -1.729683e+04 |  -6.500000e-05 |  -1.195310e+06 |
|   7.000000e-01 |  -1.862736e+04 |  -7.000000e-05 |  -1.287257e+06 |
|   7.500000e-01 |  -1.995788e+04 |  -7.500000e-05 |  -1.379204e+06 |
|   8.000000e-01 |  -2.128841e+04 |  -8.000000e-05 |  -1.471151e+06 |
|   8.500000e-01 |  -2.261893e+04 |  -8.500000e-05 |  -1.563098e+06 |
|   9.000000e-01 |  -2.394946e+04 |  -9.000000e-05 |  -1.655045e+06 |
|   9.500000e-01 |  -2.527998e+04 |  -9.500000e-05 |  -1.746992e+06 |
|   1.000000e+00 |  -2.661051e+04 |  -1.000000e-04 |  -1.838939e+06 |
+----------------+----------------+----------------+----------------+

Finished Executing                                                                       [[33m 19.53 s[39m] [[33m  171 MB[39m]
