
[33m
*** Deprecation Warning ***
/home/kevin/gt/demo/polecats/chrome/demo/inputs/aac_material_tests/aac_splitting_tension_prism.i:46.3: The 'Kernels/TensorMechanics' syntax is deprecated. Please use 'Physics/SolidMechanics/QuasiStatic' instead.[39m
Stack frames: 14
0: libMesh::print_trace(std::ostream&)
1: void moose::internal::mooseDeprecatedStream<libMesh::BasicOStreamProxy<char, std::char_traits<char> >, std::__cxx11::basic_string<char, std::char_traits<char>, std::allocator<char> > >(libMesh::BasicOStreamProxy<char, std::char_traits<char> >&, bool, bool, bool, std::__cxx11::basic_string<char, std::char_traits<char>, std::allocator<char> >&&)
2: Moose::Builder::walkRaw(std::__cxx11::basic_string<char, std::char_traits<char>, std::allocator<char> >, std::__cxx11::basic_string<char, std::char_traits<char>, std::allocator<char> >, hit::Node*)
3: Moose::Builder::walk(std::__cxx11::basic_string<char, std::char_traits<char>, std::allocator<char> > const&, std::__cxx11::basic_string<char, std::char_traits<char>, std::allocator<char> > const&, hit::Node*)
4: hit::Node::walk(hit::Walker*, hit::NodeType, hit::TraversalOrder)
5: hit::Node::walk(hit::Walker*, hit::NodeType, hit::TraversalOrder)
6: hit::Node::walk(hit::Walker*, hit::NodeType, hit::TraversalOrder)
7: Moose::Builder::build()
8: MooseApp::setupOptions()
9: MooseApp::run()
10: /home/kevin/gt/demo/mayor/rig/build/moose/modules/solid_mechanics/solid_mechanics-opt(+0x50f2) [0x55fa3875c0f2]
11: /lib/libc.so.6(+0x27741) [0x7fef64227741]
12: __libc_start_main
13: /home/kevin/gt/demo/mayor/rig/build/moose/modules/solid_mechanics/solid_mechanics-opt(+0x5365) [0x55fa3875c365]


[36m
*** Info ***
/home/kevin/gt/demo/polecats/chrome/demo/inputs/aac_material_tests/aac_splitting_tension_prism.i:46.3:
The following occurred in the Action 'TensorMechanics' of type LegacyTensorMechanicsAction.

SolidMechanics Action: selecting 'total small strain' formulation. Use `incremental = true` to select 'incremental small strain' instead.[39m
Framework Information:
MOOSE Version:           git commit dd5a8961 on 2026-05-01
LibMesh Version:         
PETSc Version:           3.24.6
SLEPc Version:           3.24.0
Current Time:            Tue May 19 16:51:11 2026
Executable Timestamp:    Wed May 13 15:08:44 2026

Input File(s):
  /home/kevin/gt/demo/polecats/chrome/demo/inputs/aac_material_tests/aac_splitting_tension_prism.i

Checkpoint:
  Wall Time Interval:      Every 3600 s
  User Checkpoint:         Disabled
  # Checkpoints Kept:      2
  Execute On:              TIMESTEP_END 

Parallelism:
  Num Processors:          1
  Num Threads:             1

Mesh: 
  Parallel Type:           replicated
  Mesh Dimension:          2
  Spatial Dimension:       2
  Nodes:                   4961
  Elems:                   4800
  Num Subdomains:          1

Nonlinear System:
  Num DOFs:                9922
  Num Local DOFs:          9922
  Variables:               { "disp_x" "disp_y" } 
  Finite Element Types:    "LAGRANGE" 
  Approximation Orders:    "FIRST" 

Auxiliary System:
  Num DOFs:                14400
  Num Local DOFs:          14400
  Variables:               { "max_princ" "min_princ" "stress_yy" } 
  Finite Element Types:    "MONOMIAL" 
  Approximation Orders:    "CONSTANT" 

Execution Information:
  Executioner:             Transient
  TimeStepper:             ConstantDT
  TimeIntegrator(s):       ImplicitEuler
  Solver Mode:             Preconditioned JFNK 
  PETSc Preconditioner:    hypre boomeramg 


Time Step 0, time = 0

Postprocessor Values:
+----------------+----------------+----------------+----------------+
| time           | center_sigma_x | top_disp       | top_reaction_y |
+----------------+----------------+----------------+----------------+
|   0.000000e+00 |   0.000000e+00 |   0.000000e+00 |   0.000000e+00 |
+----------------+----------------+----------------+----------------+


Time Step 1, time = 0.05, dt = 0.05
 0 Nonlinear |R| = [32m6.115154e+04[39m
      0 Linear |R| = [32m6.115154e+04[39m
      1 Linear |R| = [32m2.847383e+03[39m
      2 Linear |R| = [32m1.006353e+03[39m
      3 Linear |R| = [32m2.966612e+02[39m
      4 Linear |R| = [32m1.086820e+02[39m
      5 Linear |R| = [32m3.151569e+01[39m
      6 Linear |R| = [32m1.056454e+01[39m
      7 Linear |R| = [32m3.358461e+00[39m
      8 Linear |R| = [32m1.164649e+00[39m
      9 Linear |R| = [32m4.203007e-01[39m
 1 Nonlinear |R| = [32m4.203007e-01[39m
      0 Linear |R| = [32m4.203007e-01[39m
      1 Linear |R| = [32m2.039064e-01[39m
      2 Linear |R| = [32m7.822369e-02[39m
      3 Linear |R| = [32m2.804621e-02[39m
      4 Linear |R| = [32m1.223562e-02[39m
      5 Linear |R| = [32m6.370895e-03[39m
      6 Linear |R| = [32m3.737858e-03[39m
      7 Linear |R| = [32m1.732293e-03[39m
      8 Linear |R| = [32m1.034164e-03[39m
      9 Linear |R| = [32m7.322007e-04[39m
     10 Linear |R| = [32m5.742623e-04[39m
     11 Linear |R| = [32m3.582282e-04[39m
     12 Linear |R| = [32m1.463127e-04[39m
     13 Linear |R| = [32m4.834349e-05[39m
     14 Linear |R| = [32m1.839582e-05[39m
     15 Linear |R| = [32m6.710379e-06[39m
     16 Linear |R| = [32m2.719942e-06[39m
 2 Nonlinear |R| = [32m2.719943e-06[39m
[32m Solve Converged![39m

Postprocessor Values:
+----------------+----------------+----------------+----------------+
| time           | center_sigma_x | top_disp       | top_reaction_y |
+----------------+----------------+----------------+----------------+
|   0.000000e+00 |   0.000000e+00 |   0.000000e+00 |   0.000000e+00 |
|   5.000000e-02 |   1.954184e+01 |  -5.000000e-06 |  -3.047044e+04 |
+----------------+----------------+----------------+----------------+


Time Step 2, time = 0.1, dt = 0.05
 0 Nonlinear |R| = [32m6.115154e+04[39m
      0 Linear |R| = [32m6.115154e+04[39m
      1 Linear |R| = [32m2.847383e+03[39m
      2 Linear |R| = [32m1.006353e+03[39m
      3 Linear |R| = [32m2.966612e+02[39m
      4 Linear |R| = [32m1.086820e+02[39m
      5 Linear |R| = [32m3.151569e+01[39m
      6 Linear |R| = [32m1.056454e+01[39m
      7 Linear |R| = [32m3.358461e+00[39m
      8 Linear |R| = [32m1.164649e+00[39m
      9 Linear |R| = [32m4.203007e-01[39m
 1 Nonlinear |R| = [32m4.203006e-01[39m
      0 Linear |R| = [32m4.203006e-01[39m
      1 Linear |R| = [32m2.039064e-01[39m
      2 Linear |R| = [32m7.822369e-02[39m
      3 Linear |R| = [32m2.804621e-02[39m
      4 Linear |R| = [32m1.223562e-02[39m
      5 Linear |R| = [32m6.370895e-03[39m
      6 Linear |R| = [32m3.737858e-03[39m
      7 Linear |R| = [32m1.732293e-03[39m
      8 Linear |R| = [32m1.034164e-03[39m
      9 Linear |R| = [32m7.322007e-04[39m
     10 Linear |R| = [32m5.742624e-04[39m
     11 Linear |R| = [32m3.582282e-04[39m
     12 Linear |R| = [32m1.463127e-04[39m
     13 Linear |R| = [32m4.834350e-05[39m
     14 Linear |R| = [32m1.839583e-05[39m
     15 Linear |R| = [32m6.710383e-06[39m
     16 Linear |R| = [32m2.719944e-06[39m
 2 Nonlinear |R| = [32m2.719947e-06[39m
[32m Solve Converged![39m

Postprocessor Values:
+----------------+----------------+----------------+----------------+
| time           | center_sigma_x | top_disp       | top_reaction_y |
+----------------+----------------+----------------+----------------+
|   0.000000e+00 |   0.000000e+00 |   0.000000e+00 |   0.000000e+00 |
|   5.000000e-02 |   1.954184e+01 |  -5.000000e-06 |  -3.047044e+04 |
|   1.000000e-01 |   3.908369e+01 |  -1.000000e-05 |  -6.094088e+04 |
+----------------+----------------+----------------+----------------+


Time Step 3, time = 0.15, dt = 0.05
 0 Nonlinear |R| = [32m6.115154e+04[39m
      0 Linear |R| = [32m6.115154e+04[39m
      1 Linear |R| = [32m2.847383e+03[39m
      2 Linear |R| = [32m1.006353e+03[39m
      3 Linear |R| = [32m2.966612e+02[39m
      4 Linear |R| = [32m1.086820e+02[39m
      5 Linear |R| = [32m3.151569e+01[39m
      6 Linear |R| = [32m1.056454e+01[39m
      7 Linear |R| = [32m3.358461e+00[39m
      8 Linear |R| = [32m1.164649e+00[39m
      9 Linear |R| = [32m4.203007e-01[39m
 1 Nonlinear |R| = [32m4.203007e-01[39m
      0 Linear |R| = [32m4.203007e-01[39m
      1 Linear |R| = [32m2.039064e-01[39m
      2 Linear |R| = [32m7.822369e-02[39m
      3 Linear |R| = [32m2.804621e-02[39m
      4 Linear |R| = [32m1.223562e-02[39m
      5 Linear |R| = [32m6.370895e-03[39m
      6 Linear |R| = [32m3.737858e-03[39m
      7 Linear |R| = [32m1.732293e-03[39m
      8 Linear |R| = [32m1.034164e-03[39m
      9 Linear |R| = [32m7.322005e-04[39m
     10 Linear |R| = [32m5.742622e-04[39m
     11 Linear |R| = [32m3.582281e-04[39m
     12 Linear |R| = [32m1.463127e-04[39m
     13 Linear |R| = [32m4.834350e-05[39m
     14 Linear |R| = [32m1.839583e-05[39m
     15 Linear |R| = [32m6.710384e-06[39m
     16 Linear |R| = [32m2.719944e-06[39m
 2 Nonlinear |R| = [32m2.719954e-06[39m
[32m Solve Converged![39m

Postprocessor Values:
+----------------+----------------+----------------+----------------+
| time           | center_sigma_x | top_disp       | top_reaction_y |
+----------------+----------------+----------------+----------------+
|   0.000000e+00 |   0.000000e+00 |   0.000000e+00 |   0.000000e+00 |
|   5.000000e-02 |   1.954184e+01 |  -5.000000e-06 |  -3.047044e+04 |
|   1.000000e-01 |   3.908369e+01 |  -1.000000e-05 |  -6.094088e+04 |
|   1.500000e-01 |   5.862554e+01 |  -1.500000e-05 |  -9.141132e+04 |
+----------------+----------------+----------------+----------------+


Time Step 4, time = 0.2, dt = 0.05
 0 Nonlinear |R| = [32m6.115154e+04[39m
      0 Linear |R| = [32m6.115154e+04[39m
      1 Linear |R| = [32m2.847383e+03[39m
      2 Linear |R| = [32m1.006353e+03[39m
      3 Linear |R| = [32m2.966612e+02[39m
      4 Linear |R| = [32m1.086820e+02[39m
      5 Linear |R| = [32m3.151569e+01[39m
      6 Linear |R| = [32m1.056454e+01[39m
      7 Linear |R| = [32m3.358461e+00[39m
      8 Linear |R| = [32m1.164649e+00[39m
      9 Linear |R| = [32m4.203007e-01[39m
 1 Nonlinear |R| = [32m4.203006e-01[39m
      0 Linear |R| = [32m4.203006e-01[39m
      1 Linear |R| = [32m2.039064e-01[39m
      2 Linear |R| = [32m7.822369e-02[39m
      3 Linear |R| = [32m2.804621e-02[39m
      4 Linear |R| = [32m1.223562e-02[39m
      5 Linear |R| = [32m6.370895e-03[39m
      6 Linear |R| = [32m3.737858e-03[39m
      7 Linear |R| = [32m1.732293e-03[39m
      8 Linear |R| = [32m1.034164e-03[39m
      9 Linear |R| = [32m7.322008e-04[39m
     10 Linear |R| = [32m5.742624e-04[39m
     11 Linear |R| = [32m3.582282e-04[39m
     12 Linear |R| = [32m1.463127e-04[39m
     13 Linear |R| = [32m4.834350e-05[39m
     14 Linear |R| = [32m1.839583e-05[39m
     15 Linear |R| = [32m6.710382e-06[39m
     16 Linear |R| = [32m2.719943e-06[39m
 2 Nonlinear |R| = [32m2.719946e-06[39m
[32m Solve Converged![39m

Postprocessor Values:
+----------------+----------------+----------------+----------------+
| time           | center_sigma_x | top_disp       | top_reaction_y |
+----------------+----------------+----------------+----------------+
|   0.000000e+00 |   0.000000e+00 |   0.000000e+00 |   0.000000e+00 |
|   5.000000e-02 |   1.954184e+01 |  -5.000000e-06 |  -3.047044e+04 |
|   1.000000e-01 |   3.908369e+01 |  -1.000000e-05 |  -6.094088e+04 |
|   1.500000e-01 |   5.862554e+01 |  -1.500000e-05 |  -9.141132e+04 |
|   2.000000e-01 |   7.816738e+01 |  -2.000000e-05 |  -1.218818e+05 |
+----------------+----------------+----------------+----------------+


Time Step 5, time = 0.25, dt = 0.05
 0 Nonlinear |R| = [32m6.115154e+04[39m
      0 Linear |R| = [32m6.115154e+04[39m
      1 Linear |R| = [32m2.847383e+03[39m
      2 Linear |R| = [32m1.006353e+03[39m
      3 Linear |R| = [32m2.966612e+02[39m
      4 Linear |R| = [32m1.086820e+02[39m
      5 Linear |R| = [32m3.151569e+01[39m
      6 Linear |R| = [32m1.056454e+01[39m
      7 Linear |R| = [32m3.358461e+00[39m
      8 Linear |R| = [32m1.164649e+00[39m
      9 Linear |R| = [32m4.203007e-01[39m
 1 Nonlinear |R| = [32m4.203007e-01[39m
      0 Linear |R| = [32m4.203007e-01[39m
      1 Linear |R| = [32m2.039064e-01[39m
      2 Linear |R| = [32m7.822370e-02[39m
      3 Linear |R| = [32m2.804621e-02[39m
      4 Linear |R| = [32m1.223562e-02[39m
      5 Linear |R| = [32m6.370895e-03[39m
      6 Linear |R| = [32m3.737858e-03[39m
      7 Linear |R| = [32m1.732293e-03[39m
      8 Linear |R| = [32m1.034165e-03[39m
      9 Linear |R| = [32m7.322012e-04[39m
     10 Linear |R| = [32m5.742627e-04[39m
     11 Linear |R| = [32m3.582283e-04[39m
     12 Linear |R| = [32m1.463127e-04[39m
     13 Linear |R| = [32m4.834350e-05[39m
     14 Linear |R| = [32m1.839583e-05[39m
     15 Linear |R| = [32m6.710382e-06[39m
     16 Linear |R| = [32m2.719943e-06[39m
 2 Nonlinear |R| = [32m2.719926e-06[39m
[32m Solve Converged![39m

Postprocessor Values:
+----------------+----------------+----------------+----------------+
| time           | center_sigma_x | top_disp       | top_reaction_y |
+----------------+----------------+----------------+----------------+
|   0.000000e+00 |   0.000000e+00 |   0.000000e+00 |   0.000000e+00 |
|   5.000000e-02 |   1.954184e+01 |  -5.000000e-06 |  -3.047044e+04 |
|   1.000000e-01 |   3.908369e+01 |  -1.000000e-05 |  -6.094088e+04 |
|   1.500000e-01 |   5.862554e+01 |  -1.500000e-05 |  -9.141132e+04 |
|   2.000000e-01 |   7.816738e+01 |  -2.000000e-05 |  -1.218818e+05 |
|   2.500000e-01 |   9.770923e+01 |  -2.500000e-05 |  -1.523522e+05 |
+----------------+----------------+----------------+----------------+


Time Step 6, time = 0.3, dt = 0.05
 0 Nonlinear |R| = [32m6.115154e+04[39m
      0 Linear |R| = [32m6.115154e+04[39m
      1 Linear |R| = [32m2.847383e+03[39m
      2 Linear |R| = [32m1.006353e+03[39m
      3 Linear |R| = [32m2.966612e+02[39m
      4 Linear |R| = [32m1.086820e+02[39m
      5 Linear |R| = [32m3.151569e+01[39m
      6 Linear |R| = [32m1.056454e+01[39m
      7 Linear |R| = [32m3.358461e+00[39m
      8 Linear |R| = [32m1.164649e+00[39m
      9 Linear |R| = [32m4.203007e-01[39m
 1 Nonlinear |R| = [32m4.203007e-01[39m
      0 Linear |R| = [32m4.203007e-01[39m
      1 Linear |R| = [32m2.039064e-01[39m
      2 Linear |R| = [32m7.822369e-02[39m
      3 Linear |R| = [32m2.804621e-02[39m
      4 Linear |R| = [32m1.223562e-02[39m
      5 Linear |R| = [32m6.370895e-03[39m
      6 Linear |R| = [32m3.737858e-03[39m
      7 Linear |R| = [32m1.732293e-03[39m
      8 Linear |R| = [32m1.034164e-03[39m
      9 Linear |R| = [32m7.322010e-04[39m
     10 Linear |R| = [32m5.742625e-04[39m
     11 Linear |R| = [32m3.582282e-04[39m
     12 Linear |R| = [32m1.463127e-04[39m
     13 Linear |R| = [32m4.834349e-05[39m
     14 Linear |R| = [32m1.839582e-05[39m
     15 Linear |R| = [32m6.710380e-06[39m
     16 Linear |R| = [32m2.719942e-06[39m
 2 Nonlinear |R| = [32m2.719946e-06[39m
[32m Solve Converged![39m

Postprocessor Values:
+----------------+----------------+----------------+----------------+
| time           | center_sigma_x | top_disp       | top_reaction_y |
+----------------+----------------+----------------+----------------+
|   0.000000e+00 |   0.000000e+00 |   0.000000e+00 |   0.000000e+00 |
|   5.000000e-02 |   1.954184e+01 |  -5.000000e-06 |  -3.047044e+04 |
|   1.000000e-01 |   3.908369e+01 |  -1.000000e-05 |  -6.094088e+04 |
|   1.500000e-01 |   5.862554e+01 |  -1.500000e-05 |  -9.141132e+04 |
|   2.000000e-01 |   7.816738e+01 |  -2.000000e-05 |  -1.218818e+05 |
|   2.500000e-01 |   9.770923e+01 |  -2.500000e-05 |  -1.523522e+05 |
|   3.000000e-01 |   1.172511e+02 |  -3.000000e-05 |  -1.828226e+05 |
+----------------+----------------+----------------+----------------+


Time Step 7, time = 0.35, dt = 0.05
 0 Nonlinear |R| = [32m6.115154e+04[39m
      0 Linear |R| = [32m6.115154e+04[39m
      1 Linear |R| = [32m2.847383e+03[39m
      2 Linear |R| = [32m1.006353e+03[39m
      3 Linear |R| = [32m2.966612e+02[39m
      4 Linear |R| = [32m1.086820e+02[39m
      5 Linear |R| = [32m3.151569e+01[39m
      6 Linear |R| = [32m1.056454e+01[39m
      7 Linear |R| = [32m3.358461e+00[39m
      8 Linear |R| = [32m1.164649e+00[39m
      9 Linear |R| = [32m4.203007e-01[39m
 1 Nonlinear |R| = [32m4.203006e-01[39m
      0 Linear |R| = [32m4.203006e-01[39m
      1 Linear |R| = [32m2.039064e-01[39m
      2 Linear |R| = [32m7.822368e-02[39m
      3 Linear |R| = [32m2.804620e-02[39m
      4 Linear |R| = [32m1.223561e-02[39m
      5 Linear |R| = [32m6.370894e-03[39m
      6 Linear |R| = [32m3.737858e-03[39m
      7 Linear |R| = [32m1.732293e-03[39m
      8 Linear |R| = [32m1.034164e-03[39m
      9 Linear |R| = [32m7.322006e-04[39m
     10 Linear |R| = [32m5.742623e-04[39m
     11 Linear |R| = [32m3.582281e-04[39m
     12 Linear |R| = [32m1.463127e-04[39m
     13 Linear |R| = [32m4.834350e-05[39m
     14 Linear |R| = [32m1.839583e-05[39m
     15 Linear |R| = [32m6.710383e-06[39m
     16 Linear |R| = [32m2.719943e-06[39m
 2 Nonlinear |R| = [32m2.719935e-06[39m
[32m Solve Converged![39m

Postprocessor Values:
+----------------+----------------+----------------+----------------+
| time           | center_sigma_x | top_disp       | top_reaction_y |
+----------------+----------------+----------------+----------------+
|   0.000000e+00 |   0.000000e+00 |   0.000000e+00 |   0.000000e+00 |
|   5.000000e-02 |   1.954184e+01 |  -5.000000e-06 |  -3.047044e+04 |
|   1.000000e-01 |   3.908369e+01 |  -1.000000e-05 |  -6.094088e+04 |
|   1.500000e-01 |   5.862554e+01 |  -1.500000e-05 |  -9.141132e+04 |
|   2.000000e-01 |   7.816738e+01 |  -2.000000e-05 |  -1.218818e+05 |
|   2.500000e-01 |   9.770923e+01 |  -2.500000e-05 |  -1.523522e+05 |
|   3.000000e-01 |   1.172511e+02 |  -3.000000e-05 |  -1.828226e+05 |
|   3.500000e-01 |   1.367929e+02 |  -3.500000e-05 |  -2.132931e+05 |
+----------------+----------------+----------------+----------------+


Time Step 8, time = 0.4, dt = 0.05
 0 Nonlinear |R| = [32m6.115154e+04[39m
      0 Linear |R| = [32m6.115154e+04[39m
      1 Linear |R| = [32m2.847383e+03[39m
      2 Linear |R| = [32m1.006353e+03[39m
      3 Linear |R| = [32m2.966612e+02[39m
      4 Linear |R| = [32m1.086820e+02[39m
      5 Linear |R| = [32m3.151569e+01[39m
      6 Linear |R| = [32m1.056454e+01[39m
      7 Linear |R| = [32m3.358461e+00[39m
      8 Linear |R| = [32m1.164649e+00[39m
      9 Linear |R| = [32m4.203007e-01[39m
 1 Nonlinear |R| = [32m4.203007e-01[39m
      0 Linear |R| = [32m4.203007e-01[39m
      1 Linear |R| = [32m2.039064e-01[39m
      2 Linear |R| = [32m7.822368e-02[39m
      3 Linear |R| = [32m2.804621e-02[39m
      4 Linear |R| = [32m1.223562e-02[39m
      5 Linear |R| = [32m6.370895e-03[39m
      6 Linear |R| = [32m3.737858e-03[39m
      7 Linear |R| = [32m1.732293e-03[39m
      8 Linear |R| = [32m1.034164e-03[39m
      9 Linear |R| = [32m7.322007e-04[39m
     10 Linear |R| = [32m5.742623e-04[39m
     11 Linear |R| = [32m3.582281e-04[39m
     12 Linear |R| = [32m1.463127e-04[39m
     13 Linear |R| = [32m4.834351e-05[39m
     14 Linear |R| = [32m1.839583e-05[39m
     15 Linear |R| = [32m6.710382e-06[39m
     16 Linear |R| = [32m2.719943e-06[39m
 2 Nonlinear |R| = [32m2.719954e-06[39m
[32m Solve Converged![39m

Postprocessor Values:
+----------------+----------------+----------------+----------------+
| time           | center_sigma_x | top_disp       | top_reaction_y |
+----------------+----------------+----------------+----------------+
|   0.000000e+00 |   0.000000e+00 |   0.000000e+00 |   0.000000e+00 |
|   5.000000e-02 |   1.954184e+01 |  -5.000000e-06 |  -3.047044e+04 |
|   1.000000e-01 |   3.908369e+01 |  -1.000000e-05 |  -6.094088e+04 |
|   1.500000e-01 |   5.862554e+01 |  -1.500000e-05 |  -9.141132e+04 |
|   2.000000e-01 |   7.816738e+01 |  -2.000000e-05 |  -1.218818e+05 |
|   2.500000e-01 |   9.770923e+01 |  -2.500000e-05 |  -1.523522e+05 |
|   3.000000e-01 |   1.172511e+02 |  -3.000000e-05 |  -1.828226e+05 |
|   3.500000e-01 |   1.367929e+02 |  -3.500000e-05 |  -2.132931e+05 |
|   4.000000e-01 |   1.563348e+02 |  -4.000000e-05 |  -2.437635e+05 |
+----------------+----------------+----------------+----------------+


Time Step 9, time = 0.45, dt = 0.05
 0 Nonlinear |R| = [32m6.115154e+04[39m
      0 Linear |R| = [32m6.115154e+04[39m
      1 Linear |R| = [32m2.847383e+03[39m
      2 Linear |R| = [32m1.006353e+03[39m
      3 Linear |R| = [32m2.966612e+02[39m
      4 Linear |R| = [32m1.086820e+02[39m
      5 Linear |R| = [32m3.151569e+01[39m
      6 Linear |R| = [32m1.056454e+01[39m
      7 Linear |R| = [32m3.358461e+00[39m
      8 Linear |R| = [32m1.164649e+00[39m
      9 Linear |R| = [32m4.203007e-01[39m
 1 Nonlinear |R| = [32m4.203007e-01[39m
      0 Linear |R| = [32m4.203007e-01[39m
      1 Linear |R| = [32m2.039064e-01[39m
      2 Linear |R| = [32m7.822370e-02[39m
      3 Linear |R| = [32m2.804620e-02[39m
      4 Linear |R| = [32m1.223561e-02[39m
      5 Linear |R| = [32m6.370896e-03[39m
      6 Linear |R| = [32m3.737858e-03[39m
      7 Linear |R| = [32m1.732293e-03[39m
      8 Linear |R| = [32m1.034165e-03[39m
      9 Linear |R| = [32m7.322012e-04[39m
     10 Linear |R| = [32m5.742626e-04[39m
     11 Linear |R| = [32m3.582283e-04[39m
     12 Linear |R| = [32m1.463127e-04[39m
     13 Linear |R| = [32m4.834349e-05[39m
     14 Linear |R| = [32m1.839583e-05[39m
     15 Linear |R| = [32m6.710383e-06[39m
     16 Linear |R| = [32m2.719943e-06[39m
 2 Nonlinear |R| = [32m2.719920e-06[39m
[32m Solve Converged![39m

Postprocessor Values:
+----------------+----------------+----------------+----------------+
| time           | center_sigma_x | top_disp       | top_reaction_y |
+----------------+----------------+----------------+----------------+
|   0.000000e+00 |   0.000000e+00 |   0.000000e+00 |   0.000000e+00 |
|   5.000000e-02 |   1.954184e+01 |  -5.000000e-06 |  -3.047044e+04 |
|   1.000000e-01 |   3.908369e+01 |  -1.000000e-05 |  -6.094088e+04 |
|   1.500000e-01 |   5.862554e+01 |  -1.500000e-05 |  -9.141132e+04 |
|   2.000000e-01 |   7.816738e+01 |  -2.000000e-05 |  -1.218818e+05 |
|   2.500000e-01 |   9.770923e+01 |  -2.500000e-05 |  -1.523522e+05 |
|   3.000000e-01 |   1.172511e+02 |  -3.000000e-05 |  -1.828226e+05 |
|   3.500000e-01 |   1.367929e+02 |  -3.500000e-05 |  -2.132931e+05 |
|   4.000000e-01 |   1.563348e+02 |  -4.000000e-05 |  -2.437635e+05 |
|   4.500000e-01 |   1.758766e+02 |  -4.500000e-05 |  -2.742340e+05 |
+----------------+----------------+----------------+----------------+


Time Step 10, time = 0.5, dt = 0.05
 0 Nonlinear |R| = [32m6.115154e+04[39m
      0 Linear |R| = [32m6.115154e+04[39m
      1 Linear |R| = [32m2.847383e+03[39m
      2 Linear |R| = [32m1.006353e+03[39m
      3 Linear |R| = [32m2.966612e+02[39m
      4 Linear |R| = [32m1.086820e+02[39m
      5 Linear |R| = [32m3.151569e+01[39m
      6 Linear |R| = [32m1.056454e+01[39m
      7 Linear |R| = [32m3.358461e+00[39m
      8 Linear |R| = [32m1.164649e+00[39m
      9 Linear |R| = [32m4.203007e-01[39m
 1 Nonlinear |R| = [32m4.203007e-01[39m
      0 Linear |R| = [32m4.203007e-01[39m
      1 Linear |R| = [32m2.039064e-01[39m
      2 Linear |R| = [32m7.822368e-02[39m
      3 Linear |R| = [32m2.804621e-02[39m
      4 Linear |R| = [32m1.223562e-02[39m
      5 Linear |R| = [32m6.370895e-03[39m
      6 Linear |R| = [32m3.737857e-03[39m
      7 Linear |R| = [32m1.732292e-03[39m
      8 Linear |R| = [32m1.034164e-03[39m
      9 Linear |R| = [32m7.322001e-04[39m
     10 Linear |R| = [32m5.742619e-04[39m
     11 Linear |R| = [32m3.582280e-04[39m
     12 Linear |R| = [32m1.463126e-04[39m
     13 Linear |R| = [32m4.834350e-05[39m
     14 Linear |R| = [32m1.839583e-05[39m
     15 Linear |R| = [32m6.710381e-06[39m
     16 Linear |R| = [32m2.719942e-06[39m
 2 Nonlinear |R| = [32m2.719948e-06[39m
[32m Solve Converged![39m

Postprocessor Values:
+----------------+----------------+----------------+----------------+
| time           | center_sigma_x | top_disp       | top_reaction_y |
+----------------+----------------+----------------+----------------+
|   0.000000e+00 |   0.000000e+00 |   0.000000e+00 |   0.000000e+00 |
|   5.000000e-02 |   1.954184e+01 |  -5.000000e-06 |  -3.047044e+04 |
|   1.000000e-01 |   3.908369e+01 |  -1.000000e-05 |  -6.094088e+04 |
|   1.500000e-01 |   5.862554e+01 |  -1.500000e-05 |  -9.141132e+04 |
|   2.000000e-01 |   7.816738e+01 |  -2.000000e-05 |  -1.218818e+05 |
|   2.500000e-01 |   9.770923e+01 |  -2.500000e-05 |  -1.523522e+05 |
|   3.000000e-01 |   1.172511e+02 |  -3.000000e-05 |  -1.828226e+05 |
|   3.500000e-01 |   1.367929e+02 |  -3.500000e-05 |  -2.132931e+05 |
|   4.000000e-01 |   1.563348e+02 |  -4.000000e-05 |  -2.437635e+05 |
|   4.500000e-01 |   1.758766e+02 |  -4.500000e-05 |  -2.742340e+05 |
|   5.000000e-01 |   1.954185e+02 |  -5.000000e-05 |  -3.047044e+05 |
+----------------+----------------+----------------+----------------+


Time Step 11, time = 0.55, dt = 0.05
 0 Nonlinear |R| = [32m6.115154e+04[39m
      0 Linear |R| = [32m6.115154e+04[39m
      1 Linear |R| = [32m2.847383e+03[39m
      2 Linear |R| = [32m1.006353e+03[39m
      3 Linear |R| = [32m2.966612e+02[39m
      4 Linear |R| = [32m1.086820e+02[39m
      5 Linear |R| = [32m3.151569e+01[39m
      6 Linear |R| = [32m1.056454e+01[39m
      7 Linear |R| = [32m3.358461e+00[39m
      8 Linear |R| = [32m1.164649e+00[39m
      9 Linear |R| = [32m4.203007e-01[39m
 1 Nonlinear |R| = [32m4.203006e-01[39m
      0 Linear |R| = [32m4.203006e-01[39m
      1 Linear |R| = [32m2.039064e-01[39m
      2 Linear |R| = [32m7.822370e-02[39m
      3 Linear |R| = [32m2.804621e-02[39m
      4 Linear |R| = [32m1.223562e-02[39m
      5 Linear |R| = [32m6.370896e-03[39m
      6 Linear |R| = [32m3.737858e-03[39m
      7 Linear |R| = [32m1.732293e-03[39m
      8 Linear |R| = [32m1.034165e-03[39m
      9 Linear |R| = [32m7.322011e-04[39m
     10 Linear |R| = [32m5.742626e-04[39m
     11 Linear |R| = [32m3.582282e-04[39m
     12 Linear |R| = [32m1.463127e-04[39m
     13 Linear |R| = [32m4.834350e-05[39m
     14 Linear |R| = [32m1.839582e-05[39m
     15 Linear |R| = [32m6.710380e-06[39m
     16 Linear |R| = [32m2.719943e-06[39m
 2 Nonlinear |R| = [32m2.719975e-06[39m
[32m Solve Converged![39m

Postprocessor Values:
+----------------+----------------+----------------+----------------+
| time           | center_sigma_x | top_disp       | top_reaction_y |
+----------------+----------------+----------------+----------------+
|   0.000000e+00 |   0.000000e+00 |   0.000000e+00 |   0.000000e+00 |
|   5.000000e-02 |   1.954184e+01 |  -5.000000e-06 |  -3.047044e+04 |
|   1.000000e-01 |   3.908369e+01 |  -1.000000e-05 |  -6.094088e+04 |
|   1.500000e-01 |   5.862554e+01 |  -1.500000e-05 |  -9.141132e+04 |
|   2.000000e-01 |   7.816738e+01 |  -2.000000e-05 |  -1.218818e+05 |
|   2.500000e-01 |   9.770923e+01 |  -2.500000e-05 |  -1.523522e+05 |
|   3.000000e-01 |   1.172511e+02 |  -3.000000e-05 |  -1.828226e+05 |
|   3.500000e-01 |   1.367929e+02 |  -3.500000e-05 |  -2.132931e+05 |
|   4.000000e-01 |   1.563348e+02 |  -4.000000e-05 |  -2.437635e+05 |
|   4.500000e-01 |   1.758766e+02 |  -4.500000e-05 |  -2.742340e+05 |
|   5.000000e-01 |   1.954185e+02 |  -5.000000e-05 |  -3.047044e+05 |
|   5.500000e-01 |   2.149603e+02 |  -5.500000e-05 |  -3.351748e+05 |
+----------------+----------------+----------------+----------------+


Time Step 12, time = 0.6, dt = 0.05
 0 Nonlinear |R| = [32m6.115154e+04[39m
      0 Linear |R| = [32m6.115154e+04[39m
      1 Linear |R| = [32m2.847383e+03[39m
      2 Linear |R| = [32m1.006353e+03[39m
      3 Linear |R| = [32m2.966612e+02[39m
      4 Linear |R| = [32m1.086820e+02[39m
      5 Linear |R| = [32m3.151569e+01[39m
      6 Linear |R| = [32m1.056454e+01[39m
      7 Linear |R| = [32m3.358461e+00[39m
      8 Linear |R| = [32m1.164649e+00[39m
      9 Linear |R| = [32m4.203007e-01[39m
 1 Nonlinear |R| = [32m4.203005e-01[39m
      0 Linear |R| = [32m4.203005e-01[39m
      1 Linear |R| = [32m2.039064e-01[39m
      2 Linear |R| = [32m7.822369e-02[39m
      3 Linear |R| = [32m2.804620e-02[39m
      4 Linear |R| = [32m1.223562e-02[39m
      5 Linear |R| = [32m6.370895e-03[39m
      6 Linear |R| = [32m3.737857e-03[39m
      7 Linear |R| = [32m1.732292e-03[39m
      8 Linear |R| = [32m1.034163e-03[39m
      9 Linear |R| = [32m7.321996e-04[39m
     10 Linear |R| = [32m5.742616e-04[39m
     11 Linear |R| = [32m3.582279e-04[39m
     12 Linear |R| = [32m1.463126e-04[39m
     13 Linear |R| = [32m4.834351e-05[39m
     14 Linear |R| = [32m1.839583e-05[39m
     15 Linear |R| = [32m6.710385e-06[39m
     16 Linear |R| = [32m2.719944e-06[39m
 2 Nonlinear |R| = [32m2.719934e-06[39m
[32m Solve Converged![39m

Postprocessor Values:
+----------------+----------------+----------------+----------------+
| time           | center_sigma_x | top_disp       | top_reaction_y |
+----------------+----------------+----------------+----------------+
|   0.000000e+00 |   0.000000e+00 |   0.000000e+00 |   0.000000e+00 |
|   5.000000e-02 |   1.954184e+01 |  -5.000000e-06 |  -3.047044e+04 |
|   1.000000e-01 |   3.908369e+01 |  -1.000000e-05 |  -6.094088e+04 |
|   1.500000e-01 |   5.862554e+01 |  -1.500000e-05 |  -9.141132e+04 |
|   2.000000e-01 |   7.816738e+01 |  -2.000000e-05 |  -1.218818e+05 |
|   2.500000e-01 |   9.770923e+01 |  -2.500000e-05 |  -1.523522e+05 |
|   3.000000e-01 |   1.172511e+02 |  -3.000000e-05 |  -1.828226e+05 |
|   3.500000e-01 |   1.367929e+02 |  -3.500000e-05 |  -2.132931e+05 |
|   4.000000e-01 |   1.563348e+02 |  -4.000000e-05 |  -2.437635e+05 |
|   4.500000e-01 |   1.758766e+02 |  -4.500000e-05 |  -2.742340e+05 |
|   5.000000e-01 |   1.954185e+02 |  -5.000000e-05 |  -3.047044e+05 |
|   5.500000e-01 |   2.149603e+02 |  -5.500000e-05 |  -3.351748e+05 |
|   6.000000e-01 |   2.345022e+02 |  -6.000000e-05 |  -3.656453e+05 |
+----------------+----------------+----------------+----------------+


Time Step 13, time = 0.65, dt = 0.05
 0 Nonlinear |R| = [32m6.115154e+04[39m
      0 Linear |R| = [32m6.115154e+04[39m
      1 Linear |R| = [32m2.847383e+03[39m
      2 Linear |R| = [32m1.006353e+03[39m
      3 Linear |R| = [32m2.966612e+02[39m
      4 Linear |R| = [32m1.086820e+02[39m
      5 Linear |R| = [32m3.151569e+01[39m
      6 Linear |R| = [32m1.056454e+01[39m
      7 Linear |R| = [32m3.358461e+00[39m
      8 Linear |R| = [32m1.164649e+00[39m
      9 Linear |R| = [32m4.203007e-01[39m
 1 Nonlinear |R| = [32m4.203007e-01[39m
      0 Linear |R| = [32m4.203007e-01[39m
      1 Linear |R| = [32m2.039064e-01[39m
      2 Linear |R| = [32m7.822370e-02[39m
      3 Linear |R| = [32m2.804621e-02[39m
      4 Linear |R| = [32m1.223562e-02[39m
      5 Linear |R| = [32m6.370897e-03[39m
      6 Linear |R| = [32m3.737858e-03[39m
      7 Linear |R| = [32m1.732293e-03[39m
      8 Linear |R| = [32m1.034164e-03[39m
      9 Linear |R| = [32m7.322003e-04[39m
     10 Linear |R| = [32m5.742620e-04[39m
     11 Linear |R| = [32m3.582282e-04[39m
     12 Linear |R| = [32m1.463127e-04[39m
     13 Linear |R| = [32m4.834351e-05[39m
     14 Linear |R| = [32m1.839582e-05[39m
     15 Linear |R| = [32m6.710385e-06[39m
     16 Linear |R| = [32m2.719943e-06[39m
 2 Nonlinear |R| = [32m2.719973e-06[39m
[32m Solve Converged![39m

Postprocessor Values:
+----------------+----------------+----------------+----------------+
| time           | center_sigma_x | top_disp       | top_reaction_y |
+----------------+----------------+----------------+----------------+
|   0.000000e+00 |   0.000000e+00 |   0.000000e+00 |   0.000000e+00 |
|   5.000000e-02 |   1.954184e+01 |  -5.000000e-06 |  -3.047044e+04 |
|   1.000000e-01 |   3.908369e+01 |  -1.000000e-05 |  -6.094088e+04 |
|   1.500000e-01 |   5.862554e+01 |  -1.500000e-05 |  -9.141132e+04 |
|   2.000000e-01 |   7.816738e+01 |  -2.000000e-05 |  -1.218818e+05 |
|   2.500000e-01 |   9.770923e+01 |  -2.500000e-05 |  -1.523522e+05 |
|   3.000000e-01 |   1.172511e+02 |  -3.000000e-05 |  -1.828226e+05 |
|   3.500000e-01 |   1.367929e+02 |  -3.500000e-05 |  -2.132931e+05 |
|   4.000000e-01 |   1.563348e+02 |  -4.000000e-05 |  -2.437635e+05 |
|   4.500000e-01 |   1.758766e+02 |  -4.500000e-05 |  -2.742340e+05 |
|   5.000000e-01 |   1.954185e+02 |  -5.000000e-05 |  -3.047044e+05 |
|   5.500000e-01 |   2.149603e+02 |  -5.500000e-05 |  -3.351748e+05 |
|   6.000000e-01 |   2.345022e+02 |  -6.000000e-05 |  -3.656453e+05 |
|   6.500000e-01 |   2.540440e+02 |  -6.500000e-05 |  -3.961157e+05 |
+----------------+----------------+----------------+----------------+


Time Step 14, time = 0.7, dt = 0.05
 0 Nonlinear |R| = [32m6.115154e+04[39m
      0 Linear |R| = [32m6.115154e+04[39m
      1 Linear |R| = [32m2.847383e+03[39m
      2 Linear |R| = [32m1.006353e+03[39m
      3 Linear |R| = [32m2.966612e+02[39m
      4 Linear |R| = [32m1.086820e+02[39m
      5 Linear |R| = [32m3.151569e+01[39m
      6 Linear |R| = [32m1.056454e+01[39m
      7 Linear |R| = [32m3.358461e+00[39m
      8 Linear |R| = [32m1.164649e+00[39m
      9 Linear |R| = [32m4.203007e-01[39m
 1 Nonlinear |R| = [32m4.203006e-01[39m
      0 Linear |R| = [32m4.203006e-01[39m
      1 Linear |R| = [32m2.039064e-01[39m
      2 Linear |R| = [32m7.822370e-02[39m
      3 Linear |R| = [32m2.804621e-02[39m
      4 Linear |R| = [32m1.223562e-02[39m
      5 Linear |R| = [32m6.370895e-03[39m
      6 Linear |R| = [32m3.737858e-03[39m
      7 Linear |R| = [32m1.732293e-03[39m
      8 Linear |R| = [32m1.034165e-03[39m
      9 Linear |R| = [32m7.322011e-04[39m
     10 Linear |R| = [32m5.742626e-04[39m
     11 Linear |R| = [32m3.582282e-04[39m
     12 Linear |R| = [32m1.463127e-04[39m
     13 Linear |R| = [32m4.834347e-05[39m
     14 Linear |R| = [32m1.839582e-05[39m
     15 Linear |R| = [32m6.710377e-06[39m
     16 Linear |R| = [32m2.719942e-06[39m
 2 Nonlinear |R| = [32m2.719925e-06[39m
[32m Solve Converged![39m

Postprocessor Values:
+----------------+----------------+----------------+----------------+
| time           | center_sigma_x | top_disp       | top_reaction_y |
+----------------+----------------+----------------+----------------+
|   0.000000e+00 |   0.000000e+00 |   0.000000e+00 |   0.000000e+00 |
|   5.000000e-02 |   1.954184e+01 |  -5.000000e-06 |  -3.047044e+04 |
|   1.000000e-01 |   3.908369e+01 |  -1.000000e-05 |  -6.094088e+04 |
|   1.500000e-01 |   5.862554e+01 |  -1.500000e-05 |  -9.141132e+04 |
|   2.000000e-01 |   7.816738e+01 |  -2.000000e-05 |  -1.218818e+05 |
|   2.500000e-01 |   9.770923e+01 |  -2.500000e-05 |  -1.523522e+05 |
|   3.000000e-01 |   1.172511e+02 |  -3.000000e-05 |  -1.828226e+05 |
|   3.500000e-01 |   1.367929e+02 |  -3.500000e-05 |  -2.132931e+05 |
|   4.000000e-01 |   1.563348e+02 |  -4.000000e-05 |  -2.437635e+05 |
|   4.500000e-01 |   1.758766e+02 |  -4.500000e-05 |  -2.742340e+05 |
|   5.000000e-01 |   1.954185e+02 |  -5.000000e-05 |  -3.047044e+05 |
|   5.500000e-01 |   2.149603e+02 |  -5.500000e-05 |  -3.351748e+05 |
|   6.000000e-01 |   2.345022e+02 |  -6.000000e-05 |  -3.656453e+05 |
|   6.500000e-01 |   2.540440e+02 |  -6.500000e-05 |  -3.961157e+05 |
|   7.000000e-01 |   2.735859e+02 |  -7.000000e-05 |  -4.265862e+05 |
+----------------+----------------+----------------+----------------+


Time Step 15, time = 0.75, dt = 0.05
 0 Nonlinear |R| = [32m6.115154e+04[39m
      0 Linear |R| = [32m6.115154e+04[39m
      1 Linear |R| = [32m2.847383e+03[39m
      2 Linear |R| = [32m1.006353e+03[39m
      3 Linear |R| = [32m2.966612e+02[39m
      4 Linear |R| = [32m1.086820e+02[39m
      5 Linear |R| = [32m3.151569e+01[39m
      6 Linear |R| = [32m1.056454e+01[39m
      7 Linear |R| = [32m3.358461e+00[39m
      8 Linear |R| = [32m1.164649e+00[39m
      9 Linear |R| = [32m4.203007e-01[39m
 1 Nonlinear |R| = [32m4.203007e-01[39m
      0 Linear |R| = [32m4.203007e-01[39m
      1 Linear |R| = [32m2.039064e-01[39m
      2 Linear |R| = [32m7.822372e-02[39m
      3 Linear |R| = [32m2.804622e-02[39m
      4 Linear |R| = [32m1.223562e-02[39m
      5 Linear |R| = [32m6.370898e-03[39m
      6 Linear |R| = [32m3.737858e-03[39m
      7 Linear |R| = [32m1.732293e-03[39m
      8 Linear |R| = [32m1.034164e-03[39m
      9 Linear |R| = [32m7.322001e-04[39m
     10 Linear |R| = [32m5.742620e-04[39m
     11 Linear |R| = [32m3.582280e-04[39m
     12 Linear |R| = [32m1.463127e-04[39m
     13 Linear |R| = [32m4.834350e-05[39m
     14 Linear |R| = [32m1.839585e-05[39m
     15 Linear |R| = [32m6.710387e-06[39m
     16 Linear |R| = [32m2.719946e-06[39m
 2 Nonlinear |R| = [32m2.719953e-06[39m
[32m Solve Converged![39m

Postprocessor Values:
+----------------+----------------+----------------+----------------+
| time           | center_sigma_x | top_disp       | top_reaction_y |
+----------------+----------------+----------------+----------------+
:                :                :                :                :
|   5.000000e-02 |   1.954184e+01 |  -5.000000e-06 |  -3.047044e+04 |
|   1.000000e-01 |   3.908369e+01 |  -1.000000e-05 |  -6.094088e+04 |
|   1.500000e-01 |   5.862554e+01 |  -1.500000e-05 |  -9.141132e+04 |
|   2.000000e-01 |   7.816738e+01 |  -2.000000e-05 |  -1.218818e+05 |
|   2.500000e-01 |   9.770923e+01 |  -2.500000e-05 |  -1.523522e+05 |
|   3.000000e-01 |   1.172511e+02 |  -3.000000e-05 |  -1.828226e+05 |
|   3.500000e-01 |   1.367929e+02 |  -3.500000e-05 |  -2.132931e+05 |
|   4.000000e-01 |   1.563348e+02 |  -4.000000e-05 |  -2.437635e+05 |
|   4.500000e-01 |   1.758766e+02 |  -4.500000e-05 |  -2.742340e+05 |
|   5.000000e-01 |   1.954185e+02 |  -5.000000e-05 |  -3.047044e+05 |
|   5.500000e-01 |   2.149603e+02 |  -5.500000e-05 |  -3.351748e+05 |
|   6.000000e-01 |   2.345022e+02 |  -6.000000e-05 |  -3.656453e+05 |
|   6.500000e-01 |   2.540440e+02 |  -6.500000e-05 |  -3.961157e+05 |
|   7.000000e-01 |   2.735859e+02 |  -7.000000e-05 |  -4.265862e+05 |
|   7.500000e-01 |   2.931277e+02 |  -7.500000e-05 |  -4.570566e+05 |
+----------------+----------------+----------------+----------------+


Time Step 16, time = 0.8, dt = 0.05
 0 Nonlinear |R| = [32m6.115154e+04[39m
      0 Linear |R| = [32m6.115154e+04[39m
      1 Linear |R| = [32m2.847383e+03[39m
      2 Linear |R| = [32m1.006353e+03[39m
      3 Linear |R| = [32m2.966612e+02[39m
      4 Linear |R| = [32m1.086820e+02[39m
      5 Linear |R| = [32m3.151569e+01[39m
      6 Linear |R| = [32m1.056454e+01[39m
      7 Linear |R| = [32m3.358461e+00[39m
      8 Linear |R| = [32m1.164649e+00[39m
      9 Linear |R| = [32m4.203007e-01[39m
 1 Nonlinear |R| = [32m4.203007e-01[39m
      0 Linear |R| = [32m4.203007e-01[39m
      1 Linear |R| = [32m2.039064e-01[39m
      2 Linear |R| = [32m7.822372e-02[39m
      3 Linear |R| = [32m2.804621e-02[39m
      4 Linear |R| = [32m1.223562e-02[39m
      5 Linear |R| = [32m6.370895e-03[39m
      6 Linear |R| = [32m3.737858e-03[39m
      7 Linear |R| = [32m1.732293e-03[39m
      8 Linear |R| = [32m1.034164e-03[39m
      9 Linear |R| = [32m7.322007e-04[39m
     10 Linear |R| = [32m5.742623e-04[39m
     11 Linear |R| = [32m3.582282e-04[39m
     12 Linear |R| = [32m1.463127e-04[39m
     13 Linear |R| = [32m4.834351e-05[39m
     14 Linear |R| = [32m1.839584e-05[39m
     15 Linear |R| = [32m6.710386e-06[39m
     16 Linear |R| = [32m2.719945e-06[39m
 2 Nonlinear |R| = [32m2.719968e-06[39m
[32m Solve Converged![39m

Postprocessor Values:
+----------------+----------------+----------------+----------------+
| time           | center_sigma_x | top_disp       | top_reaction_y |
+----------------+----------------+----------------+----------------+
:                :                :                :                :
|   1.000000e-01 |   3.908369e+01 |  -1.000000e-05 |  -6.094088e+04 |
|   1.500000e-01 |   5.862554e+01 |  -1.500000e-05 |  -9.141132e+04 |
|   2.000000e-01 |   7.816738e+01 |  -2.000000e-05 |  -1.218818e+05 |
|   2.500000e-01 |   9.770923e+01 |  -2.500000e-05 |  -1.523522e+05 |
|   3.000000e-01 |   1.172511e+02 |  -3.000000e-05 |  -1.828226e+05 |
|   3.500000e-01 |   1.367929e+02 |  -3.500000e-05 |  -2.132931e+05 |
|   4.000000e-01 |   1.563348e+02 |  -4.000000e-05 |  -2.437635e+05 |
|   4.500000e-01 |   1.758766e+02 |  -4.500000e-05 |  -2.742340e+05 |
|   5.000000e-01 |   1.954185e+02 |  -5.000000e-05 |  -3.047044e+05 |
|   5.500000e-01 |   2.149603e+02 |  -5.500000e-05 |  -3.351748e+05 |
|   6.000000e-01 |   2.345022e+02 |  -6.000000e-05 |  -3.656453e+05 |
|   6.500000e-01 |   2.540440e+02 |  -6.500000e-05 |  -3.961157e+05 |
|   7.000000e-01 |   2.735859e+02 |  -7.000000e-05 |  -4.265862e+05 |
|   7.500000e-01 |   2.931277e+02 |  -7.500000e-05 |  -4.570566e+05 |
|   8.000000e-01 |   3.126696e+02 |  -8.000000e-05 |  -4.875270e+05 |
+----------------+----------------+----------------+----------------+


Time Step 17, time = 0.85, dt = 0.05
 0 Nonlinear |R| = [32m6.115154e+04[39m
      0 Linear |R| = [32m6.115154e+04[39m
      1 Linear |R| = [32m2.847383e+03[39m
      2 Linear |R| = [32m1.006353e+03[39m
      3 Linear |R| = [32m2.966612e+02[39m
      4 Linear |R| = [32m1.086820e+02[39m
      5 Linear |R| = [32m3.151569e+01[39m
      6 Linear |R| = [32m1.056454e+01[39m
      7 Linear |R| = [32m3.358461e+00[39m
      8 Linear |R| = [32m1.164649e+00[39m
      9 Linear |R| = [32m4.203007e-01[39m
 1 Nonlinear |R| = [32m4.203007e-01[39m
      0 Linear |R| = [32m4.203007e-01[39m
      1 Linear |R| = [32m2.039064e-01[39m
      2 Linear |R| = [32m7.822373e-02[39m
      3 Linear |R| = [32m2.804622e-02[39m
      4 Linear |R| = [32m1.223562e-02[39m
      5 Linear |R| = [32m6.370895e-03[39m
      6 Linear |R| = [32m3.737858e-03[39m
      7 Linear |R| = [32m1.732293e-03[39m
      8 Linear |R| = [32m1.034164e-03[39m
      9 Linear |R| = [32m7.322006e-04[39m
     10 Linear |R| = [32m5.742622e-04[39m
     11 Linear |R| = [32m3.582283e-04[39m
     12 Linear |R| = [32m1.463127e-04[39m
     13 Linear |R| = [32m4.834351e-05[39m
     14 Linear |R| = [32m1.839583e-05[39m
     15 Linear |R| = [32m6.710380e-06[39m
     16 Linear |R| = [32m2.719943e-06[39m
 2 Nonlinear |R| = [32m2.719961e-06[39m
[32m Solve Converged![39m

Postprocessor Values:
+----------------+----------------+----------------+----------------+
| time           | center_sigma_x | top_disp       | top_reaction_y |
+----------------+----------------+----------------+----------------+
:                :                :                :                :
|   1.500000e-01 |   5.862554e+01 |  -1.500000e-05 |  -9.141132e+04 |
|   2.000000e-01 |   7.816738e+01 |  -2.000000e-05 |  -1.218818e+05 |
|   2.500000e-01 |   9.770923e+01 |  -2.500000e-05 |  -1.523522e+05 |
|   3.000000e-01 |   1.172511e+02 |  -3.000000e-05 |  -1.828226e+05 |
|   3.500000e-01 |   1.367929e+02 |  -3.500000e-05 |  -2.132931e+05 |
|   4.000000e-01 |   1.563348e+02 |  -4.000000e-05 |  -2.437635e+05 |
|   4.500000e-01 |   1.758766e+02 |  -4.500000e-05 |  -2.742340e+05 |
|   5.000000e-01 |   1.954185e+02 |  -5.000000e-05 |  -3.047044e+05 |
|   5.500000e-01 |   2.149603e+02 |  -5.500000e-05 |  -3.351748e+05 |
|   6.000000e-01 |   2.345022e+02 |  -6.000000e-05 |  -3.656453e+05 |
|   6.500000e-01 |   2.540440e+02 |  -6.500000e-05 |  -3.961157e+05 |
|   7.000000e-01 |   2.735859e+02 |  -7.000000e-05 |  -4.265862e+05 |
|   7.500000e-01 |   2.931277e+02 |  -7.500000e-05 |  -4.570566e+05 |
|   8.000000e-01 |   3.126696e+02 |  -8.000000e-05 |  -4.875270e+05 |
|   8.500000e-01 |   3.322114e+02 |  -8.500000e-05 |  -5.179975e+05 |
+----------------+----------------+----------------+----------------+


Time Step 18, time = 0.9, dt = 0.05
 0 Nonlinear |R| = [32m6.115154e+04[39m
      0 Linear |R| = [32m6.115154e+04[39m
      1 Linear |R| = [32m2.847383e+03[39m
      2 Linear |R| = [32m1.006353e+03[39m
      3 Linear |R| = [32m2.966612e+02[39m
      4 Linear |R| = [32m1.086820e+02[39m
      5 Linear |R| = [32m3.151569e+01[39m
      6 Linear |R| = [32m1.056454e+01[39m
      7 Linear |R| = [32m3.358461e+00[39m
      8 Linear |R| = [32m1.164649e+00[39m
      9 Linear |R| = [32m4.203007e-01[39m
 1 Nonlinear |R| = [32m4.203007e-01[39m
      0 Linear |R| = [32m4.203007e-01[39m
      1 Linear |R| = [32m2.039064e-01[39m
      2 Linear |R| = [32m7.822373e-02[39m
      3 Linear |R| = [32m2.804622e-02[39m
      4 Linear |R| = [32m1.223562e-02[39m
      5 Linear |R| = [32m6.370897e-03[39m
      6 Linear |R| = [32m3.737859e-03[39m
      7 Linear |R| = [32m1.732293e-03[39m
      8 Linear |R| = [32m1.034164e-03[39m
      9 Linear |R| = [32m7.322004e-04[39m
     10 Linear |R| = [32m5.742621e-04[39m
     11 Linear |R| = [32m3.582282e-04[39m
     12 Linear |R| = [32m1.463128e-04[39m
     13 Linear |R| = [32m4.834350e-05[39m
     14 Linear |R| = [32m1.839584e-05[39m
     15 Linear |R| = [32m6.710385e-06[39m
     16 Linear |R| = [32m2.719944e-06[39m
 2 Nonlinear |R| = [32m2.719888e-06[39m
[32m Solve Converged![39m

Postprocessor Values:
+----------------+----------------+----------------+----------------+
| time           | center_sigma_x | top_disp       | top_reaction_y |
+----------------+----------------+----------------+----------------+
:                :                :                :                :
|   2.000000e-01 |   7.816738e+01 |  -2.000000e-05 |  -1.218818e+05 |
|   2.500000e-01 |   9.770923e+01 |  -2.500000e-05 |  -1.523522e+05 |
|   3.000000e-01 |   1.172511e+02 |  -3.000000e-05 |  -1.828226e+05 |
|   3.500000e-01 |   1.367929e+02 |  -3.500000e-05 |  -2.132931e+05 |
|   4.000000e-01 |   1.563348e+02 |  -4.000000e-05 |  -2.437635e+05 |
|   4.500000e-01 |   1.758766e+02 |  -4.500000e-05 |  -2.742340e+05 |
|   5.000000e-01 |   1.954185e+02 |  -5.000000e-05 |  -3.047044e+05 |
|   5.500000e-01 |   2.149603e+02 |  -5.500000e-05 |  -3.351748e+05 |
|   6.000000e-01 |   2.345022e+02 |  -6.000000e-05 |  -3.656453e+05 |
|   6.500000e-01 |   2.540440e+02 |  -6.500000e-05 |  -3.961157e+05 |
|   7.000000e-01 |   2.735859e+02 |  -7.000000e-05 |  -4.265862e+05 |
|   7.500000e-01 |   2.931277e+02 |  -7.500000e-05 |  -4.570566e+05 |
|   8.000000e-01 |   3.126696e+02 |  -8.000000e-05 |  -4.875270e+05 |
|   8.500000e-01 |   3.322114e+02 |  -8.500000e-05 |  -5.179975e+05 |
|   9.000000e-01 |   3.517533e+02 |  -9.000000e-05 |  -5.484679e+05 |
+----------------+----------------+----------------+----------------+


Time Step 19, time = 0.95, dt = 0.05
 0 Nonlinear |R| = [32m6.115154e+04[39m
      0 Linear |R| = [32m6.115154e+04[39m
      1 Linear |R| = [32m2.847383e+03[39m
      2 Linear |R| = [32m1.006353e+03[39m
      3 Linear |R| = [32m2.966612e+02[39m
      4 Linear |R| = [32m1.086820e+02[39m
      5 Linear |R| = [32m3.151569e+01[39m
      6 Linear |R| = [32m1.056454e+01[39m
      7 Linear |R| = [32m3.358461e+00[39m
      8 Linear |R| = [32m1.164649e+00[39m
      9 Linear |R| = [32m4.203007e-01[39m
 1 Nonlinear |R| = [32m4.203005e-01[39m
      0 Linear |R| = [32m4.203005e-01[39m
      1 Linear |R| = [32m2.039064e-01[39m
      2 Linear |R| = [32m7.822368e-02[39m
      3 Linear |R| = [32m2.804621e-02[39m
      4 Linear |R| = [32m1.223562e-02[39m
      5 Linear |R| = [32m6.370895e-03[39m
      6 Linear |R| = [32m3.737858e-03[39m
      7 Linear |R| = [32m1.732293e-03[39m
      8 Linear |R| = [32m1.034165e-03[39m
      9 Linear |R| = [32m7.322016e-04[39m
     10 Linear |R| = [32m5.742629e-04[39m
     11 Linear |R| = [32m3.582283e-04[39m
     12 Linear |R| = [32m1.463126e-04[39m
     13 Linear |R| = [32m4.834350e-05[39m
     14 Linear |R| = [32m1.839582e-05[39m
     15 Linear |R| = [32m6.710381e-06[39m
     16 Linear |R| = [32m2.719942e-06[39m
 2 Nonlinear |R| = [32m2.719953e-06[39m
[32m Solve Converged![39m

Postprocessor Values:
+----------------+----------------+----------------+----------------+
| time           | center_sigma_x | top_disp       | top_reaction_y |
+----------------+----------------+----------------+----------------+
:                :                :                :                :
|   2.500000e-01 |   9.770923e+01 |  -2.500000e-05 |  -1.523522e+05 |
|   3.000000e-01 |   1.172511e+02 |  -3.000000e-05 |  -1.828226e+05 |
|   3.500000e-01 |   1.367929e+02 |  -3.500000e-05 |  -2.132931e+05 |
|   4.000000e-01 |   1.563348e+02 |  -4.000000e-05 |  -2.437635e+05 |
|   4.500000e-01 |   1.758766e+02 |  -4.500000e-05 |  -2.742340e+05 |
|   5.000000e-01 |   1.954185e+02 |  -5.000000e-05 |  -3.047044e+05 |
|   5.500000e-01 |   2.149603e+02 |  -5.500000e-05 |  -3.351748e+05 |
|   6.000000e-01 |   2.345022e+02 |  -6.000000e-05 |  -3.656453e+05 |
|   6.500000e-01 |   2.540440e+02 |  -6.500000e-05 |  -3.961157e+05 |
|   7.000000e-01 |   2.735859e+02 |  -7.000000e-05 |  -4.265862e+05 |
|   7.500000e-01 |   2.931277e+02 |  -7.500000e-05 |  -4.570566e+05 |
|   8.000000e-01 |   3.126696e+02 |  -8.000000e-05 |  -4.875270e+05 |
|   8.500000e-01 |   3.322114e+02 |  -8.500000e-05 |  -5.179975e+05 |
|   9.000000e-01 |   3.517533e+02 |  -9.000000e-05 |  -5.484679e+05 |
|   9.500000e-01 |   3.712951e+02 |  -9.500000e-05 |  -5.789383e+05 |
+----------------+----------------+----------------+----------------+


Time Step 20, time = 1, dt = 0.05
 0 Nonlinear |R| = [32m6.115154e+04[39m
      0 Linear |R| = [32m6.115154e+04[39m
      1 Linear |R| = [32m2.847383e+03[39m
      2 Linear |R| = [32m1.006353e+03[39m
      3 Linear |R| = [32m2.966612e+02[39m
      4 Linear |R| = [32m1.086820e+02[39m
      5 Linear |R| = [32m3.151569e+01[39m
      6 Linear |R| = [32m1.056454e+01[39m
      7 Linear |R| = [32m3.358461e+00[39m
      8 Linear |R| = [32m1.164649e+00[39m
      9 Linear |R| = [32m4.203007e-01[39m
 1 Nonlinear |R| = [32m4.203007e-01[39m
      0 Linear |R| = [32m4.203007e-01[39m
      1 Linear |R| = [32m2.039064e-01[39m
      2 Linear |R| = [32m7.822370e-02[39m
      3 Linear |R| = [32m2.804621e-02[39m
      4 Linear |R| = [32m1.223561e-02[39m
      5 Linear |R| = [32m6.370893e-03[39m
      6 Linear |R| = [32m3.737858e-03[39m
      7 Linear |R| = [32m1.732293e-03[39m
      8 Linear |R| = [32m1.034165e-03[39m
      9 Linear |R| = [32m7.322008e-04[39m
     10 Linear |R| = [32m5.742624e-04[39m
     11 Linear |R| = [32m3.582282e-04[39m
     12 Linear |R| = [32m1.463127e-04[39m
     13 Linear |R| = [32m4.834352e-05[39m
     14 Linear |R| = [32m1.839582e-05[39m
     15 Linear |R| = [32m6.710381e-06[39m
     16 Linear |R| = [32m2.719942e-06[39m
 2 Nonlinear |R| = [32m2.719958e-06[39m
[32m Solve Converged![39m

Postprocessor Values:
+----------------+----------------+----------------+----------------+
| time           | center_sigma_x | top_disp       | top_reaction_y |
+----------------+----------------+----------------+----------------+
:                :                :                :                :
|   3.000000e-01 |   1.172511e+02 |  -3.000000e-05 |  -1.828226e+05 |
|   3.500000e-01 |   1.367929e+02 |  -3.500000e-05 |  -2.132931e+05 |
|   4.000000e-01 |   1.563348e+02 |  -4.000000e-05 |  -2.437635e+05 |
|   4.500000e-01 |   1.758766e+02 |  -4.500000e-05 |  -2.742340e+05 |
|   5.000000e-01 |   1.954185e+02 |  -5.000000e-05 |  -3.047044e+05 |
|   5.500000e-01 |   2.149603e+02 |  -5.500000e-05 |  -3.351748e+05 |
|   6.000000e-01 |   2.345022e+02 |  -6.000000e-05 |  -3.656453e+05 |
|   6.500000e-01 |   2.540440e+02 |  -6.500000e-05 |  -3.961157e+05 |
|   7.000000e-01 |   2.735859e+02 |  -7.000000e-05 |  -4.265862e+05 |
|   7.500000e-01 |   2.931277e+02 |  -7.500000e-05 |  -4.570566e+05 |
|   8.000000e-01 |   3.126696e+02 |  -8.000000e-05 |  -4.875270e+05 |
|   8.500000e-01 |   3.322114e+02 |  -8.500000e-05 |  -5.179975e+05 |
|   9.000000e-01 |   3.517533e+02 |  -9.000000e-05 |  -5.484679e+05 |
|   9.500000e-01 |   3.712951e+02 |  -9.500000e-05 |  -5.789383e+05 |
|   1.000000e+00 |   3.908370e+02 |  -1.000000e-04 |  -6.094088e+05 |
+----------------+----------------+----------------+----------------+

Finished Executing                                                                       [[33m 44.95 s[39m] [[33m  180 MB[39m]
