
╔══════════════════════════════════════════════════════════════╗
║                                                              ║
║   _   _                       _                               ║
║  | | | | ___  _ __   __ _ ___| |__  _   _  __ _ _ __   ___  ║
║  | |_| |/ _ \| '_ \ / _` / __| '_ \| | | |/ _` | '_ \ / _ \ ║
║  |  _  | (_) | | | | (_| \__ \ | | | |_| | (_| | | | |  __/ ║
║  |_| |_|\___/|_| |_|\__, |___/_| |_|\__,_|\__,_|_| |_|\___| ║
║                     |___/                                     ║
║                                                              ║
║    红创科技多物理场仿真引擎 (核心模块) V1.0                     ║
║    基于 MOOSE 多物理场面向对象仿真环境                         ║
║    © 2026 红创科技 (Hongchuang Tech)                          ║
║                                                              ║
╚══════════════════════════════════════════════════════════════╝


[33m
*** Deprecation Warning ***
/home/kevin/gt/demo/mayor/rig/inputs/aac_material_tests/aac_splitting_tension_150mm.i:47.3: The 'Kernels/TensorMechanics' syntax is deprecated. Please use 'Physics/SolidMechanics/QuasiStatic' instead.[39m
Stack frames: 14
0: libMesh::print_trace(std::ostream&)
1: void moose::internal::mooseDeprecatedStream<libMesh::BasicOStreamProxy<char, std::char_traits<char> >, std::__cxx11::basic_string<char, std::char_traits<char>, std::allocator<char> > >(libMesh::BasicOStreamProxy<char, std::char_traits<char> >&, bool, bool, bool, std::__cxx11::basic_string<char, std::char_traits<char>, std::allocator<char> >&&)
2: Moose::Builder::walkRaw(std::__cxx11::basic_string<char, std::char_traits<char>, std::allocator<char> >, std::__cxx11::basic_string<char, std::char_traits<char>, std::allocator<char> >, hit::Node*)
3: Moose::Builder::walk(std::__cxx11::basic_string<char, std::char_traits<char>, std::allocator<char> > const&, std::__cxx11::basic_string<char, std::char_traits<char>, std::allocator<char> > const&, hit::Node*)
4: hit::Node::walk(hit::Walker*, hit::NodeType, hit::TraversalOrder)
5: hit::Node::walk(hit::Walker*, hit::NodeType, hit::TraversalOrder)
6: hit::Node::walk(hit::Walker*, hit::NodeType, hit::TraversalOrder)
7: Moose::Builder::build()
8: MooseApp::setupOptions()
9: MooseApp::run()
10: /home/kevin/gt/demo/mayor/rig/build/moose/modules/solid_mechanics/solid_mechanics-opt(+0x50f2) [0x56329b9080f2]
11: /lib/libc.so.6(+0x27741) [0x7fca27a27741]
12: __libc_start_main
13: /home/kevin/gt/demo/mayor/rig/build/moose/modules/solid_mechanics/solid_mechanics-opt(+0x5365) [0x56329b908365]


[36m
*** Info ***
/home/kevin/gt/demo/mayor/rig/inputs/aac_material_tests/aac_splitting_tension_150mm.i:47.3:
The following occurred in the Action 'TensorMechanics' of type LegacyTensorMechanicsAction.

SolidMechanics Action: selecting 'total small strain' formulation. Use `incremental = true` to select 'incremental small strain' instead.[39m
Framework Information:
MOOSE Version:           git commit dd5a8961 on 2026-05-01
LibMesh Version:         
PETSc Version:           3.24.6
SLEPc Version:           3.24.0
Current Time:            Tue May 19 17:31:07 2026
Executable Timestamp:    Wed May 13 15:08:44 2026

Input File(s):
  /home/kevin/gt/demo/mayor/rig/inputs/aac_material_tests/aac_splitting_tension_150mm.i

Checkpoint:
  Wall Time Interval:      Every 3600 s
  User Checkpoint:         Disabled
  # Checkpoints Kept:      2
  Execute On:              TIMESTEP_END 

Parallelism:
  Num Processors:          1
  Num Threads:             1

Mesh: 
  Parallel Type:           replicated
  Mesh Dimension:          2
  Spatial Dimension:       2
  Nodes:                   3721
  Elems:                   3600
  Num Subdomains:          1

Nonlinear System:
  Num DOFs:                7442
  Num Local DOFs:          7442
  Variables:               { "disp_x" "disp_y" } 
  Finite Element Types:    "LAGRANGE" 
  Approximation Orders:    "FIRST" 

Auxiliary System:
  Num DOFs:                10800
  Num Local DOFs:          10800
  Variables:               { "max_princ" "min_princ" "stress_yy" } 
  Finite Element Types:    "MONOMIAL" 
  Approximation Orders:    "CONSTANT" 

Execution Information:
  Executioner:             Transient
  TimeStepper:             ConstantDT
  TimeIntegrator(s):       ImplicitEuler
  Solver Mode:             Preconditioned JFNK 
  PETSc Preconditioner:    hypre boomeramg 


Time Step 0, time = 0

Postprocessor Values:
+----------------+----------------+----------------+----------------+
| time           | center_sigma_x | top_disp       | top_reaction_y |
+----------------+----------------+----------------+----------------+
|   0.000000e+00 |   0.000000e+00 |   0.000000e+00 |   0.000000e+00 |
+----------------+----------------+----------------+----------------+


Time Step 1, time = 0.05, dt = 0.05
 0 Nonlinear |R| = [32m1.125494e+05[39m
      0 Linear |R| = [32m1.125494e+05[39m
      1 Linear |R| = [32m4.329372e+03[39m
      2 Linear |R| = [32m1.520924e+03[39m
      3 Linear |R| = [32m4.474426e+02[39m
      4 Linear |R| = [32m1.644909e+02[39m
      5 Linear |R| = [32m4.778861e+01[39m
      6 Linear |R| = [32m1.606624e+01[39m
      7 Linear |R| = [32m5.274347e+00[39m
      8 Linear |R| = [32m1.776228e+00[39m
      9 Linear |R| = [32m5.996781e-01[39m
 1 Nonlinear |R| = [32m5.996781e-01[39m
      0 Linear |R| = [32m5.996781e-01[39m
      1 Linear |R| = [32m2.465260e-01[39m
      2 Linear |R| = [32m8.797777e-02[39m
      3 Linear |R| = [32m2.390906e-02[39m
      4 Linear |R| = [32m8.067846e-03[39m
      5 Linear |R| = [32m2.707023e-03[39m
      6 Linear |R| = [32m9.447259e-04[39m
      7 Linear |R| = [32m2.863774e-04[39m
      8 Linear |R| = [32m8.376979e-05[39m
      9 Linear |R| = [32m3.154076e-05[39m
     10 Linear |R| = [32m1.366429e-05[39m
     11 Linear |R| = [32m5.231620e-06[39m
 2 Nonlinear |R| = [32m5.231620e-06[39m
[32m Solve Converged![39m

Postprocessor Values:
+----------------+----------------+----------------+----------------+
| time           | center_sigma_x | top_disp       | top_reaction_y |
+----------------+----------------+----------------+----------------+
|   0.000000e+00 |   0.000000e+00 |   0.000000e+00 |   0.000000e+00 |
|   5.000000e-02 |  -1.263729e+03 |  -7.500000e-06 |  -9.194307e+04 |
+----------------+----------------+----------------+----------------+


Time Step 2, time = 0.1, dt = 0.05
 0 Nonlinear |R| = [32m1.125494e+05[39m
      0 Linear |R| = [32m1.125494e+05[39m
      1 Linear |R| = [32m4.329372e+03[39m
      2 Linear |R| = [32m1.520924e+03[39m
      3 Linear |R| = [32m4.474426e+02[39m
      4 Linear |R| = [32m1.644909e+02[39m
      5 Linear |R| = [32m4.778861e+01[39m
      6 Linear |R| = [32m1.606624e+01[39m
      7 Linear |R| = [32m5.274347e+00[39m
      8 Linear |R| = [32m1.776228e+00[39m
      9 Linear |R| = [32m5.996781e-01[39m
 1 Nonlinear |R| = [32m5.996781e-01[39m
      0 Linear |R| = [32m5.996781e-01[39m
      1 Linear |R| = [32m2.465260e-01[39m
      2 Linear |R| = [32m8.797777e-02[39m
      3 Linear |R| = [32m2.390906e-02[39m
      4 Linear |R| = [32m8.067847e-03[39m
      5 Linear |R| = [32m2.707023e-03[39m
      6 Linear |R| = [32m9.447260e-04[39m
      7 Linear |R| = [32m2.863775e-04[39m
      8 Linear |R| = [32m8.376986e-05[39m
      9 Linear |R| = [32m3.154080e-05[39m
     10 Linear |R| = [32m1.366431e-05[39m
     11 Linear |R| = [32m5.231626e-06[39m
 2 Nonlinear |R| = [32m5.231628e-06[39m
[32m Solve Converged![39m

Postprocessor Values:
+----------------+----------------+----------------+----------------+
| time           | center_sigma_x | top_disp       | top_reaction_y |
+----------------+----------------+----------------+----------------+
|   0.000000e+00 |   0.000000e+00 |   0.000000e+00 |   0.000000e+00 |
|   5.000000e-02 |  -1.263729e+03 |  -7.500000e-06 |  -9.194307e+04 |
|   1.000000e-01 |  -2.527458e+03 |  -1.500000e-05 |  -1.838861e+05 |
+----------------+----------------+----------------+----------------+


Time Step 3, time = 0.15, dt = 0.05
 0 Nonlinear |R| = [32m1.125494e+05[39m
      0 Linear |R| = [32m1.125494e+05[39m
      1 Linear |R| = [32m4.329372e+03[39m
      2 Linear |R| = [32m1.520924e+03[39m
      3 Linear |R| = [32m4.474426e+02[39m
      4 Linear |R| = [32m1.644909e+02[39m
      5 Linear |R| = [32m4.778861e+01[39m
      6 Linear |R| = [32m1.606624e+01[39m
      7 Linear |R| = [32m5.274347e+00[39m
      8 Linear |R| = [32m1.776228e+00[39m
      9 Linear |R| = [32m5.996781e-01[39m
 1 Nonlinear |R| = [32m5.996780e-01[39m
      0 Linear |R| = [32m5.996780e-01[39m
      1 Linear |R| = [32m2.465260e-01[39m
      2 Linear |R| = [32m8.797777e-02[39m
      3 Linear |R| = [32m2.390906e-02[39m
      4 Linear |R| = [32m8.067846e-03[39m
      5 Linear |R| = [32m2.707023e-03[39m
      6 Linear |R| = [32m9.447260e-04[39m
      7 Linear |R| = [32m2.863775e-04[39m
      8 Linear |R| = [32m8.376986e-05[39m
      9 Linear |R| = [32m3.154080e-05[39m
     10 Linear |R| = [32m1.366431e-05[39m
     11 Linear |R| = [32m5.231627e-06[39m
 2 Nonlinear |R| = [32m5.231626e-06[39m
[32m Solve Converged![39m

Postprocessor Values:
+----------------+----------------+----------------+----------------+
| time           | center_sigma_x | top_disp       | top_reaction_y |
+----------------+----------------+----------------+----------------+
|   0.000000e+00 |   0.000000e+00 |   0.000000e+00 |   0.000000e+00 |
|   5.000000e-02 |  -1.263729e+03 |  -7.500000e-06 |  -9.194307e+04 |
|   1.000000e-01 |  -2.527458e+03 |  -1.500000e-05 |  -1.838861e+05 |
|   1.500000e-01 |  -3.791188e+03 |  -2.250000e-05 |  -2.758292e+05 |
+----------------+----------------+----------------+----------------+


Time Step 4, time = 0.2, dt = 0.05
 0 Nonlinear |R| = [32m1.125494e+05[39m
      0 Linear |R| = [32m1.125494e+05[39m
      1 Linear |R| = [32m4.329372e+03[39m
      2 Linear |R| = [32m1.520924e+03[39m
      3 Linear |R| = [32m4.474426e+02[39m
      4 Linear |R| = [32m1.644909e+02[39m
      5 Linear |R| = [32m4.778861e+01[39m
      6 Linear |R| = [32m1.606624e+01[39m
      7 Linear |R| = [32m5.274347e+00[39m
      8 Linear |R| = [32m1.776228e+00[39m
      9 Linear |R| = [32m5.996781e-01[39m
 1 Nonlinear |R| = [32m5.996781e-01[39m
      0 Linear |R| = [32m5.996781e-01[39m
      1 Linear |R| = [32m2.465260e-01[39m
      2 Linear |R| = [32m8.797777e-02[39m
      3 Linear |R| = [32m2.390906e-02[39m
      4 Linear |R| = [32m8.067846e-03[39m
      5 Linear |R| = [32m2.707023e-03[39m
      6 Linear |R| = [32m9.447259e-04[39m
      7 Linear |R| = [32m2.863774e-04[39m
      8 Linear |R| = [32m8.376983e-05[39m
      9 Linear |R| = [32m3.154078e-05[39m
     10 Linear |R| = [32m1.366430e-05[39m
     11 Linear |R| = [32m5.231623e-06[39m
 2 Nonlinear |R| = [32m5.231624e-06[39m
[32m Solve Converged![39m

Postprocessor Values:
+----------------+----------------+----------------+----------------+
| time           | center_sigma_x | top_disp       | top_reaction_y |
+----------------+----------------+----------------+----------------+
|   0.000000e+00 |   0.000000e+00 |   0.000000e+00 |   0.000000e+00 |
|   5.000000e-02 |  -1.263729e+03 |  -7.500000e-06 |  -9.194307e+04 |
|   1.000000e-01 |  -2.527458e+03 |  -1.500000e-05 |  -1.838861e+05 |
|   1.500000e-01 |  -3.791188e+03 |  -2.250000e-05 |  -2.758292e+05 |
|   2.000000e-01 |  -5.054917e+03 |  -3.000000e-05 |  -3.677723e+05 |
+----------------+----------------+----------------+----------------+


Time Step 5, time = 0.25, dt = 0.05
 0 Nonlinear |R| = [32m1.125494e+05[39m
      0 Linear |R| = [32m1.125494e+05[39m
      1 Linear |R| = [32m4.329372e+03[39m
      2 Linear |R| = [32m1.520924e+03[39m
      3 Linear |R| = [32m4.474426e+02[39m
      4 Linear |R| = [32m1.644909e+02[39m
      5 Linear |R| = [32m4.778861e+01[39m
      6 Linear |R| = [32m1.606624e+01[39m
      7 Linear |R| = [32m5.274347e+00[39m
      8 Linear |R| = [32m1.776228e+00[39m
      9 Linear |R| = [32m5.996781e-01[39m
 1 Nonlinear |R| = [32m5.996781e-01[39m
      0 Linear |R| = [32m5.996781e-01[39m
      1 Linear |R| = [32m2.465260e-01[39m
      2 Linear |R| = [32m8.797777e-02[39m
      3 Linear |R| = [32m2.390906e-02[39m
      4 Linear |R| = [32m8.067845e-03[39m
      5 Linear |R| = [32m2.707023e-03[39m
      6 Linear |R| = [32m9.447260e-04[39m
      7 Linear |R| = [32m2.863775e-04[39m
      8 Linear |R| = [32m8.376983e-05[39m
      9 Linear |R| = [32m3.154078e-05[39m
     10 Linear |R| = [32m1.366430e-05[39m
     11 Linear |R| = [32m5.231624e-06[39m
 2 Nonlinear |R| = [32m5.231629e-06[39m
[32m Solve Converged![39m

Postprocessor Values:
+----------------+----------------+----------------+----------------+
| time           | center_sigma_x | top_disp       | top_reaction_y |
+----------------+----------------+----------------+----------------+
|   0.000000e+00 |   0.000000e+00 |   0.000000e+00 |   0.000000e+00 |
|   5.000000e-02 |  -1.263729e+03 |  -7.500000e-06 |  -9.194307e+04 |
|   1.000000e-01 |  -2.527458e+03 |  -1.500000e-05 |  -1.838861e+05 |
|   1.500000e-01 |  -3.791188e+03 |  -2.250000e-05 |  -2.758292e+05 |
|   2.000000e-01 |  -5.054917e+03 |  -3.000000e-05 |  -3.677723e+05 |
|   2.500000e-01 |  -6.318646e+03 |  -3.750000e-05 |  -4.597153e+05 |
+----------------+----------------+----------------+----------------+


Time Step 6, time = 0.3, dt = 0.05
 0 Nonlinear |R| = [32m1.125494e+05[39m
      0 Linear |R| = [32m1.125494e+05[39m
      1 Linear |R| = [32m4.329372e+03[39m
      2 Linear |R| = [32m1.520924e+03[39m
      3 Linear |R| = [32m4.474426e+02[39m
      4 Linear |R| = [32m1.644909e+02[39m
      5 Linear |R| = [32m4.778861e+01[39m
      6 Linear |R| = [32m1.606624e+01[39m
      7 Linear |R| = [32m5.274347e+00[39m
      8 Linear |R| = [32m1.776228e+00[39m
      9 Linear |R| = [32m5.996781e-01[39m
 1 Nonlinear |R| = [32m5.996780e-01[39m
      0 Linear |R| = [32m5.996780e-01[39m
      1 Linear |R| = [32m2.465260e-01[39m
      2 Linear |R| = [32m8.797776e-02[39m
      3 Linear |R| = [32m2.390906e-02[39m
      4 Linear |R| = [32m8.067846e-03[39m
      5 Linear |R| = [32m2.707023e-03[39m
      6 Linear |R| = [32m9.447260e-04[39m
      7 Linear |R| = [32m2.863774e-04[39m
      8 Linear |R| = [32m8.376981e-05[39m
      9 Linear |R| = [32m3.154076e-05[39m
     10 Linear |R| = [32m1.366429e-05[39m
     11 Linear |R| = [32m5.231622e-06[39m
 2 Nonlinear |R| = [32m5.231625e-06[39m
[32m Solve Converged![39m

Postprocessor Values:
+----------------+----------------+----------------+----------------+
| time           | center_sigma_x | top_disp       | top_reaction_y |
+----------------+----------------+----------------+----------------+
|   0.000000e+00 |   0.000000e+00 |   0.000000e+00 |   0.000000e+00 |
|   5.000000e-02 |  -1.263729e+03 |  -7.500000e-06 |  -9.194307e+04 |
|   1.000000e-01 |  -2.527458e+03 |  -1.500000e-05 |  -1.838861e+05 |
|   1.500000e-01 |  -3.791188e+03 |  -2.250000e-05 |  -2.758292e+05 |
|   2.000000e-01 |  -5.054917e+03 |  -3.000000e-05 |  -3.677723e+05 |
|   2.500000e-01 |  -6.318646e+03 |  -3.750000e-05 |  -4.597153e+05 |
|   3.000000e-01 |  -7.582375e+03 |  -4.500000e-05 |  -5.516584e+05 |
+----------------+----------------+----------------+----------------+


Time Step 7, time = 0.35, dt = 0.05
 0 Nonlinear |R| = [32m1.125494e+05[39m
      0 Linear |R| = [32m1.125494e+05[39m
      1 Linear |R| = [32m4.329372e+03[39m
      2 Linear |R| = [32m1.520924e+03[39m
      3 Linear |R| = [32m4.474426e+02[39m
      4 Linear |R| = [32m1.644909e+02[39m
      5 Linear |R| = [32m4.778861e+01[39m
      6 Linear |R| = [32m1.606624e+01[39m
      7 Linear |R| = [32m5.274347e+00[39m
      8 Linear |R| = [32m1.776228e+00[39m
      9 Linear |R| = [32m5.996781e-01[39m
 1 Nonlinear |R| = [32m5.996781e-01[39m
      0 Linear |R| = [32m5.996781e-01[39m
      1 Linear |R| = [32m2.465261e-01[39m
      2 Linear |R| = [32m8.797777e-02[39m
      3 Linear |R| = [32m2.390906e-02[39m
      4 Linear |R| = [32m8.067848e-03[39m
      5 Linear |R| = [32m2.707023e-03[39m
      6 Linear |R| = [32m9.447261e-04[39m
      7 Linear |R| = [32m2.863775e-04[39m
      8 Linear |R| = [32m8.376985e-05[39m
      9 Linear |R| = [32m3.154079e-05[39m
     10 Linear |R| = [32m1.366430e-05[39m
     11 Linear |R| = [32m5.231625e-06[39m
 2 Nonlinear |R| = [32m5.231631e-06[39m
[32m Solve Converged![39m

Postprocessor Values:
+----------------+----------------+----------------+----------------+
| time           | center_sigma_x | top_disp       | top_reaction_y |
+----------------+----------------+----------------+----------------+
|   0.000000e+00 |   0.000000e+00 |   0.000000e+00 |   0.000000e+00 |
|   5.000000e-02 |  -1.263729e+03 |  -7.500000e-06 |  -9.194307e+04 |
|   1.000000e-01 |  -2.527458e+03 |  -1.500000e-05 |  -1.838861e+05 |
|   1.500000e-01 |  -3.791188e+03 |  -2.250000e-05 |  -2.758292e+05 |
|   2.000000e-01 |  -5.054917e+03 |  -3.000000e-05 |  -3.677723e+05 |
|   2.500000e-01 |  -6.318646e+03 |  -3.750000e-05 |  -4.597153e+05 |
|   3.000000e-01 |  -7.582375e+03 |  -4.500000e-05 |  -5.516584e+05 |
|   3.500000e-01 |  -8.846105e+03 |  -5.250000e-05 |  -6.436015e+05 |
+----------------+----------------+----------------+----------------+


Time Step 8, time = 0.4, dt = 0.05
 0 Nonlinear |R| = [32m1.125494e+05[39m
      0 Linear |R| = [32m1.125494e+05[39m
      1 Linear |R| = [32m4.329372e+03[39m
      2 Linear |R| = [32m1.520924e+03[39m
      3 Linear |R| = [32m4.474426e+02[39m
      4 Linear |R| = [32m1.644909e+02[39m
      5 Linear |R| = [32m4.778861e+01[39m
      6 Linear |R| = [32m1.606624e+01[39m
      7 Linear |R| = [32m5.274347e+00[39m
      8 Linear |R| = [32m1.776228e+00[39m
      9 Linear |R| = [32m5.996781e-01[39m
 1 Nonlinear |R| = [32m5.996780e-01[39m
      0 Linear |R| = [32m5.996780e-01[39m
      1 Linear |R| = [32m2.465260e-01[39m
      2 Linear |R| = [32m8.797777e-02[39m
      3 Linear |R| = [32m2.390906e-02[39m
      4 Linear |R| = [32m8.067845e-03[39m
      5 Linear |R| = [32m2.707023e-03[39m
      6 Linear |R| = [32m9.447259e-04[39m
      7 Linear |R| = [32m2.863774e-04[39m
      8 Linear |R| = [32m8.376986e-05[39m
      9 Linear |R| = [32m3.154080e-05[39m
     10 Linear |R| = [32m1.366431e-05[39m
     11 Linear |R| = [32m5.231626e-06[39m
 2 Nonlinear |R| = [32m5.231632e-06[39m
[32m Solve Converged![39m

Postprocessor Values:
+----------------+----------------+----------------+----------------+
| time           | center_sigma_x | top_disp       | top_reaction_y |
+----------------+----------------+----------------+----------------+
|   0.000000e+00 |   0.000000e+00 |   0.000000e+00 |   0.000000e+00 |
|   5.000000e-02 |  -1.263729e+03 |  -7.500000e-06 |  -9.194307e+04 |
|   1.000000e-01 |  -2.527458e+03 |  -1.500000e-05 |  -1.838861e+05 |
|   1.500000e-01 |  -3.791188e+03 |  -2.250000e-05 |  -2.758292e+05 |
|   2.000000e-01 |  -5.054917e+03 |  -3.000000e-05 |  -3.677723e+05 |
|   2.500000e-01 |  -6.318646e+03 |  -3.750000e-05 |  -4.597153e+05 |
|   3.000000e-01 |  -7.582375e+03 |  -4.500000e-05 |  -5.516584e+05 |
|   3.500000e-01 |  -8.846105e+03 |  -5.250000e-05 |  -6.436015e+05 |
|   4.000000e-01 |  -1.010983e+04 |  -6.000000e-05 |  -7.355445e+05 |
+----------------+----------------+----------------+----------------+


Time Step 9, time = 0.45, dt = 0.05
 0 Nonlinear |R| = [32m1.125494e+05[39m
      0 Linear |R| = [32m1.125494e+05[39m
      1 Linear |R| = [32m4.329372e+03[39m
      2 Linear |R| = [32m1.520924e+03[39m
      3 Linear |R| = [32m4.474426e+02[39m
      4 Linear |R| = [32m1.644909e+02[39m
      5 Linear |R| = [32m4.778861e+01[39m
      6 Linear |R| = [32m1.606624e+01[39m
      7 Linear |R| = [32m5.274347e+00[39m
      8 Linear |R| = [32m1.776228e+00[39m
      9 Linear |R| = [32m5.996781e-01[39m
 1 Nonlinear |R| = [32m5.996780e-01[39m
      0 Linear |R| = [32m5.996780e-01[39m
      1 Linear |R| = [32m2.465261e-01[39m
      2 Linear |R| = [32m8.797778e-02[39m
      3 Linear |R| = [32m2.390905e-02[39m
      4 Linear |R| = [32m8.067847e-03[39m
      5 Linear |R| = [32m2.707024e-03[39m
      6 Linear |R| = [32m9.447259e-04[39m
      7 Linear |R| = [32m2.863776e-04[39m
      8 Linear |R| = [32m8.376981e-05[39m
      9 Linear |R| = [32m3.154077e-05[39m
     10 Linear |R| = [32m1.366429e-05[39m
     11 Linear |R| = [32m5.231622e-06[39m
 2 Nonlinear |R| = [32m5.231620e-06[39m
[32m Solve Converged![39m

Postprocessor Values:
+----------------+----------------+----------------+----------------+
| time           | center_sigma_x | top_disp       | top_reaction_y |
+----------------+----------------+----------------+----------------+
|   0.000000e+00 |   0.000000e+00 |   0.000000e+00 |   0.000000e+00 |
|   5.000000e-02 |  -1.263729e+03 |  -7.500000e-06 |  -9.194307e+04 |
|   1.000000e-01 |  -2.527458e+03 |  -1.500000e-05 |  -1.838861e+05 |
|   1.500000e-01 |  -3.791188e+03 |  -2.250000e-05 |  -2.758292e+05 |
|   2.000000e-01 |  -5.054917e+03 |  -3.000000e-05 |  -3.677723e+05 |
|   2.500000e-01 |  -6.318646e+03 |  -3.750000e-05 |  -4.597153e+05 |
|   3.000000e-01 |  -7.582375e+03 |  -4.500000e-05 |  -5.516584e+05 |
|   3.500000e-01 |  -8.846105e+03 |  -5.250000e-05 |  -6.436015e+05 |
|   4.000000e-01 |  -1.010983e+04 |  -6.000000e-05 |  -7.355445e+05 |
|   4.500000e-01 |  -1.137356e+04 |  -6.750000e-05 |  -8.274876e+05 |
+----------------+----------------+----------------+----------------+


Time Step 10, time = 0.5, dt = 0.05
 0 Nonlinear |R| = [32m1.125494e+05[39m
      0 Linear |R| = [32m1.125494e+05[39m
      1 Linear |R| = [32m4.329372e+03[39m
      2 Linear |R| = [32m1.520924e+03[39m
      3 Linear |R| = [32m4.474426e+02[39m
      4 Linear |R| = [32m1.644909e+02[39m
      5 Linear |R| = [32m4.778861e+01[39m
      6 Linear |R| = [32m1.606624e+01[39m
      7 Linear |R| = [32m5.274347e+00[39m
      8 Linear |R| = [32m1.776228e+00[39m
      9 Linear |R| = [32m5.996781e-01[39m
 1 Nonlinear |R| = [32m5.996779e-01[39m
      0 Linear |R| = [32m5.996779e-01[39m
      1 Linear |R| = [32m2.465259e-01[39m
      2 Linear |R| = [32m8.797774e-02[39m
      3 Linear |R| = [32m2.390905e-02[39m
      4 Linear |R| = [32m8.067845e-03[39m
      5 Linear |R| = [32m2.707023e-03[39m
      6 Linear |R| = [32m9.447259e-04[39m
      7 Linear |R| = [32m2.863773e-04[39m
      8 Linear |R| = [32m8.376982e-05[39m
      9 Linear |R| = [32m3.154078e-05[39m
     10 Linear |R| = [32m1.366430e-05[39m
     11 Linear |R| = [32m5.231625e-06[39m
 2 Nonlinear |R| = [32m5.231622e-06[39m
[32m Solve Converged![39m

Postprocessor Values:
+----------------+----------------+----------------+----------------+
| time           | center_sigma_x | top_disp       | top_reaction_y |
+----------------+----------------+----------------+----------------+
|   0.000000e+00 |   0.000000e+00 |   0.000000e+00 |   0.000000e+00 |
|   5.000000e-02 |  -1.263729e+03 |  -7.500000e-06 |  -9.194307e+04 |
|   1.000000e-01 |  -2.527458e+03 |  -1.500000e-05 |  -1.838861e+05 |
|   1.500000e-01 |  -3.791188e+03 |  -2.250000e-05 |  -2.758292e+05 |
|   2.000000e-01 |  -5.054917e+03 |  -3.000000e-05 |  -3.677723e+05 |
|   2.500000e-01 |  -6.318646e+03 |  -3.750000e-05 |  -4.597153e+05 |
|   3.000000e-01 |  -7.582375e+03 |  -4.500000e-05 |  -5.516584e+05 |
|   3.500000e-01 |  -8.846105e+03 |  -5.250000e-05 |  -6.436015e+05 |
|   4.000000e-01 |  -1.010983e+04 |  -6.000000e-05 |  -7.355445e+05 |
|   4.500000e-01 |  -1.137356e+04 |  -6.750000e-05 |  -8.274876e+05 |
|   5.000000e-01 |  -1.263729e+04 |  -7.500000e-05 |  -9.194307e+05 |
+----------------+----------------+----------------+----------------+


Time Step 11, time = 0.55, dt = 0.05
 0 Nonlinear |R| = [32m1.125494e+05[39m
      0 Linear |R| = [32m1.125494e+05[39m
      1 Linear |R| = [32m4.329372e+03[39m
      2 Linear |R| = [32m1.520924e+03[39m
      3 Linear |R| = [32m4.474426e+02[39m
      4 Linear |R| = [32m1.644909e+02[39m
      5 Linear |R| = [32m4.778861e+01[39m
      6 Linear |R| = [32m1.606624e+01[39m
      7 Linear |R| = [32m5.274347e+00[39m
      8 Linear |R| = [32m1.776228e+00[39m
      9 Linear |R| = [32m5.996781e-01[39m
 1 Nonlinear |R| = [32m5.996780e-01[39m
      0 Linear |R| = [32m5.996780e-01[39m
      1 Linear |R| = [32m2.465260e-01[39m
      2 Linear |R| = [32m8.797773e-02[39m
      3 Linear |R| = [32m2.390906e-02[39m
      4 Linear |R| = [32m8.067846e-03[39m
      5 Linear |R| = [32m2.707024e-03[39m
      6 Linear |R| = [32m9.447259e-04[39m
      7 Linear |R| = [32m2.863774e-04[39m
      8 Linear |R| = [32m8.376987e-05[39m
      9 Linear |R| = [32m3.154081e-05[39m
     10 Linear |R| = [32m1.366431e-05[39m
     11 Linear |R| = [32m5.231628e-06[39m
 2 Nonlinear |R| = [32m5.231647e-06[39m
[32m Solve Converged![39m

Postprocessor Values:
+----------------+----------------+----------------+----------------+
| time           | center_sigma_x | top_disp       | top_reaction_y |
+----------------+----------------+----------------+----------------+
|   0.000000e+00 |   0.000000e+00 |   0.000000e+00 |   0.000000e+00 |
|   5.000000e-02 |  -1.263729e+03 |  -7.500000e-06 |  -9.194307e+04 |
|   1.000000e-01 |  -2.527458e+03 |  -1.500000e-05 |  -1.838861e+05 |
|   1.500000e-01 |  -3.791188e+03 |  -2.250000e-05 |  -2.758292e+05 |
|   2.000000e-01 |  -5.054917e+03 |  -3.000000e-05 |  -3.677723e+05 |
|   2.500000e-01 |  -6.318646e+03 |  -3.750000e-05 |  -4.597153e+05 |
|   3.000000e-01 |  -7.582375e+03 |  -4.500000e-05 |  -5.516584e+05 |
|   3.500000e-01 |  -8.846105e+03 |  -5.250000e-05 |  -6.436015e+05 |
|   4.000000e-01 |  -1.010983e+04 |  -6.000000e-05 |  -7.355445e+05 |
|   4.500000e-01 |  -1.137356e+04 |  -6.750000e-05 |  -8.274876e+05 |
|   5.000000e-01 |  -1.263729e+04 |  -7.500000e-05 |  -9.194307e+05 |
|   5.500000e-01 |  -1.390102e+04 |  -8.250000e-05 |  -1.011374e+06 |
+----------------+----------------+----------------+----------------+


Time Step 12, time = 0.6, dt = 0.05
 0 Nonlinear |R| = [32m1.125494e+05[39m
      0 Linear |R| = [32m1.125494e+05[39m
      1 Linear |R| = [32m4.329372e+03[39m
      2 Linear |R| = [32m1.520924e+03[39m
      3 Linear |R| = [32m4.474426e+02[39m
      4 Linear |R| = [32m1.644909e+02[39m
      5 Linear |R| = [32m4.778861e+01[39m
      6 Linear |R| = [32m1.606624e+01[39m
      7 Linear |R| = [32m5.274347e+00[39m
      8 Linear |R| = [32m1.776228e+00[39m
      9 Linear |R| = [32m5.996781e-01[39m
 1 Nonlinear |R| = [32m5.996781e-01[39m
      0 Linear |R| = [32m5.996781e-01[39m
      1 Linear |R| = [32m2.465260e-01[39m
      2 Linear |R| = [32m8.797777e-02[39m
      3 Linear |R| = [32m2.390906e-02[39m
      4 Linear |R| = [32m8.067848e-03[39m
      5 Linear |R| = [32m2.707022e-03[39m
      6 Linear |R| = [32m9.447263e-04[39m
      7 Linear |R| = [32m2.863773e-04[39m
      8 Linear |R| = [32m8.376982e-05[39m
      9 Linear |R| = [32m3.154077e-05[39m
     10 Linear |R| = [32m1.366429e-05[39m
     11 Linear |R| = [32m5.231622e-06[39m
 2 Nonlinear |R| = [32m5.231631e-06[39m
[32m Solve Converged![39m

Postprocessor Values:
+----------------+----------------+----------------+----------------+
| time           | center_sigma_x | top_disp       | top_reaction_y |
+----------------+----------------+----------------+----------------+
|   0.000000e+00 |   0.000000e+00 |   0.000000e+00 |   0.000000e+00 |
|   5.000000e-02 |  -1.263729e+03 |  -7.500000e-06 |  -9.194307e+04 |
|   1.000000e-01 |  -2.527458e+03 |  -1.500000e-05 |  -1.838861e+05 |
|   1.500000e-01 |  -3.791188e+03 |  -2.250000e-05 |  -2.758292e+05 |
|   2.000000e-01 |  -5.054917e+03 |  -3.000000e-05 |  -3.677723e+05 |
|   2.500000e-01 |  -6.318646e+03 |  -3.750000e-05 |  -4.597153e+05 |
|   3.000000e-01 |  -7.582375e+03 |  -4.500000e-05 |  -5.516584e+05 |
|   3.500000e-01 |  -8.846105e+03 |  -5.250000e-05 |  -6.436015e+05 |
|   4.000000e-01 |  -1.010983e+04 |  -6.000000e-05 |  -7.355445e+05 |
|   4.500000e-01 |  -1.137356e+04 |  -6.750000e-05 |  -8.274876e+05 |
|   5.000000e-01 |  -1.263729e+04 |  -7.500000e-05 |  -9.194307e+05 |
|   5.500000e-01 |  -1.390102e+04 |  -8.250000e-05 |  -1.011374e+06 |
|   6.000000e-01 |  -1.516475e+04 |  -9.000000e-05 |  -1.103317e+06 |
+----------------+----------------+----------------+----------------+


Time Step 13, time = 0.65, dt = 0.05
 0 Nonlinear |R| = [32m1.125494e+05[39m
      0 Linear |R| = [32m1.125494e+05[39m
      1 Linear |R| = [32m4.329372e+03[39m
      2 Linear |R| = [32m1.520924e+03[39m
      3 Linear |R| = [32m4.474426e+02[39m
      4 Linear |R| = [32m1.644909e+02[39m
      5 Linear |R| = [32m4.778861e+01[39m
      6 Linear |R| = [32m1.606624e+01[39m
      7 Linear |R| = [32m5.274347e+00[39m
      8 Linear |R| = [32m1.776228e+00[39m
      9 Linear |R| = [32m5.996781e-01[39m
 1 Nonlinear |R| = [32m5.996781e-01[39m
      0 Linear |R| = [32m5.996781e-01[39m
      1 Linear |R| = [32m2.465260e-01[39m
      2 Linear |R| = [32m8.797777e-02[39m
      3 Linear |R| = [32m2.390906e-02[39m
      4 Linear |R| = [32m8.067849e-03[39m
      5 Linear |R| = [32m2.707023e-03[39m
      6 Linear |R| = [32m9.447259e-04[39m
      7 Linear |R| = [32m2.863774e-04[39m
      8 Linear |R| = [32m8.376983e-05[39m
      9 Linear |R| = [32m3.154078e-05[39m
     10 Linear |R| = [32m1.366429e-05[39m
     11 Linear |R| = [32m5.231624e-06[39m
 2 Nonlinear |R| = [32m5.231632e-06[39m
[32m Solve Converged![39m

Postprocessor Values:
+----------------+----------------+----------------+----------------+
| time           | center_sigma_x | top_disp       | top_reaction_y |
+----------------+----------------+----------------+----------------+
|   0.000000e+00 |   0.000000e+00 |   0.000000e+00 |   0.000000e+00 |
|   5.000000e-02 |  -1.263729e+03 |  -7.500000e-06 |  -9.194307e+04 |
|   1.000000e-01 |  -2.527458e+03 |  -1.500000e-05 |  -1.838861e+05 |
|   1.500000e-01 |  -3.791188e+03 |  -2.250000e-05 |  -2.758292e+05 |
|   2.000000e-01 |  -5.054917e+03 |  -3.000000e-05 |  -3.677723e+05 |
|   2.500000e-01 |  -6.318646e+03 |  -3.750000e-05 |  -4.597153e+05 |
|   3.000000e-01 |  -7.582375e+03 |  -4.500000e-05 |  -5.516584e+05 |
|   3.500000e-01 |  -8.846105e+03 |  -5.250000e-05 |  -6.436015e+05 |
|   4.000000e-01 |  -1.010983e+04 |  -6.000000e-05 |  -7.355445e+05 |
|   4.500000e-01 |  -1.137356e+04 |  -6.750000e-05 |  -8.274876e+05 |
|   5.000000e-01 |  -1.263729e+04 |  -7.500000e-05 |  -9.194307e+05 |
|   5.500000e-01 |  -1.390102e+04 |  -8.250000e-05 |  -1.011374e+06 |
|   6.000000e-01 |  -1.516475e+04 |  -9.000000e-05 |  -1.103317e+06 |
|   6.500000e-01 |  -1.642848e+04 |  -9.750000e-05 |  -1.195260e+06 |
+----------------+----------------+----------------+----------------+


Time Step 14, time = 0.7, dt = 0.05
 0 Nonlinear |R| = [32m1.125494e+05[39m
      0 Linear |R| = [32m1.125494e+05[39m
      1 Linear |R| = [32m4.329372e+03[39m
      2 Linear |R| = [32m1.520924e+03[39m
      3 Linear |R| = [32m4.474426e+02[39m
      4 Linear |R| = [32m1.644909e+02[39m
      5 Linear |R| = [32m4.778861e+01[39m
      6 Linear |R| = [32m1.606624e+01[39m
      7 Linear |R| = [32m5.274347e+00[39m
      8 Linear |R| = [32m1.776228e+00[39m
      9 Linear |R| = [32m5.996781e-01[39m
 1 Nonlinear |R| = [32m5.996779e-01[39m
      0 Linear |R| = [32m5.996779e-01[39m
      1 Linear |R| = [32m2.465260e-01[39m
      2 Linear |R| = [32m8.797773e-02[39m
      3 Linear |R| = [32m2.390906e-02[39m
      4 Linear |R| = [32m8.067846e-03[39m
      5 Linear |R| = [32m2.707022e-03[39m
      6 Linear |R| = [32m9.447258e-04[39m
      7 Linear |R| = [32m2.863773e-04[39m
      8 Linear |R| = [32m8.376982e-05[39m
      9 Linear |R| = [32m3.154079e-05[39m
     10 Linear |R| = [32m1.366430e-05[39m
     11 Linear |R| = [32m5.231624e-06[39m
 2 Nonlinear |R| = [32m5.231633e-06[39m
[32m Solve Converged![39m

Postprocessor Values:
+----------------+----------------+----------------+----------------+
| time           | center_sigma_x | top_disp       | top_reaction_y |
+----------------+----------------+----------------+----------------+
|   0.000000e+00 |   0.000000e+00 |   0.000000e+00 |   0.000000e+00 |
|   5.000000e-02 |  -1.263729e+03 |  -7.500000e-06 |  -9.194307e+04 |
|   1.000000e-01 |  -2.527458e+03 |  -1.500000e-05 |  -1.838861e+05 |
|   1.500000e-01 |  -3.791188e+03 |  -2.250000e-05 |  -2.758292e+05 |
|   2.000000e-01 |  -5.054917e+03 |  -3.000000e-05 |  -3.677723e+05 |
|   2.500000e-01 |  -6.318646e+03 |  -3.750000e-05 |  -4.597153e+05 |
|   3.000000e-01 |  -7.582375e+03 |  -4.500000e-05 |  -5.516584e+05 |
|   3.500000e-01 |  -8.846105e+03 |  -5.250000e-05 |  -6.436015e+05 |
|   4.000000e-01 |  -1.010983e+04 |  -6.000000e-05 |  -7.355445e+05 |
|   4.500000e-01 |  -1.137356e+04 |  -6.750000e-05 |  -8.274876e+05 |
|   5.000000e-01 |  -1.263729e+04 |  -7.500000e-05 |  -9.194307e+05 |
|   5.500000e-01 |  -1.390102e+04 |  -8.250000e-05 |  -1.011374e+06 |
|   6.000000e-01 |  -1.516475e+04 |  -9.000000e-05 |  -1.103317e+06 |
|   6.500000e-01 |  -1.642848e+04 |  -9.750000e-05 |  -1.195260e+06 |
|   7.000000e-01 |  -1.769221e+04 |  -1.050000e-04 |  -1.287203e+06 |
+----------------+----------------+----------------+----------------+


Time Step 15, time = 0.75, dt = 0.05
 0 Nonlinear |R| = [32m1.125494e+05[39m
      0 Linear |R| = [32m1.125494e+05[39m
      1 Linear |R| = [32m4.329372e+03[39m
      2 Linear |R| = [32m1.520924e+03[39m
      3 Linear |R| = [32m4.474426e+02[39m
      4 Linear |R| = [32m1.644909e+02[39m
      5 Linear |R| = [32m4.778861e+01[39m
      6 Linear |R| = [32m1.606624e+01[39m
      7 Linear |R| = [32m5.274347e+00[39m
      8 Linear |R| = [32m1.776228e+00[39m
      9 Linear |R| = [32m5.996781e-01[39m
 1 Nonlinear |R| = [32m5.996778e-01[39m
      0 Linear |R| = [32m5.996778e-01[39m
      1 Linear |R| = [32m2.465259e-01[39m
      2 Linear |R| = [32m8.797776e-02[39m
      3 Linear |R| = [32m2.390904e-02[39m
      4 Linear |R| = [32m8.067842e-03[39m
      5 Linear |R| = [32m2.707021e-03[39m
      6 Linear |R| = [32m9.447259e-04[39m
      7 Linear |R| = [32m2.863772e-04[39m
      8 Linear |R| = [32m8.376983e-05[39m
      9 Linear |R| = [32m3.154079e-05[39m
     10 Linear |R| = [32m1.366430e-05[39m
     11 Linear |R| = [32m5.231623e-06[39m
 2 Nonlinear |R| = [32m5.231643e-06[39m
[32m Solve Converged![39m

Postprocessor Values:
+----------------+----------------+----------------+----------------+
| time           | center_sigma_x | top_disp       | top_reaction_y |
+----------------+----------------+----------------+----------------+
:                :                :                :                :
|   5.000000e-02 |  -1.263729e+03 |  -7.500000e-06 |  -9.194307e+04 |
|   1.000000e-01 |  -2.527458e+03 |  -1.500000e-05 |  -1.838861e+05 |
|   1.500000e-01 |  -3.791188e+03 |  -2.250000e-05 |  -2.758292e+05 |
|   2.000000e-01 |  -5.054917e+03 |  -3.000000e-05 |  -3.677723e+05 |
|   2.500000e-01 |  -6.318646e+03 |  -3.750000e-05 |  -4.597153e+05 |
|   3.000000e-01 |  -7.582375e+03 |  -4.500000e-05 |  -5.516584e+05 |
|   3.500000e-01 |  -8.846105e+03 |  -5.250000e-05 |  -6.436015e+05 |
|   4.000000e-01 |  -1.010983e+04 |  -6.000000e-05 |  -7.355445e+05 |
|   4.500000e-01 |  -1.137356e+04 |  -6.750000e-05 |  -8.274876e+05 |
|   5.000000e-01 |  -1.263729e+04 |  -7.500000e-05 |  -9.194307e+05 |
|   5.500000e-01 |  -1.390102e+04 |  -8.250000e-05 |  -1.011374e+06 |
|   6.000000e-01 |  -1.516475e+04 |  -9.000000e-05 |  -1.103317e+06 |
|   6.500000e-01 |  -1.642848e+04 |  -9.750000e-05 |  -1.195260e+06 |
|   7.000000e-01 |  -1.769221e+04 |  -1.050000e-04 |  -1.287203e+06 |
|   7.500000e-01 |  -1.895594e+04 |  -1.125000e-04 |  -1.379146e+06 |
+----------------+----------------+----------------+----------------+


Time Step 16, time = 0.8, dt = 0.05
 0 Nonlinear |R| = [32m1.125494e+05[39m
      0 Linear |R| = [32m1.125494e+05[39m
      1 Linear |R| = [32m4.329372e+03[39m
      2 Linear |R| = [32m1.520924e+03[39m
      3 Linear |R| = [32m4.474426e+02[39m
      4 Linear |R| = [32m1.644909e+02[39m
      5 Linear |R| = [32m4.778861e+01[39m
      6 Linear |R| = [32m1.606624e+01[39m
      7 Linear |R| = [32m5.274347e+00[39m
      8 Linear |R| = [32m1.776228e+00[39m
      9 Linear |R| = [32m5.996781e-01[39m
 1 Nonlinear |R| = [32m5.996780e-01[39m
      0 Linear |R| = [32m5.996780e-01[39m
      1 Linear |R| = [32m2.465261e-01[39m
      2 Linear |R| = [32m8.797779e-02[39m
      3 Linear |R| = [32m2.390906e-02[39m
      4 Linear |R| = [32m8.067843e-03[39m
      5 Linear |R| = [32m2.707022e-03[39m
      6 Linear |R| = [32m9.447262e-04[39m
      7 Linear |R| = [32m2.863775e-04[39m
      8 Linear |R| = [32m8.376979e-05[39m
      9 Linear |R| = [32m3.154077e-05[39m
     10 Linear |R| = [32m1.366428e-05[39m
     11 Linear |R| = [32m5.231621e-06[39m
 2 Nonlinear |R| = [32m5.231628e-06[39m
[32m Solve Converged![39m

Postprocessor Values:
+----------------+----------------+----------------+----------------+
| time           | center_sigma_x | top_disp       | top_reaction_y |
+----------------+----------------+----------------+----------------+
:                :                :                :                :
|   1.000000e-01 |  -2.527458e+03 |  -1.500000e-05 |  -1.838861e+05 |
|   1.500000e-01 |  -3.791188e+03 |  -2.250000e-05 |  -2.758292e+05 |
|   2.000000e-01 |  -5.054917e+03 |  -3.000000e-05 |  -3.677723e+05 |
|   2.500000e-01 |  -6.318646e+03 |  -3.750000e-05 |  -4.597153e+05 |
|   3.000000e-01 |  -7.582375e+03 |  -4.500000e-05 |  -5.516584e+05 |
|   3.500000e-01 |  -8.846105e+03 |  -5.250000e-05 |  -6.436015e+05 |
|   4.000000e-01 |  -1.010983e+04 |  -6.000000e-05 |  -7.355445e+05 |
|   4.500000e-01 |  -1.137356e+04 |  -6.750000e-05 |  -8.274876e+05 |
|   5.000000e-01 |  -1.263729e+04 |  -7.500000e-05 |  -9.194307e+05 |
|   5.500000e-01 |  -1.390102e+04 |  -8.250000e-05 |  -1.011374e+06 |
|   6.000000e-01 |  -1.516475e+04 |  -9.000000e-05 |  -1.103317e+06 |
|   6.500000e-01 |  -1.642848e+04 |  -9.750000e-05 |  -1.195260e+06 |
|   7.000000e-01 |  -1.769221e+04 |  -1.050000e-04 |  -1.287203e+06 |
|   7.500000e-01 |  -1.895594e+04 |  -1.125000e-04 |  -1.379146e+06 |
|   8.000000e-01 |  -2.021967e+04 |  -1.200000e-04 |  -1.471089e+06 |
+----------------+----------------+----------------+----------------+


Time Step 17, time = 0.85, dt = 0.05
 0 Nonlinear |R| = [32m1.125494e+05[39m
      0 Linear |R| = [32m1.125494e+05[39m
      1 Linear |R| = [32m4.329372e+03[39m
      2 Linear |R| = [32m1.520924e+03[39m
      3 Linear |R| = [32m4.474426e+02[39m
      4 Linear |R| = [32m1.644909e+02[39m
      5 Linear |R| = [32m4.778861e+01[39m
      6 Linear |R| = [32m1.606624e+01[39m
      7 Linear |R| = [32m5.274347e+00[39m
      8 Linear |R| = [32m1.776228e+00[39m
      9 Linear |R| = [32m5.996781e-01[39m
 1 Nonlinear |R| = [32m5.996780e-01[39m
      0 Linear |R| = [32m5.996780e-01[39m
      1 Linear |R| = [32m2.465260e-01[39m
      2 Linear |R| = [32m8.797774e-02[39m
      3 Linear |R| = [32m2.390906e-02[39m
      4 Linear |R| = [32m8.067844e-03[39m
      5 Linear |R| = [32m2.707023e-03[39m
      6 Linear |R| = [32m9.447263e-04[39m
      7 Linear |R| = [32m2.863775e-04[39m
      8 Linear |R| = [32m8.376987e-05[39m
      9 Linear |R| = [32m3.154081e-05[39m
     10 Linear |R| = [32m1.366430e-05[39m
     11 Linear |R| = [32m5.231629e-06[39m
 2 Nonlinear |R| = [32m5.231623e-06[39m
[32m Solve Converged![39m

Postprocessor Values:
+----------------+----------------+----------------+----------------+
| time           | center_sigma_x | top_disp       | top_reaction_y |
+----------------+----------------+----------------+----------------+
:                :                :                :                :
|   1.500000e-01 |  -3.791188e+03 |  -2.250000e-05 |  -2.758292e+05 |
|   2.000000e-01 |  -5.054917e+03 |  -3.000000e-05 |  -3.677723e+05 |
|   2.500000e-01 |  -6.318646e+03 |  -3.750000e-05 |  -4.597153e+05 |
|   3.000000e-01 |  -7.582375e+03 |  -4.500000e-05 |  -5.516584e+05 |
|   3.500000e-01 |  -8.846105e+03 |  -5.250000e-05 |  -6.436015e+05 |
|   4.000000e-01 |  -1.010983e+04 |  -6.000000e-05 |  -7.355445e+05 |
|   4.500000e-01 |  -1.137356e+04 |  -6.750000e-05 |  -8.274876e+05 |
|   5.000000e-01 |  -1.263729e+04 |  -7.500000e-05 |  -9.194307e+05 |
|   5.500000e-01 |  -1.390102e+04 |  -8.250000e-05 |  -1.011374e+06 |
|   6.000000e-01 |  -1.516475e+04 |  -9.000000e-05 |  -1.103317e+06 |
|   6.500000e-01 |  -1.642848e+04 |  -9.750000e-05 |  -1.195260e+06 |
|   7.000000e-01 |  -1.769221e+04 |  -1.050000e-04 |  -1.287203e+06 |
|   7.500000e-01 |  -1.895594e+04 |  -1.125000e-04 |  -1.379146e+06 |
|   8.000000e-01 |  -2.021967e+04 |  -1.200000e-04 |  -1.471089e+06 |
|   8.500000e-01 |  -2.148340e+04 |  -1.275000e-04 |  -1.563032e+06 |
+----------------+----------------+----------------+----------------+


Time Step 18, time = 0.9, dt = 0.05
 0 Nonlinear |R| = [32m1.125494e+05[39m
      0 Linear |R| = [32m1.125494e+05[39m
      1 Linear |R| = [32m4.329372e+03[39m
      2 Linear |R| = [32m1.520924e+03[39m
      3 Linear |R| = [32m4.474426e+02[39m
      4 Linear |R| = [32m1.644909e+02[39m
      5 Linear |R| = [32m4.778861e+01[39m
      6 Linear |R| = [32m1.606624e+01[39m
      7 Linear |R| = [32m5.274347e+00[39m
      8 Linear |R| = [32m1.776228e+00[39m
      9 Linear |R| = [32m5.996781e-01[39m
 1 Nonlinear |R| = [32m5.996781e-01[39m
      0 Linear |R| = [32m5.996781e-01[39m
      1 Linear |R| = [32m2.465261e-01[39m
      2 Linear |R| = [32m8.797782e-02[39m
      3 Linear |R| = [32m2.390907e-02[39m
      4 Linear |R| = [32m8.067847e-03[39m
      5 Linear |R| = [32m2.707023e-03[39m
      6 Linear |R| = [32m9.447261e-04[39m
      7 Linear |R| = [32m2.863776e-04[39m
      8 Linear |R| = [32m8.376987e-05[39m
      9 Linear |R| = [32m3.154081e-05[39m
     10 Linear |R| = [32m1.366431e-05[39m
     11 Linear |R| = [32m5.231625e-06[39m
 2 Nonlinear |R| = [32m5.231613e-06[39m
[32m Solve Converged![39m

Postprocessor Values:
+----------------+----------------+----------------+----------------+
| time           | center_sigma_x | top_disp       | top_reaction_y |
+----------------+----------------+----------------+----------------+
:                :                :                :                :
|   2.000000e-01 |  -5.054917e+03 |  -3.000000e-05 |  -3.677723e+05 |
|   2.500000e-01 |  -6.318646e+03 |  -3.750000e-05 |  -4.597153e+05 |
|   3.000000e-01 |  -7.582375e+03 |  -4.500000e-05 |  -5.516584e+05 |
|   3.500000e-01 |  -8.846105e+03 |  -5.250000e-05 |  -6.436015e+05 |
|   4.000000e-01 |  -1.010983e+04 |  -6.000000e-05 |  -7.355445e+05 |
|   4.500000e-01 |  -1.137356e+04 |  -6.750000e-05 |  -8.274876e+05 |
|   5.000000e-01 |  -1.263729e+04 |  -7.500000e-05 |  -9.194307e+05 |
|   5.500000e-01 |  -1.390102e+04 |  -8.250000e-05 |  -1.011374e+06 |
|   6.000000e-01 |  -1.516475e+04 |  -9.000000e-05 |  -1.103317e+06 |
|   6.500000e-01 |  -1.642848e+04 |  -9.750000e-05 |  -1.195260e+06 |
|   7.000000e-01 |  -1.769221e+04 |  -1.050000e-04 |  -1.287203e+06 |
|   7.500000e-01 |  -1.895594e+04 |  -1.125000e-04 |  -1.379146e+06 |
|   8.000000e-01 |  -2.021967e+04 |  -1.200000e-04 |  -1.471089e+06 |
|   8.500000e-01 |  -2.148340e+04 |  -1.275000e-04 |  -1.563032e+06 |
|   9.000000e-01 |  -2.274713e+04 |  -1.350000e-04 |  -1.654975e+06 |
+----------------+----------------+----------------+----------------+


Time Step 19, time = 0.95, dt = 0.05
 0 Nonlinear |R| = [32m1.125494e+05[39m
      0 Linear |R| = [32m1.125494e+05[39m
      1 Linear |R| = [32m4.329372e+03[39m
      2 Linear |R| = [32m1.520924e+03[39m
      3 Linear |R| = [32m4.474426e+02[39m
      4 Linear |R| = [32m1.644909e+02[39m
      5 Linear |R| = [32m4.778861e+01[39m
      6 Linear |R| = [32m1.606624e+01[39m
      7 Linear |R| = [32m5.274347e+00[39m
      8 Linear |R| = [32m1.776228e+00[39m
      9 Linear |R| = [32m5.996781e-01[39m
 1 Nonlinear |R| = [32m5.996781e-01[39m
      0 Linear |R| = [32m5.996781e-01[39m
      1 Linear |R| = [32m2.465259e-01[39m
      2 Linear |R| = [32m8.797775e-02[39m
      3 Linear |R| = [32m2.390905e-02[39m
      4 Linear |R| = [32m8.067848e-03[39m
      5 Linear |R| = [32m2.707025e-03[39m
      6 Linear |R| = [32m9.447250e-04[39m
      7 Linear |R| = [32m2.863774e-04[39m
      8 Linear |R| = [32m8.376979e-05[39m
      9 Linear |R| = [32m3.154078e-05[39m
     10 Linear |R| = [32m1.366430e-05[39m
     11 Linear |R| = [32m5.231622e-06[39m
 2 Nonlinear |R| = [32m5.231623e-06[39m
[32m Solve Converged![39m

Postprocessor Values:
+----------------+----------------+----------------+----------------+
| time           | center_sigma_x | top_disp       | top_reaction_y |
+----------------+----------------+----------------+----------------+
:                :                :                :                :
|   2.500000e-01 |  -6.318646e+03 |  -3.750000e-05 |  -4.597153e+05 |
|   3.000000e-01 |  -7.582375e+03 |  -4.500000e-05 |  -5.516584e+05 |
|   3.500000e-01 |  -8.846105e+03 |  -5.250000e-05 |  -6.436015e+05 |
|   4.000000e-01 |  -1.010983e+04 |  -6.000000e-05 |  -7.355445e+05 |
|   4.500000e-01 |  -1.137356e+04 |  -6.750000e-05 |  -8.274876e+05 |
|   5.000000e-01 |  -1.263729e+04 |  -7.500000e-05 |  -9.194307e+05 |
|   5.500000e-01 |  -1.390102e+04 |  -8.250000e-05 |  -1.011374e+06 |
|   6.000000e-01 |  -1.516475e+04 |  -9.000000e-05 |  -1.103317e+06 |
|   6.500000e-01 |  -1.642848e+04 |  -9.750000e-05 |  -1.195260e+06 |
|   7.000000e-01 |  -1.769221e+04 |  -1.050000e-04 |  -1.287203e+06 |
|   7.500000e-01 |  -1.895594e+04 |  -1.125000e-04 |  -1.379146e+06 |
|   8.000000e-01 |  -2.021967e+04 |  -1.200000e-04 |  -1.471089e+06 |
|   8.500000e-01 |  -2.148340e+04 |  -1.275000e-04 |  -1.563032e+06 |
|   9.000000e-01 |  -2.274713e+04 |  -1.350000e-04 |  -1.654975e+06 |
|   9.500000e-01 |  -2.401086e+04 |  -1.425000e-04 |  -1.746918e+06 |
+----------------+----------------+----------------+----------------+


Time Step 20, time = 1, dt = 0.05
 0 Nonlinear |R| = [32m1.125494e+05[39m
      0 Linear |R| = [32m1.125494e+05[39m
      1 Linear |R| = [32m4.329372e+03[39m
      2 Linear |R| = [32m1.520924e+03[39m
      3 Linear |R| = [32m4.474426e+02[39m
      4 Linear |R| = [32m1.644909e+02[39m
      5 Linear |R| = [32m4.778861e+01[39m
      6 Linear |R| = [32m1.606624e+01[39m
      7 Linear |R| = [32m5.274347e+00[39m
      8 Linear |R| = [32m1.776228e+00[39m
      9 Linear |R| = [32m5.996781e-01[39m
 1 Nonlinear |R| = [32m5.996782e-01[39m
      0 Linear |R| = [32m5.996782e-01[39m
      1 Linear |R| = [32m2.465261e-01[39m
      2 Linear |R| = [32m8.797776e-02[39m
      3 Linear |R| = [32m2.390906e-02[39m
      4 Linear |R| = [32m8.067851e-03[39m
      5 Linear |R| = [32m2.707023e-03[39m
      6 Linear |R| = [32m9.447265e-04[39m
      7 Linear |R| = [32m2.863775e-04[39m
      8 Linear |R| = [32m8.376982e-05[39m
      9 Linear |R| = [32m3.154073e-05[39m
     10 Linear |R| = [32m1.366429e-05[39m
     11 Linear |R| = [32m5.231620e-06[39m
 2 Nonlinear |R| = [32m5.231624e-06[39m
[32m Solve Converged![39m

Postprocessor Values:
+----------------+----------------+----------------+----------------+
| time           | center_sigma_x | top_disp       | top_reaction_y |
+----------------+----------------+----------------+----------------+
:                :                :                :                :
|   3.000000e-01 |  -7.582375e+03 |  -4.500000e-05 |  -5.516584e+05 |
|   3.500000e-01 |  -8.846105e+03 |  -5.250000e-05 |  -6.436015e+05 |
|   4.000000e-01 |  -1.010983e+04 |  -6.000000e-05 |  -7.355445e+05 |
|   4.500000e-01 |  -1.137356e+04 |  -6.750000e-05 |  -8.274876e+05 |
|   5.000000e-01 |  -1.263729e+04 |  -7.500000e-05 |  -9.194307e+05 |
|   5.500000e-01 |  -1.390102e+04 |  -8.250000e-05 |  -1.011374e+06 |
|   6.000000e-01 |  -1.516475e+04 |  -9.000000e-05 |  -1.103317e+06 |
|   6.500000e-01 |  -1.642848e+04 |  -9.750000e-05 |  -1.195260e+06 |
|   7.000000e-01 |  -1.769221e+04 |  -1.050000e-04 |  -1.287203e+06 |
|   7.500000e-01 |  -1.895594e+04 |  -1.125000e-04 |  -1.379146e+06 |
|   8.000000e-01 |  -2.021967e+04 |  -1.200000e-04 |  -1.471089e+06 |
|   8.500000e-01 |  -2.148340e+04 |  -1.275000e-04 |  -1.563032e+06 |
|   9.000000e-01 |  -2.274713e+04 |  -1.350000e-04 |  -1.654975e+06 |
|   9.500000e-01 |  -2.401086e+04 |  -1.425000e-04 |  -1.746918e+06 |
|   1.000000e+00 |  -2.527458e+04 |  -1.500000e-04 |  -1.838861e+06 |
+----------------+----------------+----------------+----------------+

Finished Executing                                                                       [[33m 13.32 s[39m] [[33m  176 MB[39m]
