
╔══════════════════════════════════════════════════════════════╗
║                                                              ║
║   _   _                       _                               ║
║  | | | | ___  _ __   __ _ ___| |__  _   _  __ _ _ __   ___  ║
║  | |_| |/ _ \| '_ \ / _` / __| '_ \| | | |/ _` | '_ \ / _ \ ║
║  |  _  | (_) | | | | (_| \__ \ | | | |_| | (_| | | | |  __/ ║
║  |_| |_|\___/|_| |_|\__, |___/_| |_|\__,_|\__,_|_| |_|\___| ║
║                     |___/                                     ║
║                                                              ║
║    红创科技多物理场仿真引擎 (核心模块) V1.0                     ║
║    基于 MOOSE 多物理场面向对象仿真环境                         ║
║    © 2026 红创科技 (Hongchuang Tech)                          ║
║                                                              ║
╚══════════════════════════════════════════════════════════════╝


[33m
*** Deprecation Warning ***
/home/kevin/gt/demo/mayor/rig/inputs/aac_material_tests/joint_grout_shear.i:57.3: The 'Kernels/TensorMechanics' syntax is deprecated. Please use 'Physics/SolidMechanics/QuasiStatic' instead.[39m
Stack frames: 14
0: libMesh::print_trace(std::ostream&)
1: void moose::internal::mooseDeprecatedStream<libMesh::BasicOStreamProxy<char, std::char_traits<char> >, std::__cxx11::basic_string<char, std::char_traits<char>, std::allocator<char> > >(libMesh::BasicOStreamProxy<char, std::char_traits<char> >&, bool, bool, bool, std::__cxx11::basic_string<char, std::char_traits<char>, std::allocator<char> >&&)
2: Moose::Builder::walkRaw(std::__cxx11::basic_string<char, std::char_traits<char>, std::allocator<char> >, std::__cxx11::basic_string<char, std::char_traits<char>, std::allocator<char> >, hit::Node*)
3: Moose::Builder::walk(std::__cxx11::basic_string<char, std::char_traits<char>, std::allocator<char> > const&, std::__cxx11::basic_string<char, std::char_traits<char>, std::allocator<char> > const&, hit::Node*)
4: hit::Node::walk(hit::Walker*, hit::NodeType, hit::TraversalOrder)
5: hit::Node::walk(hit::Walker*, hit::NodeType, hit::TraversalOrder)
6: hit::Node::walk(hit::Walker*, hit::NodeType, hit::TraversalOrder)
7: Moose::Builder::build()
8: MooseApp::setupOptions()
9: MooseApp::run()
10: /home/kevin/gt/demo/mayor/rig/build/moose/modules/solid_mechanics/solid_mechanics-opt(+0x50f2) [0x55be015f70f2]
11: /lib/libc.so.6(+0x27741) [0x7fe206a27741]
12: __libc_start_main
13: /home/kevin/gt/demo/mayor/rig/build/moose/modules/solid_mechanics/solid_mechanics-opt(+0x5365) [0x55be015f7365]


[36m
*** Info ***
/home/kevin/gt/demo/mayor/rig/inputs/aac_material_tests/joint_grout_shear.i:57.3:
The following occurred in the Action 'TensorMechanics' of type LegacyTensorMechanicsAction.

SolidMechanics Action: selecting 'total small strain' formulation. Use `incremental = true` to select 'incremental small strain' instead.[39m
Framework Information:
MOOSE Version:           git commit dd5a8961 on 2026-05-01
LibMesh Version:         
PETSc Version:           3.24.6
SLEPc Version:           3.24.0
Current Time:            Tue May 19 17:42:15 2026
Executable Timestamp:    Wed May 13 15:08:44 2026

Input File(s):
  /home/kevin/gt/demo/mayor/rig/inputs/aac_material_tests/joint_grout_shear.i

Checkpoint:
  Wall Time Interval:      Every 3600 s
  User Checkpoint:         Disabled
  # Checkpoints Kept:      2
  Execute On:              TIMESTEP_END 

Parallelism:
  Num Processors:          1
  Num Threads:             1

Mesh: 
  Parallel Type:           replicated
  Mesh Dimension:          3
  Spatial Dimension:       3
  Nodes:                   10075
  Elems:                   8640
  Num Subdomains:          1

Nonlinear System:
  Num DOFs:                30225
  Num Local DOFs:          30225
  Variables:               { "disp_x" "disp_y" "disp_z" } 
  Finite Element Types:    "LAGRANGE" 
  Approximation Orders:    "FIRST" 

Auxiliary System:
  Num DOFs:                34560
  Num Local DOFs:          34560
  Variables:               { "vonmises" "max_princ" "shear_stress_xy" "stress_xy" } 
  Finite Element Types:    "MONOMIAL" 
  Approximation Orders:    "CONSTANT" 

Execution Information:
  Executioner:             Transient
  TimeStepper:             ConstantDT
  TimeIntegrator(s):       ImplicitEuler
  Solver Mode:             Preconditioned JFNK 
  PETSc Preconditioner:    hypre boomeramg strong_threshold: 0.7 (auto)


Time Step 0, time = 0

Postprocessor Values:
+----------------+----------------+----------------+----------------+
| time           | shear_max      | top_disp_x     | top_reaction_x |
+----------------+----------------+----------------+----------------+
|   0.000000e+00 |   0.000000e+00 |   0.000000e+00 |   0.000000e+00 |
+----------------+----------------+----------------+----------------+


Time Step 1, time = 0.05, dt = 0.05
 0 Nonlinear |R| = [32m6.828034e+03[39m
      0 Linear |R| = [32m6.828034e+03[39m
      1 Linear |R| = [32m1.233709e+03[39m
      2 Linear |R| = [32m4.041012e+02[39m
      3 Linear |R| = [32m1.542673e+02[39m
      4 Linear |R| = [32m6.476342e+01[39m
      5 Linear |R| = [32m2.793689e+01[39m
      6 Linear |R| = [32m1.085109e+01[39m
      7 Linear |R| = [32m4.543934e+00[39m
      8 Linear |R| = [32m2.105323e+00[39m
      9 Linear |R| = [32m9.838805e-01[39m
     10 Linear |R| = [32m4.928300e-01[39m
     11 Linear |R| = [32m2.471535e-01[39m
     12 Linear |R| = [32m1.153665e-01[39m
     13 Linear |R| = [32m5.586915e-02[39m
 1 Nonlinear |R| = [32m5.586915e-02[39m
      0 Linear |R| = [32m5.586915e-02[39m
      1 Linear |R| = [32m3.532876e-02[39m
      2 Linear |R| = [32m2.127006e-02[39m
      3 Linear |R| = [32m1.426101e-02[39m
      4 Linear |R| = [32m1.022173e-02[39m
      5 Linear |R| = [32m7.522836e-03[39m
      6 Linear |R| = [32m5.418318e-03[39m
      7 Linear |R| = [32m4.251517e-03[39m
      8 Linear |R| = [32m3.467449e-03[39m
      9 Linear |R| = [32m2.801142e-03[39m
     10 Linear |R| = [32m2.113276e-03[39m
     11 Linear |R| = [32m1.509518e-03[39m
     12 Linear |R| = [32m1.010827e-03[39m
     13 Linear |R| = [32m6.470306e-04[39m
     14 Linear |R| = [32m3.981981e-04[39m
     15 Linear |R| = [32m2.026948e-04[39m
     16 Linear |R| = [32m9.715761e-05[39m
     17 Linear |R| = [32m4.225478e-05[39m
     18 Linear |R| = [32m1.822310e-05[39m
     19 Linear |R| = [32m8.024294e-06[39m
     20 Linear |R| = [32m3.556409e-06[39m
     21 Linear |R| = [32m1.832143e-06[39m
     22 Linear |R| = [32m1.022546e-06[39m
     23 Linear |R| = [32m5.684652e-07[39m
     24 Linear |R| = [32m3.043041e-07[39m
 2 Nonlinear |R| = [32m3.043036e-07[39m
[32m Solve Converged![39m
Currently Executing
  Finished Solving                                                                       [[33m  7.40 s[39m] [[33m  273 MB[39m]

Postprocessor Values:
+----------------+----------------+----------------+----------------+
| time           | shear_max      | top_disp_x     | top_reaction_x |
+----------------+----------------+----------------+----------------+
|   0.000000e+00 |   0.000000e+00 |   0.000000e+00 |   0.000000e+00 |
|   5.000000e-02 |   2.614497e+04 |   2.500000e-05 |   1.721980e+04 |
+----------------+----------------+----------------+----------------+


Time Step 2, time = 0.1, dt = 0.05
 0 Nonlinear |R| = [32m6.828034e+03[39m
      0 Linear |R| = [32m6.828034e+03[39m
      1 Linear |R| = [32m1.233709e+03[39m
      2 Linear |R| = [32m4.041012e+02[39m
      3 Linear |R| = [32m1.542673e+02[39m
      4 Linear |R| = [32m6.476342e+01[39m
      5 Linear |R| = [32m2.793689e+01[39m
      6 Linear |R| = [32m1.085109e+01[39m
      7 Linear |R| = [32m4.543934e+00[39m
      8 Linear |R| = [32m2.105323e+00[39m
      9 Linear |R| = [32m9.838805e-01[39m
     10 Linear |R| = [32m4.928300e-01[39m
     11 Linear |R| = [32m2.471535e-01[39m
     12 Linear |R| = [32m1.153665e-01[39m
     13 Linear |R| = [32m5.586915e-02[39m
 1 Nonlinear |R| = [32m5.586916e-02[39m
      0 Linear |R| = [32m5.586916e-02[39m
      1 Linear |R| = [32m3.532877e-02[39m
      2 Linear |R| = [32m2.127006e-02[39m
      3 Linear |R| = [32m1.426101e-02[39m
      4 Linear |R| = [32m1.022173e-02[39m
      5 Linear |R| = [32m7.522835e-03[39m
      6 Linear |R| = [32m5.418317e-03[39m
      7 Linear |R| = [32m4.251515e-03[39m
      8 Linear |R| = [32m3.467448e-03[39m
      9 Linear |R| = [32m2.801142e-03[39m
     10 Linear |R| = [32m2.113276e-03[39m
     11 Linear |R| = [32m1.509518e-03[39m
     12 Linear |R| = [32m1.010827e-03[39m
     13 Linear |R| = [32m6.470306e-04[39m
     14 Linear |R| = [32m3.981981e-04[39m
     15 Linear |R| = [32m2.026948e-04[39m
     16 Linear |R| = [32m9.715761e-05[39m
     17 Linear |R| = [32m4.225478e-05[39m
     18 Linear |R| = [32m1.822310e-05[39m
     19 Linear |R| = [32m8.024294e-06[39m
     20 Linear |R| = [32m3.556409e-06[39m
     21 Linear |R| = [32m1.832142e-06[39m
     22 Linear |R| = [32m1.022546e-06[39m
     23 Linear |R| = [32m5.684649e-07[39m
     24 Linear |R| = [32m3.043039e-07[39m
 2 Nonlinear |R| = [32m3.043040e-07[39m
  Finished Solving                                                                       [[33m 10.28 s[39m] [[33m  278 MB[39m]
[32m Solve Converged![39m

Postprocessor Values:
+----------------+----------------+----------------+----------------+
| time           | shear_max      | top_disp_x     | top_reaction_x |
+----------------+----------------+----------------+----------------+
|   0.000000e+00 |   0.000000e+00 |   0.000000e+00 |   0.000000e+00 |
|   5.000000e-02 |   2.614497e+04 |   2.500000e-05 |   1.721980e+04 |
|   1.000000e-01 |   5.228994e+04 |   5.000000e-05 |   3.443961e+04 |
+----------------+----------------+----------------+----------------+


Time Step 3, time = 0.15, dt = 0.05
 0 Nonlinear |R| = [32m6.828034e+03[39m
      0 Linear |R| = [32m6.828034e+03[39m
      1 Linear |R| = [32m1.233709e+03[39m
      2 Linear |R| = [32m4.041012e+02[39m
      3 Linear |R| = [32m1.542673e+02[39m
      4 Linear |R| = [32m6.476342e+01[39m
      5 Linear |R| = [32m2.793689e+01[39m
      6 Linear |R| = [32m1.085109e+01[39m
      7 Linear |R| = [32m4.543934e+00[39m
      8 Linear |R| = [32m2.105323e+00[39m
      9 Linear |R| = [32m9.838805e-01[39m
     10 Linear |R| = [32m4.928300e-01[39m
     11 Linear |R| = [32m2.471535e-01[39m
     12 Linear |R| = [32m1.153665e-01[39m
     13 Linear |R| = [32m5.586915e-02[39m
 1 Nonlinear |R| = [32m5.586915e-02[39m
      0 Linear |R| = [32m5.586915e-02[39m
      1 Linear |R| = [32m3.532876e-02[39m
      2 Linear |R| = [32m2.127006e-02[39m
      3 Linear |R| = [32m1.426101e-02[39m
      4 Linear |R| = [32m1.022173e-02[39m
      5 Linear |R| = [32m7.522835e-03[39m
      6 Linear |R| = [32m5.418317e-03[39m
      7 Linear |R| = [32m4.251516e-03[39m
      8 Linear |R| = [32m3.467448e-03[39m
      9 Linear |R| = [32m2.801142e-03[39m
     10 Linear |R| = [32m2.113276e-03[39m
     11 Linear |R| = [32m1.509518e-03[39m
     12 Linear |R| = [32m1.010827e-03[39m
     13 Linear |R| = [32m6.470305e-04[39m
     14 Linear |R| = [32m3.981981e-04[39m
     15 Linear |R| = [32m2.026948e-04[39m
     16 Linear |R| = [32m9.715760e-05[39m
     17 Linear |R| = [32m4.225479e-05[39m
     18 Linear |R| = [32m1.822310e-05[39m
     19 Linear |R| = [32m8.024294e-06[39m
     20 Linear |R| = [32m3.556408e-06[39m
     21 Linear |R| = [32m1.832142e-06[39m
     22 Linear |R| = [32m1.022546e-06[39m
     23 Linear |R| = [32m5.684650e-07[39m
     24 Linear |R| = [32m3.043040e-07[39m
 2 Nonlinear |R| = [32m3.043034e-07[39m
[32m Solve Converged![39m
  Finished Solving                                                                       [[33m  7.97 s[39m] [[33m  296 MB[39m]

Postprocessor Values:
+----------------+----------------+----------------+----------------+
| time           | shear_max      | top_disp_x     | top_reaction_x |
+----------------+----------------+----------------+----------------+
|   0.000000e+00 |   0.000000e+00 |   0.000000e+00 |   0.000000e+00 |
|   5.000000e-02 |   2.614497e+04 |   2.500000e-05 |   1.721980e+04 |
|   1.000000e-01 |   5.228994e+04 |   5.000000e-05 |   3.443961e+04 |
|   1.500000e-01 |   7.843491e+04 |   7.500000e-05 |   5.165941e+04 |
+----------------+----------------+----------------+----------------+


Time Step 4, time = 0.2, dt = 0.05
 0 Nonlinear |R| = [32m6.828034e+03[39m
      0 Linear |R| = [32m6.828034e+03[39m
      1 Linear |R| = [32m1.233709e+03[39m
      2 Linear |R| = [32m4.041012e+02[39m
      3 Linear |R| = [32m1.542673e+02[39m
      4 Linear |R| = [32m6.476342e+01[39m
      5 Linear |R| = [32m2.793689e+01[39m
      6 Linear |R| = [32m1.085109e+01[39m
      7 Linear |R| = [32m4.543934e+00[39m
      8 Linear |R| = [32m2.105323e+00[39m
      9 Linear |R| = [32m9.838805e-01[39m
     10 Linear |R| = [32m4.928300e-01[39m
     11 Linear |R| = [32m2.471535e-01[39m
     12 Linear |R| = [32m1.153665e-01[39m
     13 Linear |R| = [32m5.586915e-02[39m
 1 Nonlinear |R| = [32m5.586917e-02[39m
      0 Linear |R| = [32m5.586917e-02[39m
      1 Linear |R| = [32m3.532877e-02[39m
      2 Linear |R| = [32m2.127007e-02[39m
      3 Linear |R| = [32m1.426101e-02[39m
      4 Linear |R| = [32m1.022173e-02[39m
      5 Linear |R| = [32m7.522836e-03[39m
      6 Linear |R| = [32m5.418318e-03[39m
      7 Linear |R| = [32m4.251516e-03[39m
      8 Linear |R| = [32m3.467448e-03[39m
      9 Linear |R| = [32m2.801142e-03[39m
     10 Linear |R| = [32m2.113276e-03[39m
     11 Linear |R| = [32m1.509518e-03[39m
     12 Linear |R| = [32m1.010827e-03[39m
     13 Linear |R| = [32m6.470307e-04[39m
     14 Linear |R| = [32m3.981981e-04[39m
     15 Linear |R| = [32m2.026949e-04[39m
     16 Linear |R| = [32m9.715761e-05[39m
     17 Linear |R| = [32m4.225478e-05[39m
     18 Linear |R| = [32m1.822310e-05[39m
     19 Linear |R| = [32m8.024295e-06[39m
     20 Linear |R| = [32m3.556408e-06[39m
     21 Linear |R| = [32m1.832142e-06[39m
     22 Linear |R| = [32m1.022546e-06[39m
     23 Linear |R| = [32m5.684650e-07[39m
     24 Linear |R| = [32m3.043040e-07[39m
 2 Nonlinear |R| = [32m3.043033e-07[39m
[32m Solve Converged![39m
  Finished Solving                                                                       [[33m  7.24 s[39m] [[33m  296 MB[39m]

Postprocessor Values:
+----------------+----------------+----------------+----------------+
| time           | shear_max      | top_disp_x     | top_reaction_x |
+----------------+----------------+----------------+----------------+
|   0.000000e+00 |   0.000000e+00 |   0.000000e+00 |   0.000000e+00 |
|   5.000000e-02 |   2.614497e+04 |   2.500000e-05 |   1.721980e+04 |
|   1.000000e-01 |   5.228994e+04 |   5.000000e-05 |   3.443961e+04 |
|   1.500000e-01 |   7.843491e+04 |   7.500000e-05 |   5.165941e+04 |
|   2.000000e-01 |   1.045799e+05 |   1.000000e-04 |   6.887922e+04 |
+----------------+----------------+----------------+----------------+


Time Step 5, time = 0.25, dt = 0.05
 0 Nonlinear |R| = [32m6.828034e+03[39m
      0 Linear |R| = [32m6.828034e+03[39m
      1 Linear |R| = [32m1.233709e+03[39m
      2 Linear |R| = [32m4.041012e+02[39m
      3 Linear |R| = [32m1.542673e+02[39m
      4 Linear |R| = [32m6.476342e+01[39m
      5 Linear |R| = [32m2.793689e+01[39m
      6 Linear |R| = [32m1.085109e+01[39m
      7 Linear |R| = [32m4.543934e+00[39m
      8 Linear |R| = [32m2.105323e+00[39m
      9 Linear |R| = [32m9.838805e-01[39m
     10 Linear |R| = [32m4.928300e-01[39m
     11 Linear |R| = [32m2.471535e-01[39m
     12 Linear |R| = [32m1.153665e-01[39m
     13 Linear |R| = [32m5.586915e-02[39m
 1 Nonlinear |R| = [32m5.586916e-02[39m
      0 Linear |R| = [32m5.586916e-02[39m
      1 Linear |R| = [32m3.532876e-02[39m
      2 Linear |R| = [32m2.127007e-02[39m
      3 Linear |R| = [32m1.426101e-02[39m
      4 Linear |R| = [32m1.022173e-02[39m
      5 Linear |R| = [32m7.522836e-03[39m
      6 Linear |R| = [32m5.418317e-03[39m
      7 Linear |R| = [32m4.251516e-03[39m
      8 Linear |R| = [32m3.467448e-03[39m
      9 Linear |R| = [32m2.801142e-03[39m
     10 Linear |R| = [32m2.113276e-03[39m
     11 Linear |R| = [32m1.509518e-03[39m
     12 Linear |R| = [32m1.010827e-03[39m
     13 Linear |R| = [32m6.470306e-04[39m
     14 Linear |R| = [32m3.981981e-04[39m
     15 Linear |R| = [32m2.026948e-04[39m
     16 Linear |R| = [32m9.715759e-05[39m
     17 Linear |R| = [32m4.225480e-05[39m
     18 Linear |R| = [32m1.822310e-05[39m
     19 Linear |R| = [32m8.024292e-06[39m
     20 Linear |R| = [32m3.556409e-06[39m
     21 Linear |R| = [32m1.832142e-06[39m
     22 Linear |R| = [32m1.022546e-06[39m
     23 Linear |R| = [32m5.684650e-07[39m
     24 Linear |R| = [32m3.043040e-07[39m
 2 Nonlinear |R| = [32m3.043061e-07[39m
[32m Solve Converged![39m
  Finished Solving                                                                       [[33m  7.19 s[39m] [[33m  287 MB[39m]

Postprocessor Values:
+----------------+----------------+----------------+----------------+
| time           | shear_max      | top_disp_x     | top_reaction_x |
+----------------+----------------+----------------+----------------+
|   0.000000e+00 |   0.000000e+00 |   0.000000e+00 |   0.000000e+00 |
|   5.000000e-02 |   2.614497e+04 |   2.500000e-05 |   1.721980e+04 |
|   1.000000e-01 |   5.228994e+04 |   5.000000e-05 |   3.443961e+04 |
|   1.500000e-01 |   7.843491e+04 |   7.500000e-05 |   5.165941e+04 |
|   2.000000e-01 |   1.045799e+05 |   1.000000e-04 |   6.887922e+04 |
|   2.500000e-01 |   1.307249e+05 |   1.250000e-04 |   8.609902e+04 |
+----------------+----------------+----------------+----------------+


Time Step 6, time = 0.3, dt = 0.05
 0 Nonlinear |R| = [32m6.828034e+03[39m
      0 Linear |R| = [32m6.828034e+03[39m
      1 Linear |R| = [32m1.233709e+03[39m
      2 Linear |R| = [32m4.041012e+02[39m
      3 Linear |R| = [32m1.542673e+02[39m
      4 Linear |R| = [32m6.476342e+01[39m
      5 Linear |R| = [32m2.793689e+01[39m
      6 Linear |R| = [32m1.085109e+01[39m
      7 Linear |R| = [32m4.543934e+00[39m
      8 Linear |R| = [32m2.105323e+00[39m
      9 Linear |R| = [32m9.838805e-01[39m
     10 Linear |R| = [32m4.928300e-01[39m
     11 Linear |R| = [32m2.471535e-01[39m
     12 Linear |R| = [32m1.153665e-01[39m
     13 Linear |R| = [32m5.586915e-02[39m
 1 Nonlinear |R| = [32m5.586919e-02[39m
      0 Linear |R| = [32m5.586919e-02[39m
      1 Linear |R| = [32m3.532877e-02[39m
      2 Linear |R| = [32m2.127007e-02[39m
      3 Linear |R| = [32m1.426102e-02[39m
      4 Linear |R| = [32m1.022173e-02[39m
      5 Linear |R| = [32m7.522836e-03[39m
      6 Linear |R| = [32m5.418318e-03[39m
      7 Linear |R| = [32m4.251516e-03[39m
      8 Linear |R| = [32m3.467449e-03[39m
      9 Linear |R| = [32m2.801142e-03[39m
     10 Linear |R| = [32m2.113276e-03[39m
     11 Linear |R| = [32m1.509518e-03[39m
     12 Linear |R| = [32m1.010827e-03[39m
     13 Linear |R| = [32m6.470307e-04[39m
     14 Linear |R| = [32m3.981981e-04[39m
     15 Linear |R| = [32m2.026949e-04[39m
     16 Linear |R| = [32m9.715763e-05[39m
     17 Linear |R| = [32m4.225479e-05[39m
     18 Linear |R| = [32m1.822310e-05[39m
     19 Linear |R| = [32m8.024295e-06[39m
     20 Linear |R| = [32m3.556408e-06[39m
     21 Linear |R| = [32m1.832143e-06[39m
     22 Linear |R| = [32m1.022546e-06[39m
     23 Linear |R| = [32m5.684651e-07[39m
     24 Linear |R| = [32m3.043040e-07[39m
 2 Nonlinear |R| = [32m3.043048e-07[39m
[32m Solve Converged![39m
  Finished Solving                                                                       [[33m  7.24 s[39m] [[33m  297 MB[39m]

Postprocessor Values:
+----------------+----------------+----------------+----------------+
| time           | shear_max      | top_disp_x     | top_reaction_x |
+----------------+----------------+----------------+----------------+
|   0.000000e+00 |   0.000000e+00 |   0.000000e+00 |   0.000000e+00 |
|   5.000000e-02 |   2.614497e+04 |   2.500000e-05 |   1.721980e+04 |
|   1.000000e-01 |   5.228994e+04 |   5.000000e-05 |   3.443961e+04 |
|   1.500000e-01 |   7.843491e+04 |   7.500000e-05 |   5.165941e+04 |
|   2.000000e-01 |   1.045799e+05 |   1.000000e-04 |   6.887922e+04 |
|   2.500000e-01 |   1.307249e+05 |   1.250000e-04 |   8.609902e+04 |
|   3.000000e-01 |   1.568698e+05 |   1.500000e-04 |   1.033188e+05 |
+----------------+----------------+----------------+----------------+


Time Step 7, time = 0.35, dt = 0.05
 0 Nonlinear |R| = [32m6.828034e+03[39m
      0 Linear |R| = [32m6.828034e+03[39m
      1 Linear |R| = [32m1.233709e+03[39m
      2 Linear |R| = [32m4.041012e+02[39m
      3 Linear |R| = [32m1.542673e+02[39m
      4 Linear |R| = [32m6.476342e+01[39m
      5 Linear |R| = [32m2.793689e+01[39m
      6 Linear |R| = [32m1.085109e+01[39m
      7 Linear |R| = [32m4.543934e+00[39m
      8 Linear |R| = [32m2.105323e+00[39m
      9 Linear |R| = [32m9.838805e-01[39m
     10 Linear |R| = [32m4.928300e-01[39m
     11 Linear |R| = [32m2.471535e-01[39m
     12 Linear |R| = [32m1.153665e-01[39m
     13 Linear |R| = [32m5.586915e-02[39m
 1 Nonlinear |R| = [32m5.586915e-02[39m
      0 Linear |R| = [32m5.586915e-02[39m
      1 Linear |R| = [32m3.532876e-02[39m
      2 Linear |R| = [32m2.127007e-02[39m
      3 Linear |R| = [32m1.426101e-02[39m
      4 Linear |R| = [32m1.022173e-02[39m
      5 Linear |R| = [32m7.522836e-03[39m
      6 Linear |R| = [32m5.418317e-03[39m
      7 Linear |R| = [32m4.251515e-03[39m
      8 Linear |R| = [32m3.467449e-03[39m
      9 Linear |R| = [32m2.801142e-03[39m
     10 Linear |R| = [32m2.113276e-03[39m
     11 Linear |R| = [32m1.509518e-03[39m
     12 Linear |R| = [32m1.010827e-03[39m
     13 Linear |R| = [32m6.470306e-04[39m
     14 Linear |R| = [32m3.981981e-04[39m
     15 Linear |R| = [32m2.026947e-04[39m
     16 Linear |R| = [32m9.715763e-05[39m
     17 Linear |R| = [32m4.225478e-05[39m
     18 Linear |R| = [32m1.822310e-05[39m
     19 Linear |R| = [32m8.024293e-06[39m
     20 Linear |R| = [32m3.556408e-06[39m
     21 Linear |R| = [32m1.832142e-06[39m
     22 Linear |R| = [32m1.022546e-06[39m
     23 Linear |R| = [32m5.684649e-07[39m
     24 Linear |R| = [32m3.043039e-07[39m
 2 Nonlinear |R| = [32m3.043050e-07[39m
[32m Solve Converged![39m
  Finished Solving                                                                       [[33m  7.21 s[39m] [[33m  308 MB[39m]

Postprocessor Values:
+----------------+----------------+----------------+----------------+
| time           | shear_max      | top_disp_x     | top_reaction_x |
+----------------+----------------+----------------+----------------+
|   0.000000e+00 |   0.000000e+00 |   0.000000e+00 |   0.000000e+00 |
|   5.000000e-02 |   2.614497e+04 |   2.500000e-05 |   1.721980e+04 |
|   1.000000e-01 |   5.228994e+04 |   5.000000e-05 |   3.443961e+04 |
|   1.500000e-01 |   7.843491e+04 |   7.500000e-05 |   5.165941e+04 |
|   2.000000e-01 |   1.045799e+05 |   1.000000e-04 |   6.887922e+04 |
|   2.500000e-01 |   1.307249e+05 |   1.250000e-04 |   8.609902e+04 |
|   3.000000e-01 |   1.568698e+05 |   1.500000e-04 |   1.033188e+05 |
|   3.500000e-01 |   1.830148e+05 |   1.750000e-04 |   1.205386e+05 |
+----------------+----------------+----------------+----------------+


Time Step 8, time = 0.4, dt = 0.05
 0 Nonlinear |R| = [32m6.828034e+03[39m
      0 Linear |R| = [32m6.828034e+03[39m
      1 Linear |R| = [32m1.233709e+03[39m
      2 Linear |R| = [32m4.041012e+02[39m
      3 Linear |R| = [32m1.542673e+02[39m
      4 Linear |R| = [32m6.476342e+01[39m
      5 Linear |R| = [32m2.793689e+01[39m
      6 Linear |R| = [32m1.085109e+01[39m
      7 Linear |R| = [32m4.543934e+00[39m
      8 Linear |R| = [32m2.105323e+00[39m
      9 Linear |R| = [32m9.838805e-01[39m
     10 Linear |R| = [32m4.928300e-01[39m
     11 Linear |R| = [32m2.471535e-01[39m
     12 Linear |R| = [32m1.153665e-01[39m
     13 Linear |R| = [32m5.586915e-02[39m
 1 Nonlinear |R| = [32m5.586918e-02[39m
      0 Linear |R| = [32m5.586918e-02[39m
      1 Linear |R| = [32m3.532877e-02[39m
      2 Linear |R| = [32m2.127006e-02[39m
      3 Linear |R| = [32m1.426101e-02[39m
      4 Linear |R| = [32m1.022173e-02[39m
      5 Linear |R| = [32m7.522834e-03[39m
      6 Linear |R| = [32m5.418317e-03[39m
      7 Linear |R| = [32m4.251516e-03[39m
      8 Linear |R| = [32m3.467449e-03[39m
      9 Linear |R| = [32m2.801142e-03[39m
     10 Linear |R| = [32m2.113276e-03[39m
     11 Linear |R| = [32m1.509518e-03[39m
     12 Linear |R| = [32m1.010827e-03[39m
     13 Linear |R| = [32m6.470306e-04[39m
     14 Linear |R| = [32m3.981982e-04[39m
     15 Linear |R| = [32m2.026948e-04[39m
     16 Linear |R| = [32m9.715763e-05[39m
     17 Linear |R| = [32m4.225477e-05[39m
     18 Linear |R| = [32m1.822311e-05[39m
     19 Linear |R| = [32m8.024300e-06[39m
     20 Linear |R| = [32m3.556410e-06[39m
     21 Linear |R| = [32m1.832141e-06[39m
     22 Linear |R| = [32m1.022546e-06[39m
     23 Linear |R| = [32m5.684650e-07[39m
     24 Linear |R| = [32m3.043039e-07[39m
 2 Nonlinear |R| = [32m3.043036e-07[39m
[32m Solve Converged![39m
  Finished Solving                                                                       [[33m  7.53 s[39m] [[33m  335 MB[39m]

Postprocessor Values:
+----------------+----------------+----------------+----------------+
| time           | shear_max      | top_disp_x     | top_reaction_x |
+----------------+----------------+----------------+----------------+
|   0.000000e+00 |   0.000000e+00 |   0.000000e+00 |   0.000000e+00 |
|   5.000000e-02 |   2.614497e+04 |   2.500000e-05 |   1.721980e+04 |
|   1.000000e-01 |   5.228994e+04 |   5.000000e-05 |   3.443961e+04 |
|   1.500000e-01 |   7.843491e+04 |   7.500000e-05 |   5.165941e+04 |
|   2.000000e-01 |   1.045799e+05 |   1.000000e-04 |   6.887922e+04 |
|   2.500000e-01 |   1.307249e+05 |   1.250000e-04 |   8.609902e+04 |
|   3.000000e-01 |   1.568698e+05 |   1.500000e-04 |   1.033188e+05 |
|   3.500000e-01 |   1.830148e+05 |   1.750000e-04 |   1.205386e+05 |
|   4.000000e-01 |   2.091598e+05 |   2.000000e-04 |   1.377584e+05 |
+----------------+----------------+----------------+----------------+


Time Step 9, time = 0.45, dt = 0.05
 0 Nonlinear |R| = [32m6.828034e+03[39m
      0 Linear |R| = [32m6.828034e+03[39m
      1 Linear |R| = [32m1.233709e+03[39m
      2 Linear |R| = [32m4.041012e+02[39m
      3 Linear |R| = [32m1.542673e+02[39m
      4 Linear |R| = [32m6.476342e+01[39m
      5 Linear |R| = [32m2.793689e+01[39m
      6 Linear |R| = [32m1.085109e+01[39m
      7 Linear |R| = [32m4.543934e+00[39m
      8 Linear |R| = [32m2.105323e+00[39m
      9 Linear |R| = [32m9.838805e-01[39m
     10 Linear |R| = [32m4.928300e-01[39m
     11 Linear |R| = [32m2.471535e-01[39m
     12 Linear |R| = [32m1.153665e-01[39m
     13 Linear |R| = [32m5.586915e-02[39m
 1 Nonlinear |R| = [32m5.586916e-02[39m
      0 Linear |R| = [32m5.586916e-02[39m
      1 Linear |R| = [32m3.532876e-02[39m
      2 Linear |R| = [32m2.127007e-02[39m
      3 Linear |R| = [32m1.426102e-02[39m
      4 Linear |R| = [32m1.022173e-02[39m
      5 Linear |R| = [32m7.522835e-03[39m
      6 Linear |R| = [32m5.418317e-03[39m
      7 Linear |R| = [32m4.251516e-03[39m
      8 Linear |R| = [32m3.467448e-03[39m
      9 Linear |R| = [32m2.801142e-03[39m
     10 Linear |R| = [32m2.113276e-03[39m
     11 Linear |R| = [32m1.509517e-03[39m
     12 Linear |R| = [32m1.010827e-03[39m
     13 Linear |R| = [32m6.470304e-04[39m
     14 Linear |R| = [32m3.981981e-04[39m
     15 Linear |R| = [32m2.026948e-04[39m
     16 Linear |R| = [32m9.715765e-05[39m
     17 Linear |R| = [32m4.225479e-05[39m
     18 Linear |R| = [32m1.822311e-05[39m
     19 Linear |R| = [32m8.024291e-06[39m
     20 Linear |R| = [32m3.556410e-06[39m
     21 Linear |R| = [32m1.832141e-06[39m
     22 Linear |R| = [32m1.022546e-06[39m
     23 Linear |R| = [32m5.684648e-07[39m
     24 Linear |R| = [32m3.043041e-07[39m
 2 Nonlinear |R| = [32m3.043047e-07[39m
[32m Solve Converged![39m
  Finished Solving                                                                       [[33m  7.40 s[39m] [[33m  300 MB[39m]

Postprocessor Values:
+----------------+----------------+----------------+----------------+
| time           | shear_max      | top_disp_x     | top_reaction_x |
+----------------+----------------+----------------+----------------+
|   0.000000e+00 |   0.000000e+00 |   0.000000e+00 |   0.000000e+00 |
|   5.000000e-02 |   2.614497e+04 |   2.500000e-05 |   1.721980e+04 |
|   1.000000e-01 |   5.228994e+04 |   5.000000e-05 |   3.443961e+04 |
|   1.500000e-01 |   7.843491e+04 |   7.500000e-05 |   5.165941e+04 |
|   2.000000e-01 |   1.045799e+05 |   1.000000e-04 |   6.887922e+04 |
|   2.500000e-01 |   1.307249e+05 |   1.250000e-04 |   8.609902e+04 |
|   3.000000e-01 |   1.568698e+05 |   1.500000e-04 |   1.033188e+05 |
|   3.500000e-01 |   1.830148e+05 |   1.750000e-04 |   1.205386e+05 |
|   4.000000e-01 |   2.091598e+05 |   2.000000e-04 |   1.377584e+05 |
|   4.500000e-01 |   2.353047e+05 |   2.250000e-04 |   1.549782e+05 |
+----------------+----------------+----------------+----------------+


Time Step 10, time = 0.5, dt = 0.05
 0 Nonlinear |R| = [32m6.828034e+03[39m
      0 Linear |R| = [32m6.828034e+03[39m
      1 Linear |R| = [32m1.233709e+03[39m
      2 Linear |R| = [32m4.041012e+02[39m
      3 Linear |R| = [32m1.542673e+02[39m
      4 Linear |R| = [32m6.476342e+01[39m
      5 Linear |R| = [32m2.793689e+01[39m
      6 Linear |R| = [32m1.085109e+01[39m
      7 Linear |R| = [32m4.543934e+00[39m
      8 Linear |R| = [32m2.105323e+00[39m
      9 Linear |R| = [32m9.838805e-01[39m
     10 Linear |R| = [32m4.928300e-01[39m
     11 Linear |R| = [32m2.471535e-01[39m
     12 Linear |R| = [32m1.153665e-01[39m
     13 Linear |R| = [32m5.586915e-02[39m
 1 Nonlinear |R| = [32m5.586914e-02[39m
      0 Linear |R| = [32m5.586914e-02[39m
      1 Linear |R| = [32m3.532876e-02[39m
      2 Linear |R| = [32m2.127007e-02[39m
      3 Linear |R| = [32m1.426101e-02[39m
      4 Linear |R| = [32m1.022174e-02[39m
      5 Linear |R| = [32m7.522835e-03[39m
      6 Linear |R| = [32m5.418317e-03[39m
      7 Linear |R| = [32m4.251515e-03[39m
      8 Linear |R| = [32m3.467449e-03[39m
      9 Linear |R| = [32m2.801142e-03[39m
     10 Linear |R| = [32m2.113276e-03[39m
     11 Linear |R| = [32m1.509518e-03[39m
     12 Linear |R| = [32m1.010827e-03[39m
     13 Linear |R| = [32m6.470305e-04[39m
     14 Linear |R| = [32m3.981981e-04[39m
     15 Linear |R| = [32m2.026949e-04[39m
     16 Linear |R| = [32m9.715753e-05[39m
     17 Linear |R| = [32m4.225480e-05[39m
     18 Linear |R| = [32m1.822310e-05[39m
     19 Linear |R| = [32m8.024293e-06[39m
     20 Linear |R| = [32m3.556406e-06[39m
     21 Linear |R| = [32m1.832142e-06[39m
     22 Linear |R| = [32m1.022545e-06[39m
     23 Linear |R| = [32m5.684648e-07[39m
     24 Linear |R| = [32m3.043038e-07[39m
 2 Nonlinear |R| = [32m3.043035e-07[39m
[32m Solve Converged![39m
  Finished Solving                                                                       [[33m  7.45 s[39m] [[33m  300 MB[39m]

Postprocessor Values:
+----------------+----------------+----------------+----------------+
| time           | shear_max      | top_disp_x     | top_reaction_x |
+----------------+----------------+----------------+----------------+
|   0.000000e+00 |   0.000000e+00 |   0.000000e+00 |   0.000000e+00 |
|   5.000000e-02 |   2.614497e+04 |   2.500000e-05 |   1.721980e+04 |
|   1.000000e-01 |   5.228994e+04 |   5.000000e-05 |   3.443961e+04 |
|   1.500000e-01 |   7.843491e+04 |   7.500000e-05 |   5.165941e+04 |
|   2.000000e-01 |   1.045799e+05 |   1.000000e-04 |   6.887922e+04 |
|   2.500000e-01 |   1.307249e+05 |   1.250000e-04 |   8.609902e+04 |
|   3.000000e-01 |   1.568698e+05 |   1.500000e-04 |   1.033188e+05 |
|   3.500000e-01 |   1.830148e+05 |   1.750000e-04 |   1.205386e+05 |
|   4.000000e-01 |   2.091598e+05 |   2.000000e-04 |   1.377584e+05 |
|   4.500000e-01 |   2.353047e+05 |   2.250000e-04 |   1.549782e+05 |
|   5.000000e-01 |   2.614497e+05 |   2.500000e-04 |   1.721980e+05 |
+----------------+----------------+----------------+----------------+


Time Step 11, time = 0.55, dt = 0.05
 0 Nonlinear |R| = [32m6.828034e+03[39m
      0 Linear |R| = [32m6.828034e+03[39m
      1 Linear |R| = [32m1.233709e+03[39m
      2 Linear |R| = [32m4.041012e+02[39m
      3 Linear |R| = [32m1.542673e+02[39m
      4 Linear |R| = [32m6.476342e+01[39m
      5 Linear |R| = [32m2.793689e+01[39m
      6 Linear |R| = [32m1.085109e+01[39m
      7 Linear |R| = [32m4.543934e+00[39m
      8 Linear |R| = [32m2.105323e+00[39m
      9 Linear |R| = [32m9.838805e-01[39m
     10 Linear |R| = [32m4.928300e-01[39m
     11 Linear |R| = [32m2.471535e-01[39m
     12 Linear |R| = [32m1.153665e-01[39m
     13 Linear |R| = [32m5.586915e-02[39m
 1 Nonlinear |R| = [32m5.586911e-02[39m
      0 Linear |R| = [32m5.586911e-02[39m
      1 Linear |R| = [32m3.532876e-02[39m
      2 Linear |R| = [32m2.127005e-02[39m
      3 Linear |R| = [32m1.426101e-02[39m
      4 Linear |R| = [32m1.022173e-02[39m
      5 Linear |R| = [32m7.522832e-03[39m
      6 Linear |R| = [32m5.418314e-03[39m
      7 Linear |R| = [32m4.251515e-03[39m
      8 Linear |R| = [32m3.467448e-03[39m
      9 Linear |R| = [32m2.801141e-03[39m
     10 Linear |R| = [32m2.113276e-03[39m
     11 Linear |R| = [32m1.509517e-03[39m
     12 Linear |R| = [32m1.010827e-03[39m
     13 Linear |R| = [32m6.470301e-04[39m
     14 Linear |R| = [32m3.981979e-04[39m
     15 Linear |R| = [32m2.026946e-04[39m
     16 Linear |R| = [32m9.715768e-05[39m
     17 Linear |R| = [32m4.225473e-05[39m
     18 Linear |R| = [32m1.822310e-05[39m
     19 Linear |R| = [32m8.024284e-06[39m
     20 Linear |R| = [32m3.556408e-06[39m
     21 Linear |R| = [32m1.832141e-06[39m
     22 Linear |R| = [32m1.022545e-06[39m
     23 Linear |R| = [32m5.684644e-07[39m
     24 Linear |R| = [32m3.043039e-07[39m
 2 Nonlinear |R| = [32m3.043042e-07[39m
  Finished Solving                                                                       [[33m  7.44 s[39m] [[33m  312 MB[39m]
[32m Solve Converged![39m

Postprocessor Values:
+----------------+----------------+----------------+----------------+
| time           | shear_max      | top_disp_x     | top_reaction_x |
+----------------+----------------+----------------+----------------+
|   0.000000e+00 |   0.000000e+00 |   0.000000e+00 |   0.000000e+00 |
|   5.000000e-02 |   2.614497e+04 |   2.500000e-05 |   1.721980e+04 |
|   1.000000e-01 |   5.228994e+04 |   5.000000e-05 |   3.443961e+04 |
|   1.500000e-01 |   7.843491e+04 |   7.500000e-05 |   5.165941e+04 |
|   2.000000e-01 |   1.045799e+05 |   1.000000e-04 |   6.887922e+04 |
|   2.500000e-01 |   1.307249e+05 |   1.250000e-04 |   8.609902e+04 |
|   3.000000e-01 |   1.568698e+05 |   1.500000e-04 |   1.033188e+05 |
|   3.500000e-01 |   1.830148e+05 |   1.750000e-04 |   1.205386e+05 |
|   4.000000e-01 |   2.091598e+05 |   2.000000e-04 |   1.377584e+05 |
|   4.500000e-01 |   2.353047e+05 |   2.250000e-04 |   1.549782e+05 |
|   5.000000e-01 |   2.614497e+05 |   2.500000e-04 |   1.721980e+05 |
|   5.500000e-01 |   2.875947e+05 |   2.750000e-04 |   1.894178e+05 |
+----------------+----------------+----------------+----------------+


Time Step 12, time = 0.6, dt = 0.05
 0 Nonlinear |R| = [32m6.828034e+03[39m
      0 Linear |R| = [32m6.828034e+03[39m
      1 Linear |R| = [32m1.233709e+03[39m
      2 Linear |R| = [32m4.041012e+02[39m
      3 Linear |R| = [32m1.542673e+02[39m
      4 Linear |R| = [32m6.476342e+01[39m
      5 Linear |R| = [32m2.793689e+01[39m
      6 Linear |R| = [32m1.085109e+01[39m
      7 Linear |R| = [32m4.543934e+00[39m
      8 Linear |R| = [32m2.105323e+00[39m
      9 Linear |R| = [32m9.838805e-01[39m
     10 Linear |R| = [32m4.928300e-01[39m
     11 Linear |R| = [32m2.471535e-01[39m
     12 Linear |R| = [32m1.153665e-01[39m
     13 Linear |R| = [32m5.586915e-02[39m
 1 Nonlinear |R| = [32m5.586911e-02[39m
      0 Linear |R| = [32m5.586911e-02[39m
      1 Linear |R| = [32m3.532876e-02[39m
      2 Linear |R| = [32m2.127005e-02[39m
      3 Linear |R| = [32m1.426102e-02[39m
      4 Linear |R| = [32m1.022173e-02[39m
      5 Linear |R| = [32m7.522834e-03[39m
      6 Linear |R| = [32m5.418314e-03[39m
      7 Linear |R| = [32m4.251515e-03[39m
      8 Linear |R| = [32m3.467448e-03[39m
      9 Linear |R| = [32m2.801141e-03[39m
     10 Linear |R| = [32m2.113276e-03[39m
     11 Linear |R| = [32m1.509517e-03[39m
     12 Linear |R| = [32m1.010826e-03[39m
     13 Linear |R| = [32m6.470299e-04[39m
     14 Linear |R| = [32m3.981980e-04[39m
     15 Linear |R| = [32m2.026947e-04[39m
     16 Linear |R| = [32m9.715763e-05[39m
     17 Linear |R| = [32m4.225477e-05[39m
     18 Linear |R| = [32m1.822310e-05[39m
     19 Linear |R| = [32m8.024291e-06[39m
     20 Linear |R| = [32m3.556406e-06[39m
     21 Linear |R| = [32m1.832142e-06[39m
     22 Linear |R| = [32m1.022545e-06[39m
     23 Linear |R| = [32m5.684649e-07[39m
     24 Linear |R| = [32m3.043040e-07[39m
 2 Nonlinear |R| = [32m3.043086e-07[39m
  Finished Solving                                                                       [[33m  7.48 s[39m] [[33m  304 MB[39m]
[32m Solve Converged![39m

Postprocessor Values:
+----------------+----------------+----------------+----------------+
| time           | shear_max      | top_disp_x     | top_reaction_x |
+----------------+----------------+----------------+----------------+
|   0.000000e+00 |   0.000000e+00 |   0.000000e+00 |   0.000000e+00 |
|   5.000000e-02 |   2.614497e+04 |   2.500000e-05 |   1.721980e+04 |
|   1.000000e-01 |   5.228994e+04 |   5.000000e-05 |   3.443961e+04 |
|   1.500000e-01 |   7.843491e+04 |   7.500000e-05 |   5.165941e+04 |
|   2.000000e-01 |   1.045799e+05 |   1.000000e-04 |   6.887922e+04 |
|   2.500000e-01 |   1.307249e+05 |   1.250000e-04 |   8.609902e+04 |
|   3.000000e-01 |   1.568698e+05 |   1.500000e-04 |   1.033188e+05 |
|   3.500000e-01 |   1.830148e+05 |   1.750000e-04 |   1.205386e+05 |
|   4.000000e-01 |   2.091598e+05 |   2.000000e-04 |   1.377584e+05 |
|   4.500000e-01 |   2.353047e+05 |   2.250000e-04 |   1.549782e+05 |
|   5.000000e-01 |   2.614497e+05 |   2.500000e-04 |   1.721980e+05 |
|   5.500000e-01 |   2.875947e+05 |   2.750000e-04 |   1.894178e+05 |
|   6.000000e-01 |   3.137397e+05 |   3.000000e-04 |   2.066376e+05 |
+----------------+----------------+----------------+----------------+


Time Step 13, time = 0.65, dt = 0.05
 0 Nonlinear |R| = [32m6.828034e+03[39m
      0 Linear |R| = [32m6.828034e+03[39m
      1 Linear |R| = [32m1.233709e+03[39m
      2 Linear |R| = [32m4.041012e+02[39m
      3 Linear |R| = [32m1.542673e+02[39m
      4 Linear |R| = [32m6.476342e+01[39m
      5 Linear |R| = [32m2.793689e+01[39m
      6 Linear |R| = [32m1.085109e+01[39m
      7 Linear |R| = [32m4.543934e+00[39m
      8 Linear |R| = [32m2.105323e+00[39m
      9 Linear |R| = [32m9.838805e-01[39m
     10 Linear |R| = [32m4.928300e-01[39m
     11 Linear |R| = [32m2.471535e-01[39m
     12 Linear |R| = [32m1.153665e-01[39m
     13 Linear |R| = [32m5.586915e-02[39m
 1 Nonlinear |R| = [32m5.586918e-02[39m
      0 Linear |R| = [32m5.586918e-02[39m
      1 Linear |R| = [32m3.532876e-02[39m
      2 Linear |R| = [32m2.127005e-02[39m
      3 Linear |R| = [32m1.426102e-02[39m
      4 Linear |R| = [32m1.022173e-02[39m
      5 Linear |R| = [32m7.522833e-03[39m
      6 Linear |R| = [32m5.418316e-03[39m
      7 Linear |R| = [32m4.251516e-03[39m
      8 Linear |R| = [32m3.467448e-03[39m
      9 Linear |R| = [32m2.801142e-03[39m
     10 Linear |R| = [32m2.113277e-03[39m
     11 Linear |R| = [32m1.509518e-03[39m
     12 Linear |R| = [32m1.010827e-03[39m
     13 Linear |R| = [32m6.470306e-04[39m
     14 Linear |R| = [32m3.981983e-04[39m
     15 Linear |R| = [32m2.026948e-04[39m
     16 Linear |R| = [32m9.715757e-05[39m
     17 Linear |R| = [32m4.225473e-05[39m
     18 Linear |R| = [32m1.822311e-05[39m
     19 Linear |R| = [32m8.024290e-06[39m
     20 Linear |R| = [32m3.556407e-06[39m
     21 Linear |R| = [32m1.832139e-06[39m
     22 Linear |R| = [32m1.022545e-06[39m
     23 Linear |R| = [32m5.684647e-07[39m
     24 Linear |R| = [32m3.043036e-07[39m
 2 Nonlinear |R| = [32m3.043163e-07[39m
[32m Solve Converged![39m
  Finished Solving                                                                       [[33m  7.68 s[39m] [[33m  292 MB[39m]

Postprocessor Values:
+----------------+----------------+----------------+----------------+
| time           | shear_max      | top_disp_x     | top_reaction_x |
+----------------+----------------+----------------+----------------+
|   0.000000e+00 |   0.000000e+00 |   0.000000e+00 |   0.000000e+00 |
|   5.000000e-02 |   2.614497e+04 |   2.500000e-05 |   1.721980e+04 |
|   1.000000e-01 |   5.228994e+04 |   5.000000e-05 |   3.443961e+04 |
|   1.500000e-01 |   7.843491e+04 |   7.500000e-05 |   5.165941e+04 |
|   2.000000e-01 |   1.045799e+05 |   1.000000e-04 |   6.887922e+04 |
|   2.500000e-01 |   1.307249e+05 |   1.250000e-04 |   8.609902e+04 |
|   3.000000e-01 |   1.568698e+05 |   1.500000e-04 |   1.033188e+05 |
|   3.500000e-01 |   1.830148e+05 |   1.750000e-04 |   1.205386e+05 |
|   4.000000e-01 |   2.091598e+05 |   2.000000e-04 |   1.377584e+05 |
|   4.500000e-01 |   2.353047e+05 |   2.250000e-04 |   1.549782e+05 |
|   5.000000e-01 |   2.614497e+05 |   2.500000e-04 |   1.721980e+05 |
|   5.500000e-01 |   2.875947e+05 |   2.750000e-04 |   1.894178e+05 |
|   6.000000e-01 |   3.137397e+05 |   3.000000e-04 |   2.066376e+05 |
|   6.500000e-01 |   3.398846e+05 |   3.250000e-04 |   2.238575e+05 |
+----------------+----------------+----------------+----------------+


Time Step 14, time = 0.7, dt = 0.05
 0 Nonlinear |R| = [32m6.828034e+03[39m
      0 Linear |R| = [32m6.828034e+03[39m
      1 Linear |R| = [32m1.233709e+03[39m
      2 Linear |R| = [32m4.041012e+02[39m
      3 Linear |R| = [32m1.542673e+02[39m
      4 Linear |R| = [32m6.476342e+01[39m
      5 Linear |R| = [32m2.793689e+01[39m
      6 Linear |R| = [32m1.085109e+01[39m
      7 Linear |R| = [32m4.543934e+00[39m
      8 Linear |R| = [32m2.105323e+00[39m
      9 Linear |R| = [32m9.838805e-01[39m
     10 Linear |R| = [32m4.928300e-01[39m
     11 Linear |R| = [32m2.471535e-01[39m
     12 Linear |R| = [32m1.153665e-01[39m
     13 Linear |R| = [32m5.586915e-02[39m
 1 Nonlinear |R| = [32m5.586916e-02[39m
      0 Linear |R| = [32m5.586916e-02[39m
      1 Linear |R| = [32m3.532876e-02[39m
      2 Linear |R| = [32m2.127006e-02[39m
      3 Linear |R| = [32m1.426102e-02[39m
      4 Linear |R| = [32m1.022173e-02[39m
      5 Linear |R| = [32m7.522833e-03[39m
      6 Linear |R| = [32m5.418316e-03[39m
      7 Linear |R| = [32m4.251515e-03[39m
      8 Linear |R| = [32m3.467449e-03[39m
      9 Linear |R| = [32m2.801141e-03[39m
     10 Linear |R| = [32m2.113276e-03[39m
     11 Linear |R| = [32m1.509518e-03[39m
     12 Linear |R| = [32m1.010827e-03[39m
     13 Linear |R| = [32m6.470304e-04[39m
     14 Linear |R| = [32m3.981983e-04[39m
     15 Linear |R| = [32m2.026947e-04[39m
     16 Linear |R| = [32m9.715773e-05[39m
     17 Linear |R| = [32m4.225476e-05[39m
     18 Linear |R| = [32m1.822311e-05[39m
     19 Linear |R| = [32m8.024293e-06[39m
     20 Linear |R| = [32m3.556409e-06[39m
     21 Linear |R| = [32m1.832141e-06[39m
     22 Linear |R| = [32m1.022546e-06[39m
     23 Linear |R| = [32m5.684650e-07[39m
     24 Linear |R| = [32m3.043040e-07[39m
 2 Nonlinear |R| = [32m3.043047e-07[39m
[32m Solve Converged![39m
  Finished Solving                                                                       [[33m  7.58 s[39m] [[33m  303 MB[39m]

Postprocessor Values:
+----------------+----------------+----------------+----------------+
| time           | shear_max      | top_disp_x     | top_reaction_x |
+----------------+----------------+----------------+----------------+
|   0.000000e+00 |   0.000000e+00 |   0.000000e+00 |   0.000000e+00 |
|   5.000000e-02 |   2.614497e+04 |   2.500000e-05 |   1.721980e+04 |
|   1.000000e-01 |   5.228994e+04 |   5.000000e-05 |   3.443961e+04 |
|   1.500000e-01 |   7.843491e+04 |   7.500000e-05 |   5.165941e+04 |
|   2.000000e-01 |   1.045799e+05 |   1.000000e-04 |   6.887922e+04 |
|   2.500000e-01 |   1.307249e+05 |   1.250000e-04 |   8.609902e+04 |
|   3.000000e-01 |   1.568698e+05 |   1.500000e-04 |   1.033188e+05 |
|   3.500000e-01 |   1.830148e+05 |   1.750000e-04 |   1.205386e+05 |
|   4.000000e-01 |   2.091598e+05 |   2.000000e-04 |   1.377584e+05 |
|   4.500000e-01 |   2.353047e+05 |   2.250000e-04 |   1.549782e+05 |
|   5.000000e-01 |   2.614497e+05 |   2.500000e-04 |   1.721980e+05 |
|   5.500000e-01 |   2.875947e+05 |   2.750000e-04 |   1.894178e+05 |
|   6.000000e-01 |   3.137397e+05 |   3.000000e-04 |   2.066376e+05 |
|   6.500000e-01 |   3.398846e+05 |   3.250000e-04 |   2.238575e+05 |
|   7.000000e-01 |   3.660296e+05 |   3.500000e-04 |   2.410773e+05 |
+----------------+----------------+----------------+----------------+


Time Step 15, time = 0.75, dt = 0.05
 0 Nonlinear |R| = [32m6.828034e+03[39m
      0 Linear |R| = [32m6.828034e+03[39m
      1 Linear |R| = [32m1.233709e+03[39m
      2 Linear |R| = [32m4.041012e+02[39m
      3 Linear |R| = [32m1.542673e+02[39m
      4 Linear |R| = [32m6.476342e+01[39m
      5 Linear |R| = [32m2.793689e+01[39m
      6 Linear |R| = [32m1.085109e+01[39m
      7 Linear |R| = [32m4.543934e+00[39m
      8 Linear |R| = [32m2.105323e+00[39m
      9 Linear |R| = [32m9.838805e-01[39m
     10 Linear |R| = [32m4.928300e-01[39m
     11 Linear |R| = [32m2.471535e-01[39m
     12 Linear |R| = [32m1.153665e-01[39m
     13 Linear |R| = [32m5.586915e-02[39m
 1 Nonlinear |R| = [32m5.586915e-02[39m
      0 Linear |R| = [32m5.586915e-02[39m
      1 Linear |R| = [32m3.532876e-02[39m
      2 Linear |R| = [32m2.127007e-02[39m
      3 Linear |R| = [32m1.426102e-02[39m
      4 Linear |R| = [32m1.022173e-02[39m
      5 Linear |R| = [32m7.522836e-03[39m
      6 Linear |R| = [32m5.418321e-03[39m
      7 Linear |R| = [32m4.251514e-03[39m
      8 Linear |R| = [32m3.467449e-03[39m
      9 Linear |R| = [32m2.801142e-03[39m
     10 Linear |R| = [32m2.113276e-03[39m
     11 Linear |R| = [32m1.509518e-03[39m
     12 Linear |R| = [32m1.010827e-03[39m
     13 Linear |R| = [32m6.470303e-04[39m
     14 Linear |R| = [32m3.981982e-04[39m
     15 Linear |R| = [32m2.026948e-04[39m
     16 Linear |R| = [32m9.715761e-05[39m
     17 Linear |R| = [32m4.225480e-05[39m
     18 Linear |R| = [32m1.822309e-05[39m
     19 Linear |R| = [32m8.024291e-06[39m
     20 Linear |R| = [32m3.556407e-06[39m
     21 Linear |R| = [32m1.832140e-06[39m
     22 Linear |R| = [32m1.022545e-06[39m
     23 Linear |R| = [32m5.684647e-07[39m
     24 Linear |R| = [32m3.043038e-07[39m
 2 Nonlinear |R| = [32m3.043090e-07[39m
[32m Solve Converged![39m
  Finished Solving                                                                       [[33m  7.81 s[39m] [[33m  292 MB[39m]

Postprocessor Values:
+----------------+----------------+----------------+----------------+
| time           | shear_max      | top_disp_x     | top_reaction_x |
+----------------+----------------+----------------+----------------+
:                :                :                :                :
|   5.000000e-02 |   2.614497e+04 |   2.500000e-05 |   1.721980e+04 |
|   1.000000e-01 |   5.228994e+04 |   5.000000e-05 |   3.443961e+04 |
|   1.500000e-01 |   7.843491e+04 |   7.500000e-05 |   5.165941e+04 |
|   2.000000e-01 |   1.045799e+05 |   1.000000e-04 |   6.887922e+04 |
|   2.500000e-01 |   1.307249e+05 |   1.250000e-04 |   8.609902e+04 |
|   3.000000e-01 |   1.568698e+05 |   1.500000e-04 |   1.033188e+05 |
|   3.500000e-01 |   1.830148e+05 |   1.750000e-04 |   1.205386e+05 |
|   4.000000e-01 |   2.091598e+05 |   2.000000e-04 |   1.377584e+05 |
|   4.500000e-01 |   2.353047e+05 |   2.250000e-04 |   1.549782e+05 |
|   5.000000e-01 |   2.614497e+05 |   2.500000e-04 |   1.721980e+05 |
|   5.500000e-01 |   2.875947e+05 |   2.750000e-04 |   1.894178e+05 |
|   6.000000e-01 |   3.137397e+05 |   3.000000e-04 |   2.066376e+05 |
|   6.500000e-01 |   3.398846e+05 |   3.250000e-04 |   2.238575e+05 |
|   7.000000e-01 |   3.660296e+05 |   3.500000e-04 |   2.410773e+05 |
|   7.500000e-01 |   3.921746e+05 |   3.750000e-04 |   2.582971e+05 |
+----------------+----------------+----------------+----------------+


Time Step 16, time = 0.8, dt = 0.05
 0 Nonlinear |R| = [32m6.828034e+03[39m
      0 Linear |R| = [32m6.828034e+03[39m
      1 Linear |R| = [32m1.233709e+03[39m
      2 Linear |R| = [32m4.041012e+02[39m
      3 Linear |R| = [32m1.542673e+02[39m
      4 Linear |R| = [32m6.476342e+01[39m
      5 Linear |R| = [32m2.793689e+01[39m
      6 Linear |R| = [32m1.085109e+01[39m
      7 Linear |R| = [32m4.543934e+00[39m
      8 Linear |R| = [32m2.105323e+00[39m
      9 Linear |R| = [32m9.838805e-01[39m
     10 Linear |R| = [32m4.928300e-01[39m
     11 Linear |R| = [32m2.471535e-01[39m
     12 Linear |R| = [32m1.153665e-01[39m
     13 Linear |R| = [32m5.586915e-02[39m
 1 Nonlinear |R| = [32m5.586916e-02[39m
      0 Linear |R| = [32m5.586916e-02[39m
      1 Linear |R| = [32m3.532877e-02[39m
      2 Linear |R| = [32m2.127007e-02[39m
      3 Linear |R| = [32m1.426101e-02[39m
      4 Linear |R| = [32m1.022174e-02[39m
      5 Linear |R| = [32m7.522837e-03[39m
      6 Linear |R| = [32m5.418316e-03[39m
      7 Linear |R| = [32m4.251517e-03[39m
      8 Linear |R| = [32m3.467448e-03[39m
      9 Linear |R| = [32m2.801143e-03[39m
     10 Linear |R| = [32m2.113276e-03[39m
     11 Linear |R| = [32m1.509518e-03[39m
     12 Linear |R| = [32m1.010827e-03[39m
     13 Linear |R| = [32m6.470309e-04[39m
     14 Linear |R| = [32m3.981981e-04[39m
     15 Linear |R| = [32m2.026950e-04[39m
     16 Linear |R| = [32m9.715766e-05[39m
     17 Linear |R| = [32m4.225485e-05[39m
     18 Linear |R| = [32m1.822312e-05[39m
     19 Linear |R| = [32m8.024295e-06[39m
     20 Linear |R| = [32m3.556410e-06[39m
     21 Linear |R| = [32m1.832144e-06[39m
     22 Linear |R| = [32m1.022546e-06[39m
     23 Linear |R| = [32m5.684650e-07[39m
     24 Linear |R| = [32m3.043040e-07[39m
 2 Nonlinear |R| = [32m3.043126e-07[39m
  Finished Solving                                                                       [[33m  7.49 s[39m] [[33m  292 MB[39m]
[32m Solve Converged![39m

Postprocessor Values:
+----------------+----------------+----------------+----------------+
| time           | shear_max      | top_disp_x     | top_reaction_x |
+----------------+----------------+----------------+----------------+
:                :                :                :                :
|   1.000000e-01 |   5.228994e+04 |   5.000000e-05 |   3.443961e+04 |
|   1.500000e-01 |   7.843491e+04 |   7.500000e-05 |   5.165941e+04 |
|   2.000000e-01 |   1.045799e+05 |   1.000000e-04 |   6.887922e+04 |
|   2.500000e-01 |   1.307249e+05 |   1.250000e-04 |   8.609902e+04 |
|   3.000000e-01 |   1.568698e+05 |   1.500000e-04 |   1.033188e+05 |
|   3.500000e-01 |   1.830148e+05 |   1.750000e-04 |   1.205386e+05 |
|   4.000000e-01 |   2.091598e+05 |   2.000000e-04 |   1.377584e+05 |
|   4.500000e-01 |   2.353047e+05 |   2.250000e-04 |   1.549782e+05 |
|   5.000000e-01 |   2.614497e+05 |   2.500000e-04 |   1.721980e+05 |
|   5.500000e-01 |   2.875947e+05 |   2.750000e-04 |   1.894178e+05 |
|   6.000000e-01 |   3.137397e+05 |   3.000000e-04 |   2.066376e+05 |
|   6.500000e-01 |   3.398846e+05 |   3.250000e-04 |   2.238575e+05 |
|   7.000000e-01 |   3.660296e+05 |   3.500000e-04 |   2.410773e+05 |
|   7.500000e-01 |   3.921746e+05 |   3.750000e-04 |   2.582971e+05 |
|   8.000000e-01 |   4.183195e+05 |   4.000000e-04 |   2.755169e+05 |
+----------------+----------------+----------------+----------------+


Time Step 17, time = 0.85, dt = 0.05
 0 Nonlinear |R| = [32m6.828034e+03[39m
      0 Linear |R| = [32m6.828034e+03[39m
      1 Linear |R| = [32m1.233709e+03[39m
      2 Linear |R| = [32m4.041012e+02[39m
      3 Linear |R| = [32m1.542673e+02[39m
      4 Linear |R| = [32m6.476342e+01[39m
      5 Linear |R| = [32m2.793689e+01[39m
      6 Linear |R| = [32m1.085109e+01[39m
      7 Linear |R| = [32m4.543934e+00[39m
      8 Linear |R| = [32m2.105323e+00[39m
      9 Linear |R| = [32m9.838805e-01[39m
     10 Linear |R| = [32m4.928300e-01[39m
     11 Linear |R| = [32m2.471535e-01[39m
     12 Linear |R| = [32m1.153665e-01[39m
     13 Linear |R| = [32m5.586915e-02[39m
 1 Nonlinear |R| = [32m5.586921e-02[39m
      0 Linear |R| = [32m5.586921e-02[39m
      1 Linear |R| = [32m3.532877e-02[39m
      2 Linear |R| = [32m2.127008e-02[39m
      3 Linear |R| = [32m1.426101e-02[39m
      4 Linear |R| = [32m1.022174e-02[39m
      5 Linear |R| = [32m7.522839e-03[39m
      6 Linear |R| = [32m5.418320e-03[39m
      7 Linear |R| = [32m4.251515e-03[39m
      8 Linear |R| = [32m3.467448e-03[39m
      9 Linear |R| = [32m2.801142e-03[39m
     10 Linear |R| = [32m2.113276e-03[39m
     11 Linear |R| = [32m1.509519e-03[39m
     12 Linear |R| = [32m1.010826e-03[39m
     13 Linear |R| = [32m6.470309e-04[39m
     14 Linear |R| = [32m3.981981e-04[39m
     15 Linear |R| = [32m2.026950e-04[39m
     16 Linear |R| = [32m9.715751e-05[39m
     17 Linear |R| = [32m4.225480e-05[39m
     18 Linear |R| = [32m1.822310e-05[39m
     19 Linear |R| = [32m8.024296e-06[39m
     20 Linear |R| = [32m3.556405e-06[39m
     21 Linear |R| = [32m1.832140e-06[39m
     22 Linear |R| = [32m1.022545e-06[39m
     23 Linear |R| = [32m5.684647e-07[39m
     24 Linear |R| = [32m3.043037e-07[39m
 2 Nonlinear |R| = [32m3.043089e-07[39m
[32m Solve Converged![39m
  Finished Solving                                                                       [[33m  7.46 s[39m] [[33m  292 MB[39m]

Postprocessor Values:
+----------------+----------------+----------------+----------------+
| time           | shear_max      | top_disp_x     | top_reaction_x |
+----------------+----------------+----------------+----------------+
:                :                :                :                :
|   1.500000e-01 |   7.843491e+04 |   7.500000e-05 |   5.165941e+04 |
|   2.000000e-01 |   1.045799e+05 |   1.000000e-04 |   6.887922e+04 |
|   2.500000e-01 |   1.307249e+05 |   1.250000e-04 |   8.609902e+04 |
|   3.000000e-01 |   1.568698e+05 |   1.500000e-04 |   1.033188e+05 |
|   3.500000e-01 |   1.830148e+05 |   1.750000e-04 |   1.205386e+05 |
|   4.000000e-01 |   2.091598e+05 |   2.000000e-04 |   1.377584e+05 |
|   4.500000e-01 |   2.353047e+05 |   2.250000e-04 |   1.549782e+05 |
|   5.000000e-01 |   2.614497e+05 |   2.500000e-04 |   1.721980e+05 |
|   5.500000e-01 |   2.875947e+05 |   2.750000e-04 |   1.894178e+05 |
|   6.000000e-01 |   3.137397e+05 |   3.000000e-04 |   2.066376e+05 |
|   6.500000e-01 |   3.398846e+05 |   3.250000e-04 |   2.238575e+05 |
|   7.000000e-01 |   3.660296e+05 |   3.500000e-04 |   2.410773e+05 |
|   7.500000e-01 |   3.921746e+05 |   3.750000e-04 |   2.582971e+05 |
|   8.000000e-01 |   4.183195e+05 |   4.000000e-04 |   2.755169e+05 |
|   8.500000e-01 |   4.444645e+05 |   4.250000e-04 |   2.927367e+05 |
+----------------+----------------+----------------+----------------+


Time Step 18, time = 0.9, dt = 0.05
 0 Nonlinear |R| = [32m6.828034e+03[39m
      0 Linear |R| = [32m6.828034e+03[39m
      1 Linear |R| = [32m1.233709e+03[39m
      2 Linear |R| = [32m4.041012e+02[39m
      3 Linear |R| = [32m1.542673e+02[39m
      4 Linear |R| = [32m6.476342e+01[39m
      5 Linear |R| = [32m2.793689e+01[39m
      6 Linear |R| = [32m1.085109e+01[39m
      7 Linear |R| = [32m4.543934e+00[39m
      8 Linear |R| = [32m2.105323e+00[39m
      9 Linear |R| = [32m9.838805e-01[39m
     10 Linear |R| = [32m4.928300e-01[39m
     11 Linear |R| = [32m2.471535e-01[39m
     12 Linear |R| = [32m1.153665e-01[39m
     13 Linear |R| = [32m5.586915e-02[39m
 1 Nonlinear |R| = [32m5.586908e-02[39m
      0 Linear |R| = [32m5.586908e-02[39m
      1 Linear |R| = [32m3.532875e-02[39m
      2 Linear |R| = [32m2.127004e-02[39m
      3 Linear |R| = [32m1.426101e-02[39m
      4 Linear |R| = [32m1.022173e-02[39m
      5 Linear |R| = [32m7.522832e-03[39m
      6 Linear |R| = [32m5.418316e-03[39m
      7 Linear |R| = [32m4.251515e-03[39m
      8 Linear |R| = [32m3.467447e-03[39m
      9 Linear |R| = [32m2.801140e-03[39m
     10 Linear |R| = [32m2.113275e-03[39m
     11 Linear |R| = [32m1.509518e-03[39m
     12 Linear |R| = [32m1.010826e-03[39m
     13 Linear |R| = [32m6.470303e-04[39m
     14 Linear |R| = [32m3.981978e-04[39m
     15 Linear |R| = [32m2.026949e-04[39m
     16 Linear |R| = [32m9.715751e-05[39m
     17 Linear |R| = [32m4.225476e-05[39m
     18 Linear |R| = [32m1.822310e-05[39m
     19 Linear |R| = [32m8.024287e-06[39m
     20 Linear |R| = [32m3.556404e-06[39m
     21 Linear |R| = [32m1.832141e-06[39m
     22 Linear |R| = [32m1.022546e-06[39m
     23 Linear |R| = [32m5.684649e-07[39m
     24 Linear |R| = [32m3.043038e-07[39m
 2 Nonlinear |R| = [32m3.042992e-07[39m
[32m Solve Converged![39m
  Finished Solving                                                                       [[33m  8.26 s[39m] [[33m  304 MB[39m]

Postprocessor Values:
+----------------+----------------+----------------+----------------+
| time           | shear_max      | top_disp_x     | top_reaction_x |
+----------------+----------------+----------------+----------------+
:                :                :                :                :
|   2.000000e-01 |   1.045799e+05 |   1.000000e-04 |   6.887922e+04 |
|   2.500000e-01 |   1.307249e+05 |   1.250000e-04 |   8.609902e+04 |
|   3.000000e-01 |   1.568698e+05 |   1.500000e-04 |   1.033188e+05 |
|   3.500000e-01 |   1.830148e+05 |   1.750000e-04 |   1.205386e+05 |
|   4.000000e-01 |   2.091598e+05 |   2.000000e-04 |   1.377584e+05 |
|   4.500000e-01 |   2.353047e+05 |   2.250000e-04 |   1.549782e+05 |
|   5.000000e-01 |   2.614497e+05 |   2.500000e-04 |   1.721980e+05 |
|   5.500000e-01 |   2.875947e+05 |   2.750000e-04 |   1.894178e+05 |
|   6.000000e-01 |   3.137397e+05 |   3.000000e-04 |   2.066376e+05 |
|   6.500000e-01 |   3.398846e+05 |   3.250000e-04 |   2.238575e+05 |
|   7.000000e-01 |   3.660296e+05 |   3.500000e-04 |   2.410773e+05 |
|   7.500000e-01 |   3.921746e+05 |   3.750000e-04 |   2.582971e+05 |
|   8.000000e-01 |   4.183195e+05 |   4.000000e-04 |   2.755169e+05 |
|   8.500000e-01 |   4.444645e+05 |   4.250000e-04 |   2.927367e+05 |
|   9.000000e-01 |   4.706095e+05 |   4.500000e-04 |   3.099565e+05 |
+----------------+----------------+----------------+----------------+


Time Step 19, time = 0.95, dt = 0.05
 0 Nonlinear |R| = [32m6.828034e+03[39m
      0 Linear |R| = [32m6.828034e+03[39m
      1 Linear |R| = [32m1.233709e+03[39m
      2 Linear |R| = [32m4.041012e+02[39m
      3 Linear |R| = [32m1.542673e+02[39m
      4 Linear |R| = [32m6.476342e+01[39m
      5 Linear |R| = [32m2.793689e+01[39m
      6 Linear |R| = [32m1.085109e+01[39m
      7 Linear |R| = [32m4.543934e+00[39m
      8 Linear |R| = [32m2.105323e+00[39m
      9 Linear |R| = [32m9.838805e-01[39m
     10 Linear |R| = [32m4.928300e-01[39m
     11 Linear |R| = [32m2.471535e-01[39m
     12 Linear |R| = [32m1.153665e-01[39m
     13 Linear |R| = [32m5.586915e-02[39m
 1 Nonlinear |R| = [32m5.586918e-02[39m
      0 Linear |R| = [32m5.586918e-02[39m
      1 Linear |R| = [32m3.532878e-02[39m
      2 Linear |R| = [32m2.127007e-02[39m
      3 Linear |R| = [32m1.426101e-02[39m
      4 Linear |R| = [32m1.022173e-02[39m
      5 Linear |R| = [32m7.522835e-03[39m
      6 Linear |R| = [32m5.418319e-03[39m
      7 Linear |R| = [32m4.251516e-03[39m
      8 Linear |R| = [32m3.467449e-03[39m
      9 Linear |R| = [32m2.801143e-03[39m
     10 Linear |R| = [32m2.113277e-03[39m
     11 Linear |R| = [32m1.509518e-03[39m
     12 Linear |R| = [32m1.010828e-03[39m
     13 Linear |R| = [32m6.470309e-04[39m
     14 Linear |R| = [32m3.981983e-04[39m
     15 Linear |R| = [32m2.026950e-04[39m
     16 Linear |R| = [32m9.715774e-05[39m
     17 Linear |R| = [32m4.225483e-05[39m
     18 Linear |R| = [32m1.822313e-05[39m
     19 Linear |R| = [32m8.024305e-06[39m
     20 Linear |R| = [32m3.556411e-06[39m
     21 Linear |R| = [32m1.832141e-06[39m
     22 Linear |R| = [32m1.022546e-06[39m
     23 Linear |R| = [32m5.684652e-07[39m
     24 Linear |R| = [32m3.043043e-07[39m
 2 Nonlinear |R| = [32m3.043107e-07[39m
  Finished Solving                                                                       [[33m  9.49 s[39m] [[33m  292 MB[39m]
[32m Solve Converged![39m

Postprocessor Values:
+----------------+----------------+----------------+----------------+
| time           | shear_max      | top_disp_x     | top_reaction_x |
+----------------+----------------+----------------+----------------+
:                :                :                :                :
|   2.500000e-01 |   1.307249e+05 |   1.250000e-04 |   8.609902e+04 |
|   3.000000e-01 |   1.568698e+05 |   1.500000e-04 |   1.033188e+05 |
|   3.500000e-01 |   1.830148e+05 |   1.750000e-04 |   1.205386e+05 |
|   4.000000e-01 |   2.091598e+05 |   2.000000e-04 |   1.377584e+05 |
|   4.500000e-01 |   2.353047e+05 |   2.250000e-04 |   1.549782e+05 |
|   5.000000e-01 |   2.614497e+05 |   2.500000e-04 |   1.721980e+05 |
|   5.500000e-01 |   2.875947e+05 |   2.750000e-04 |   1.894178e+05 |
|   6.000000e-01 |   3.137397e+05 |   3.000000e-04 |   2.066376e+05 |
|   6.500000e-01 |   3.398846e+05 |   3.250000e-04 |   2.238575e+05 |
|   7.000000e-01 |   3.660296e+05 |   3.500000e-04 |   2.410773e+05 |
|   7.500000e-01 |   3.921746e+05 |   3.750000e-04 |   2.582971e+05 |
|   8.000000e-01 |   4.183195e+05 |   4.000000e-04 |   2.755169e+05 |
|   8.500000e-01 |   4.444645e+05 |   4.250000e-04 |   2.927367e+05 |
|   9.000000e-01 |   4.706095e+05 |   4.500000e-04 |   3.099565e+05 |
|   9.500000e-01 |   4.967545e+05 |   4.750000e-04 |   3.271763e+05 |
+----------------+----------------+----------------+----------------+


Time Step 20, time = 1, dt = 0.05
 0 Nonlinear |R| = [32m6.828034e+03[39m
      0 Linear |R| = [32m6.828034e+03[39m
      1 Linear |R| = [32m1.233709e+03[39m
      2 Linear |R| = [32m4.041012e+02[39m
      3 Linear |R| = [32m1.542673e+02[39m
      4 Linear |R| = [32m6.476342e+01[39m
      5 Linear |R| = [32m2.793689e+01[39m
      6 Linear |R| = [32m1.085109e+01[39m
      7 Linear |R| = [32m4.543934e+00[39m
      8 Linear |R| = [32m2.105323e+00[39m
      9 Linear |R| = [32m9.838805e-01[39m
     10 Linear |R| = [32m4.928300e-01[39m
     11 Linear |R| = [32m2.471535e-01[39m
     12 Linear |R| = [32m1.153665e-01[39m
     13 Linear |R| = [32m5.586915e-02[39m
 1 Nonlinear |R| = [32m5.586912e-02[39m
      0 Linear |R| = [32m5.586912e-02[39m
      1 Linear |R| = [32m3.532875e-02[39m
      2 Linear |R| = [32m2.127003e-02[39m
      3 Linear |R| = [32m1.426101e-02[39m
      4 Linear |R| = [32m1.022172e-02[39m
      5 Linear |R| = [32m7.522833e-03[39m
      6 Linear |R| = [32m5.418314e-03[39m
      7 Linear |R| = [32m4.251514e-03[39m
      8 Linear |R| = [32m3.467447e-03[39m
      9 Linear |R| = [32m2.801140e-03[39m
     10 Linear |R| = [32m2.113275e-03[39m
     11 Linear |R| = [32m1.509516e-03[39m
     12 Linear |R| = [32m1.010826e-03[39m
     13 Linear |R| = [32m6.470300e-04[39m
     14 Linear |R| = [32m3.981978e-04[39m
     15 Linear |R| = [32m2.026945e-04[39m
     16 Linear |R| = [32m9.715749e-05[39m
     17 Linear |R| = [32m4.225468e-05[39m
     18 Linear |R| = [32m1.822307e-05[39m
     19 Linear |R| = [32m8.024286e-06[39m
     20 Linear |R| = [32m3.556405e-06[39m
     21 Linear |R| = [32m1.832140e-06[39m
     22 Linear |R| = [32m1.022545e-06[39m
     23 Linear |R| = [32m5.684638e-07[39m
     24 Linear |R| = [32m3.043036e-07[39m
 2 Nonlinear |R| = [32m3.043147e-07[39m
[32m Solve Converged![39m
  Finished Solving                                                                       [[33m  7.81 s[39m] [[33m  292 MB[39m]

Postprocessor Values:
+----------------+----------------+----------------+----------------+
| time           | shear_max      | top_disp_x     | top_reaction_x |
+----------------+----------------+----------------+----------------+
:                :                :                :                :
|   3.000000e-01 |   1.568698e+05 |   1.500000e-04 |   1.033188e+05 |
|   3.500000e-01 |   1.830148e+05 |   1.750000e-04 |   1.205386e+05 |
|   4.000000e-01 |   2.091598e+05 |   2.000000e-04 |   1.377584e+05 |
|   4.500000e-01 |   2.353047e+05 |   2.250000e-04 |   1.549782e+05 |
|   5.000000e-01 |   2.614497e+05 |   2.500000e-04 |   1.721980e+05 |
|   5.500000e-01 |   2.875947e+05 |   2.750000e-04 |   1.894178e+05 |
|   6.000000e-01 |   3.137397e+05 |   3.000000e-04 |   2.066376e+05 |
|   6.500000e-01 |   3.398846e+05 |   3.250000e-04 |   2.238575e+05 |
|   7.000000e-01 |   3.660296e+05 |   3.500000e-04 |   2.410773e+05 |
|   7.500000e-01 |   3.921746e+05 |   3.750000e-04 |   2.582971e+05 |
|   8.000000e-01 |   4.183195e+05 |   4.000000e-04 |   2.755169e+05 |
|   8.500000e-01 |   4.444645e+05 |   4.250000e-04 |   2.927367e+05 |
|   9.000000e-01 |   4.706095e+05 |   4.500000e-04 |   3.099565e+05 |
|   9.500000e-01 |   4.967545e+05 |   4.750000e-04 |   3.271763e+05 |
|   1.000000e+00 |   5.228994e+05 |   5.000000e-04 |   3.443961e+05 |
+----------------+----------------+----------------+----------------+

Finished Executing                                                                       [[33m164.57 s[39m] [[33m  292 MB[39m]
