
╔══════════════════════════════════════════════════════════════╗
║                                                              ║
║   _   _                       _                               ║
║  | | | | ___  _ __   __ _ ___| |__  _   _  __ _ _ __   ___  ║
║  | |_| |/ _ \| '_ \ / _` / __| '_ \| | | |/ _` | '_ \ / _ \ ║
║  |  _  | (_) | | | | (_| \__ \ | | | |_| | (_| | | | |  __/ ║
║  |_| |_|\___/|_| |_|\__, |___/_| |_|\__,_|\__,_|_| |_|\___| ║
║                     |___/                                     ║
║                                                              ║
║    红创科技多物理场仿真引擎 (核心模块) V1.0                     ║
║    基于 MOOSE 多物理场面向对象仿真环境                         ║
║    © 2026 红创科技 (Hongchuang Tech)                          ║
║                                                              ║
╚══════════════════════════════════════════════════════════════╝


[33m
*** Deprecation Warning ***
/home/kevin/gt/demo/mayor/rig/inputs/aac_material_tests/rebar_pullout.i:48.3: The 'Kernels/TensorMechanics' syntax is deprecated. Please use 'Physics/SolidMechanics/QuasiStatic' instead.[39m
Stack frames: 14
0: libMesh::print_trace(std::ostream&)
1: void moose::internal::mooseDeprecatedStream<libMesh::BasicOStreamProxy<char, std::char_traits<char> >, std::__cxx11::basic_string<char, std::char_traits<char>, std::allocator<char> > >(libMesh::BasicOStreamProxy<char, std::char_traits<char> >&, bool, bool, bool, std::__cxx11::basic_string<char, std::char_traits<char>, std::allocator<char> >&&)
2: Moose::Builder::walkRaw(std::__cxx11::basic_string<char, std::char_traits<char>, std::allocator<char> >, std::__cxx11::basic_string<char, std::char_traits<char>, std::allocator<char> >, hit::Node*)
3: Moose::Builder::walk(std::__cxx11::basic_string<char, std::char_traits<char>, std::allocator<char> > const&, std::__cxx11::basic_string<char, std::char_traits<char>, std::allocator<char> > const&, hit::Node*)
4: hit::Node::walk(hit::Walker*, hit::NodeType, hit::TraversalOrder)
5: hit::Node::walk(hit::Walker*, hit::NodeType, hit::TraversalOrder)
6: hit::Node::walk(hit::Walker*, hit::NodeType, hit::TraversalOrder)
7: Moose::Builder::build()
8: MooseApp::setupOptions()
9: MooseApp::run()
10: /home/kevin/gt/demo/mayor/rig/build/moose/modules/solid_mechanics/solid_mechanics-opt(+0x50f2) [0x55e8e5bcf0f2]
11: /lib/libc.so.6(+0x27741) [0x7f9a8c627741]
12: __libc_start_main
13: /home/kevin/gt/demo/mayor/rig/build/moose/modules/solid_mechanics/solid_mechanics-opt(+0x5365) [0x55e8e5bcf365]


[36m
*** Info ***
/home/kevin/gt/demo/mayor/rig/inputs/aac_material_tests/rebar_pullout.i:48.3:
The following occurred in the Action 'TensorMechanics' of type LegacyTensorMechanicsAction.

SolidMechanics Action: selecting 'total small strain' formulation. Use `incremental = true` to select 'incremental small strain' instead.[39m
Framework Information:
MOOSE Version:           git commit dd5a8961 on 2026-05-01
LibMesh Version:         
PETSc Version:           3.24.6
SLEPc Version:           3.24.0
Current Time:            Tue May 19 17:45:00 2026
Executable Timestamp:    Wed May 13 15:08:44 2026

Input File(s):
  /home/kevin/gt/demo/mayor/rig/inputs/aac_material_tests/rebar_pullout.i

Checkpoint:
  Wall Time Interval:      Every 3600 s
  User Checkpoint:         Disabled
  # Checkpoints Kept:      2
  Execute On:              TIMESTEP_END 

Parallelism:
  Num Processors:          1
  Num Threads:             1

Mesh: 
  Parallel Type:           replicated
  Mesh Dimension:          2
  Spatial Dimension:       2
  Nodes:                   505
  Elems:                   400
  Num Subdomains:          1

Nonlinear System:
  Num DOFs:                1010
  Num Local DOFs:          1010
  Variables:               { "disp_x" "disp_y" } 
  Finite Element Types:    "LAGRANGE" 
  Approximation Orders:    "FIRST" 

Auxiliary System:
  Num DOFs:                1200
  Num Local DOFs:          1200
  Variables:               { "vonmises" "plastic_strain" "stress_yy" } 
  Finite Element Types:    "MONOMIAL" 
  Approximation Orders:    "CONSTANT" 

Execution Information:
  Executioner:             Transient
  TimeStepper:             ConstantDT
  TimeIntegrator(s):       ImplicitEuler
  Solver Mode:             Preconditioned JFNK 
  PETSc Preconditioner:    hypre boomeramg 


Time Step 0, time = 0

Postprocessor Values:
+----------------+----------------+----------------+------------------+
| time           | mid_vonmises   | reaction_force | top_displacement |
+----------------+----------------+----------------+------------------+
|   0.000000e+00 |   0.000000e+00 |   0.000000e+00 |     0.000000e+00 |
+----------------+----------------+----------------+------------------+


Time Step 1, time = 0.02, dt = 0.02
 0 Nonlinear |R| = [32m9.155534e+07[39m
      0 Linear |R| = [32m9.155534e+07[39m
      1 Linear |R| = [32m1.105442e+07[39m
      2 Linear |R| = [32m3.920503e+06[39m
      3 Linear |R| = [32m3.241540e+06[39m
      4 Linear |R| = [32m2.692023e+06[39m
      5 Linear |R| = [32m2.192368e+06[39m
      6 Linear |R| = [32m1.274093e+06[39m
      7 Linear |R| = [32m4.227652e+05[39m
      8 Linear |R| = [32m1.842451e+05[39m
      9 Linear |R| = [32m8.383903e+04[39m
     10 Linear |R| = [32m3.212919e+04[39m
     11 Linear |R| = [32m1.289432e+04[39m
     12 Linear |R| = [32m4.960174e+03[39m
     13 Linear |R| = [32m1.915252e+03[39m
     14 Linear |R| = [32m1.193759e+03[39m
     15 Linear |R| = [32m9.859013e+02[39m
     16 Linear |R| = [33m9.535774e+02[39m
     17 Linear |R| = [33m9.257683e+02[39m
     18 Linear |R| = [32m8.510440e+02[39m
 1 Nonlinear |R| = [32m2.058023e+06[39m
      0 Linear |R| = [32m2.058023e+06[39m
      1 Linear |R| = [33m2.017753e+06[39m
      2 Linear |R| = [32m1.238421e+06[39m
      3 Linear |R| = [32m7.353445e+05[39m
      4 Linear |R| = [32m2.681445e+05[39m
      5 Linear |R| = [32m7.637921e+04[39m
      6 Linear |R| = [32m2.379279e+04[39m
      7 Linear |R| = [32m7.284127e+03[39m
      8 Linear |R| = [32m2.654624e+03[39m
      9 Linear |R| = [32m1.966672e+03[39m
     10 Linear |R| = [32m1.581769e+03[39m
     11 Linear |R| = [32m1.323235e+03[39m
     12 Linear |R| = [32m1.103129e+03[39m
     13 Linear |R| = [32m9.204969e+02[39m
     14 Linear |R| = [32m8.693236e+02[39m
     15 Linear |R| = [32m7.863079e+02[39m
     16 Linear |R| = [32m6.255378e+02[39m
     17 Linear |R| = [32m5.189948e+02[39m
     18 Linear |R| = [32m4.701855e+02[39m
     19 Linear |R| = [32m3.781862e+02[39m
     20 Linear |R| = [32m3.309985e+02[39m
     21 Linear |R| = [32m2.929752e+02[39m
     22 Linear |R| = [32m2.624749e+02[39m
     23 Linear |R| = [32m2.350826e+02[39m
     24 Linear |R| = [32m2.140411e+02[39m
     25 Linear |R| = [32m1.969604e+02[39m
     26 Linear |R| = [32m1.849698e+02[39m
     27 Linear |R| = [32m1.756739e+02[39m
     28 Linear |R| = [32m1.642244e+02[39m
     29 Linear |R| = [32m1.478275e+02[39m
     30 Linear |R| = [32m1.400695e+02[39m
     31 Linear |R| = [33m1.400535e+02[39m
     32 Linear |R| = [33m1.341319e+02[39m
     33 Linear |R| = [33m1.292380e+02[39m
     34 Linear |R| = [33m1.280153e+02[39m
     35 Linear |R| = [33m1.228918e+02[39m
     36 Linear |R| = [33m1.191002e+02[39m
     37 Linear |R| = [33m1.138560e+02[39m
     38 Linear |R| = [33m1.099579e+02[39m
     39 Linear |R| = [33m1.093181e+02[39m
     40 Linear |R| = [33m1.078498e+02[39m
     41 Linear |R| = [33m1.075958e+02[39m
     42 Linear |R| = [33m1.072245e+02[39m
     43 Linear |R| = [33m1.051346e+02[39m
     44 Linear |R| = [33m1.037702e+02[39m
     45 Linear |R| = [32m9.843316e+01[39m
     46 Linear |R| = [32m9.316172e+01[39m
     47 Linear |R| = [32m8.741389e+01[39m
     48 Linear |R| = [32m8.101309e+01[39m
     49 Linear |R| = [33m7.857286e+01[39m
     50 Linear |R| = [32m6.719058e+01[39m
     51 Linear |R| = [32m6.181548e+01[39m
     52 Linear |R| = [32m5.574886e+01[39m
     53 Linear |R| = [32m4.912209e+01[39m
     54 Linear |R| = [33m4.734829e+01[39m
     55 Linear |R| = [32m4.284115e+01[39m
     56 Linear |R| = [32m3.936427e+01[39m
     57 Linear |R| = [33m3.774075e+01[39m
     58 Linear |R| = [32m3.251177e+01[39m
     59 Linear |R| = [33m3.098317e+01[39m
     60 Linear |R| = [32m2.775265e+01[39m
     61 Linear |R| = [33m2.775229e+01[39m
     62 Linear |R| = [33m2.710782e+01[39m
     63 Linear |R| = [33m2.587311e+01[39m
     64 Linear |R| = [33m2.564098e+01[39m
     65 Linear |R| = [33m2.514112e+01[39m
     66 Linear |R| = [33m2.482453e+01[39m
     67 Linear |R| = [33m2.445224e+01[39m
     68 Linear |R| = [33m2.419640e+01[39m
     69 Linear |R| = [33m2.395056e+01[39m
     70 Linear |R| = [33m2.380642e+01[39m
     71 Linear |R| = [33m2.375795e+01[39m
     72 Linear |R| = [33m2.363786e+01[39m
     73 Linear |R| = [33m2.347336e+01[39m
     74 Linear |R| = [33m2.328835e+01[39m
     75 Linear |R| = [33m2.285506e+01[39m
     76 Linear |R| = [33m2.261577e+01[39m
     77 Linear |R| = [33m2.253088e+01[39m
     78 Linear |R| = [33m2.224793e+01[39m
     79 Linear |R| = [33m2.214144e+01[39m
     80 Linear |R| = [33m2.175183e+01[39m
     81 Linear |R| = [33m2.105249e+01[39m
     82 Linear |R| = [33m2.104532e+01[39m
     83 Linear |R| = [33m2.051737e+01[39m
 2 Nonlinear |R| = [32m1.269334e+06[39m
      0 Linear |R| = [32m1.269334e+06[39m
      1 Linear |R| = [32m8.873713e+05[39m
      2 Linear |R| = [33m8.873098e+05[39m
      3 Linear |R| = [32m5.112237e+05[39m
      4 Linear |R| = [32m3.276773e+05[39m
      5 Linear |R| = [32m1.489762e+05[39m
      6 Linear |R| = [32m8.248806e+04[39m
      7 Linear |R| = [32m3.821678e+04[39m
      8 Linear |R| = [32m1.228107e+04[39m
      9 Linear |R| = [32m5.096430e+03[39m
     10 Linear |R| = [32m1.718978e+03[39m
     11 Linear |R| = [32m6.974455e+02[39m
     12 Linear |R| = [32m5.090635e+02[39m
     13 Linear |R| = [33m4.865322e+02[39m
     14 Linear |R| = [32m3.758145e+02[39m
     15 Linear |R| = [32m2.923957e+02[39m
     16 Linear |R| = [32m2.403098e+02[39m
     17 Linear |R| = [32m2.205990e+02[39m
     18 Linear |R| = [32m1.880760e+02[39m
     19 Linear |R| = [32m1.660964e+02[39m
     20 Linear |R| = [32m1.504764e+02[39m
     21 Linear |R| = [32m1.135596e+02[39m
     22 Linear |R| = [32m9.264895e+01[39m
     23 Linear |R| = [32m7.098912e+01[39m
     24 Linear |R| = [33m6.769878e+01[39m
     25 Linear |R| = [32m5.193056e+01[39m
     26 Linear |R| = [33m4.954169e+01[39m
     27 Linear |R| = [32m4.131608e+01[39m
     28 Linear |R| = [32m3.903191e+01[39m
     29 Linear |R| = [32m3.073119e+01[39m
     30 Linear |R| = [31m8.819031e+01[39m
     31 Linear |R| = [32m8.068485e+01[39m
     32 Linear |R| = [32m3.346244e+01[39m
     33 Linear |R| = [32m3.061478e+01[39m
     34 Linear |R| = [32m2.849532e+01[39m
     35 Linear |R| = [32m2.458250e+01[39m
     36 Linear |R| = [32m2.308414e+01[39m
     37 Linear |R| = [32m2.014129e+01[39m
     38 Linear |R| = [32m1.887287e+01[39m
     39 Linear |R| = [32m1.763388e+01[39m
     40 Linear |R| = [32m1.656805e+01[39m
     41 Linear |R| = [32m1.503909e+01[39m
     42 Linear |R| = [33m1.435316e+01[39m
     43 Linear |R| = [32m1.320244e+01[39m
     44 Linear |R| = [33m1.257349e+01[39m
 3 Nonlinear |R| = [32m1.043877e+06[39m
      0 Linear |R| = [32m1.043877e+06[39m
      1 Linear |R| = [32m7.991823e+05[39m
      2 Linear |R| = [33m7.959995e+05[39m
      3 Linear |R| = [32m3.342031e+05[39m
      4 Linear |R| = [32m1.496185e+05[39m
      5 Linear |R| = [32m2.904572e+04[39m
      6 Linear |R| = [32m9.849446e+03[39m
      7 Linear |R| = [32m3.822160e+03[39m
      8 Linear |R| = [32m1.394146e+03[39m
      9 Linear |R| = [32m6.038224e+02[39m
     10 Linear |R| = [32m3.440166e+02[39m
     11 Linear |R| = [32m2.753159e+02[39m
     12 Linear |R| = [32m1.909194e+02[39m
     13 Linear |R| = [32m1.682806e+02[39m
     14 Linear |R| = [32m1.204636e+02[39m
     15 Linear |R| = [33m1.197296e+02[39m
     16 Linear |R| = [32m1.004420e+02[39m
     17 Linear |R| = [33m9.792389e+01[39m
     18 Linear |R| = [32m7.900553e+01[39m
     19 Linear |R| = [32m7.088654e+01[39m
     20 Linear |R| = [32m6.291652e+01[39m
     21 Linear |R| = [32m5.743907e+01[39m
     22 Linear |R| = [33m5.690610e+01[39m
     23 Linear |R| = [32m4.868481e+01[39m
     24 Linear |R| = [33m4.868085e+01[39m
     25 Linear |R| = [32m3.985543e+01[39m
     26 Linear |R| = [33m3.974973e+01[39m
     27 Linear |R| = [32m3.325758e+01[39m
     28 Linear |R| = [33m3.300502e+01[39m
     29 Linear |R| = [32m2.707173e+01[39m
     30 Linear |R| = [31m1.020550e+02[39m
     31 Linear |R| = [32m9.097460e+01[39m
     32 Linear |R| = [32m3.073409e+01[39m
     33 Linear |R| = [32m2.823298e+01[39m
     34 Linear |R| = [32m2.620151e+01[39m
     35 Linear |R| = [33m2.560706e+01[39m
     36 Linear |R| = [33m2.559549e+01[39m
     37 Linear |R| = [33m2.504974e+01[39m
     38 Linear |R| = [33m2.504898e+01[39m
     39 Linear |R| = [33m2.430786e+01[39m
     40 Linear |R| = [33m2.420477e+01[39m
     41 Linear |R| = [32m2.285998e+01[39m
     42 Linear |R| = [33m2.268343e+01[39m
     43 Linear |R| = [33m2.237253e+01[39m
     44 Linear |R| = [33m2.173029e+01[39m
     45 Linear |R| = [33m2.163531e+01[39m
     46 Linear |R| = [32m2.053825e+01[39m
     47 Linear |R| = [33m2.014299e+01[39m
     48 Linear |R| = [32m1.903587e+01[39m
     49 Linear |R| = [33m1.856876e+01[39m
     50 Linear |R| = [33m1.765809e+01[39m
     51 Linear |R| = [33m1.704807e+01[39m
     52 Linear |R| = [32m1.467225e+01[39m
     53 Linear |R| = [32m1.327473e+01[39m
     54 Linear |R| = [32m1.183311e+01[39m
     55 Linear |R| = [32m1.046599e+01[39m
     56 Linear |R| = [32m9.672335e+00[39m
 4 Nonlinear |R| = [32m8.724077e+05[39m
      0 Linear |R| = [32m8.724077e+05[39m
      1 Linear |R| = [32m7.104778e+05[39m
      2 Linear |R| = [33m6.952054e+05[39m
      3 Linear |R| = [32m2.523682e+05[39m
      4 Linear |R| = [32m1.077524e+05[39m
      5 Linear |R| = [32m1.619483e+04[39m
      6 Linear |R| = [32m5.949293e+03[39m
      7 Linear |R| = [32m2.589373e+03[39m
      8 Linear |R| = [32m8.992057e+02[39m
      9 Linear |R| = [32m3.420513e+02[39m
     10 Linear |R| = [32m1.947991e+02[39m
     11 Linear |R| = [32m1.575256e+02[39m
     12 Linear |R| = [32m1.045968e+02[39m
     13 Linear |R| = [33m1.021159e+02[39m
     14 Linear |R| = [32m7.715449e+01[39m
     15 Linear |R| = [33m7.599472e+01[39m
     16 Linear |R| = [32m6.317833e+01[39m
     17 Linear |R| = [33m6.288926e+01[39m
     18 Linear |R| = [32m5.795815e+01[39m
     19 Linear |R| = [33m5.783289e+01[39m
     20 Linear |R| = [33m5.563478e+01[39m
     21 Linear |R| = [33m5.311156e+01[39m
     22 Linear |R| = [33m5.244675e+01[39m
     23 Linear |R| = [32m4.804478e+01[39m
     24 Linear |R| = [33m4.788493e+01[39m
     25 Linear |R| = [32m4.319158e+01[39m
     26 Linear |R| = [33m4.233775e+01[39m
     27 Linear |R| = [32m3.823742e+01[39m
     28 Linear |R| = [33m3.750746e+01[39m
     29 Linear |R| = [32m3.201910e+01[39m
     30 Linear |R| = [31m2.160047e+02[39m
     31 Linear |R| = [32m1.364662e+02[39m
     32 Linear |R| = [32m4.145417e+01[39m
     33 Linear |R| = [32m3.832100e+01[39m
     34 Linear |R| = [32m3.121247e+01[39m
     35 Linear |R| = [33m3.078643e+01[39m
     36 Linear |R| = [33m3.067591e+01[39m
     37 Linear |R| = [32m2.839587e+01[39m
     38 Linear |R| = [33m2.746616e+01[39m
     39 Linear |R| = [32m2.578336e+01[39m
     40 Linear |R| = [33m2.483259e+01[39m
     41 Linear |R| = [32m2.285452e+01[39m
     42 Linear |R| = [33m2.201812e+01[39m
     43 Linear |R| = [32m1.795109e+01[39m
     44 Linear |R| = [32m1.680169e+01[39m
     45 Linear |R| = [32m1.317934e+01[39m
     46 Linear |R| = [32m1.201817e+01[39m
     47 Linear |R| = [32m1.129501e+01[39m
     48 Linear |R| = [32m9.813813e+00[39m
     49 Linear |R| = [33m9.807520e+00[39m
     50 Linear |R| = [32m8.113140e+00[39m
 5 Nonlinear |R| = [32m7.063620e+05[39m
      0 Linear |R| = [32m7.063620e+05[39m
      1 Linear |R| = [32m4.674241e+05[39m
      2 Linear |R| = [32m2.457592e+05[39m
      3 Linear |R| = [32m5.859689e+04[39m
      4 Linear |R| = [32m1.554574e+04[39m
      5 Linear |R| = [32m2.020005e+03[39m
      6 Linear |R| = [32m8.461171e+02[39m
      7 Linear |R| = [32m3.401415e+02[39m
      8 Linear |R| = [32m1.851854e+02[39m
      9 Linear |R| = [32m1.290876e+02[39m
     10 Linear |R| = [33m1.246738e+02[39m
     11 Linear |R| = [32m9.320717e+01[39m
     12 Linear |R| = [32m6.508309e+01[39m
     13 Linear |R| = [33m6.500802e+01[39m
     14 Linear |R| = [32m5.071574e+01[39m
     15 Linear |R| = [33m5.071251e+01[39m
     16 Linear |R| = [32m3.718691e+01[39m
     17 Linear |R| = [33m3.715861e+01[39m
     18 Linear |R| = [32m3.063494e+01[39m
     19 Linear |R| = [33m3.051521e+01[39m
     20 Linear |R| = [32m2.790442e+01[39m
     21 Linear |R| = [32m2.572838e+01[39m
     22 Linear |R| = [33m2.510472e+01[39m
     23 Linear |R| = [32m2.276596e+01[39m
     24 Linear |R| = [33m2.271974e+01[39m
     25 Linear |R| = [32m1.984242e+01[39m
     26 Linear |R| = [33m1.982286e+01[39m
     27 Linear |R| = [32m1.657107e+01[39m
     28 Linear |R| = [33m1.618766e+01[39m
     29 Linear |R| = [32m1.318735e+01[39m
     30 Linear |R| = [31m3.148639e+01[39m
     31 Linear |R| = [32m2.957675e+01[39m
     32 Linear |R| = [32m1.402132e+01[39m
     33 Linear |R| = [33m1.401574e+01[39m
     34 Linear |R| = [32m1.181042e+01[39m
     35 Linear |R| = [33m1.159848e+01[39m
     36 Linear |R| = [33m1.148104e+01[39m
     37 Linear |R| = [33m1.110880e+01[39m
     38 Linear |R| = [33m1.086690e+01[39m
     39 Linear |R| = [32m8.852009e+00[39m
     40 Linear |R| = [33m8.799264e+00[39m
     41 Linear |R| = [32m7.814513e+00[39m
     42 Linear |R| = [33m7.680445e+00[39m
     43 Linear |R| = [32m6.856384e+00[39m
 6 Nonlinear |R| = [32m2.112978e+05[39m
      0 Linear |R| = [32m2.112978e+05[39m
      1 Linear |R| = [32m7.989556e+04[39m
      2 Linear |R| = [32m2.382217e+04[39m
      3 Linear |R| = [32m5.191627e+03[39m
      4 Linear |R| = [32m9.267614e+02[39m
      5 Linear |R| = [32m2.718839e+02[39m
      6 Linear |R| = [32m1.736615e+02[39m
      7 Linear |R| = [32m1.504054e+02[39m
      8 Linear |R| = [32m1.115547e+02[39m
      9 Linear |R| = [32m7.787660e+01[39m
     10 Linear |R| = [32m6.492384e+01[39m
     11 Linear |R| = [32m5.854040e+01[39m
     12 Linear |R| = [32m5.306602e+01[39m
     13 Linear |R| = [32m4.763789e+01[39m
     14 Linear |R| = [33m4.659362e+01[39m
     15 Linear |R| = [32m4.260438e+01[39m
     16 Linear |R| = [33m4.257974e+01[39m
     17 Linear |R| = [32m3.609056e+01[39m
     18 Linear |R| = [33m3.609037e+01[39m
     19 Linear |R| = [32m3.050387e+01[39m
     20 Linear |R| = [33m3.049602e+01[39m
     21 Linear |R| = [32m2.718857e+01[39m
     22 Linear |R| = [33m2.637529e+01[39m
     23 Linear |R| = [32m2.483062e+01[39m
     24 Linear |R| = [32m2.232834e+01[39m
     25 Linear |R| = [33m2.195106e+01[39m
     26 Linear |R| = [32m1.871589e+01[39m
     27 Linear |R| = [33m1.870473e+01[39m
     28 Linear |R| = [32m1.551677e+01[39m
     29 Linear |R| = [33m1.550894e+01[39m
     30 Linear |R| = [32m1.291719e+01[39m
     31 Linear |R| = [33m1.291714e+01[39m
     32 Linear |R| = [32m1.193629e+01[39m
     33 Linear |R| = [33m1.184233e+01[39m
     34 Linear |R| = [32m1.108309e+01[39m
     35 Linear |R| = [33m1.100691e+01[39m
     36 Linear |R| = [32m9.492580e+00[39m
     37 Linear |R| = [33m9.491944e+00[39m
     38 Linear |R| = [32m8.477629e+00[39m
     39 Linear |R| = [33m8.428612e+00[39m
     40 Linear |R| = [33m8.009765e+00[39m
     41 Linear |R| = [33m7.834634e+00[39m
     42 Linear |R| = [33m7.721177e+00[39m
     43 Linear |R| = [33m7.365057e+00[39m
     44 Linear |R| = [33m7.347714e+00[39m
     45 Linear |R| = [32m6.779975e+00[39m
     46 Linear |R| = [33m6.770355e+00[39m
     47 Linear |R| = [32m6.105465e+00[39m
     48 Linear |R| = [33m6.070913e+00[39m
     49 Linear |R| = [32m4.885440e+00[39m
     50 Linear |R| = [33m4.878989e+00[39m
     51 Linear |R| = [32m3.840497e+00[39m
     52 Linear |R| = [33m3.838376e+00[39m
     53 Linear |R| = [32m3.185690e+00[39m
     54 Linear |R| = [33m3.168679e+00[39m
     55 Linear |R| = [32m2.688534e+00[39m
     56 Linear |R| = [33m2.671753e+00[39m
     57 Linear |R| = [32m2.323876e+00[39m
     58 Linear |R| = [33m2.318716e+00[39m
     59 Linear |R| = [32m2.088717e+00[39m
 7 Nonlinear |R| = [32m2.088718e+00[39m
      0 Linear |R| = [32m2.088718e+00[39m
      1 Linear |R| = [33m2.088718e+00[39m
      2 Linear |R| = [33m2.012164e+00[39m
      3 Linear |R| = [33m1.986436e+00[39m
      4 Linear |R| = [33m1.947792e+00[39m
      5 Linear |R| = [33m1.884454e+00[39m
      6 Linear |R| = [33m1.849248e+00[39m
      7 Linear |R| = [33m1.779232e+00[39m
      8 Linear |R| = [33m1.748218e+00[39m
      9 Linear |R| = [33m1.678086e+00[39m
     10 Linear |R| = [33m1.638333e+00[39m
     11 Linear |R| = [33m1.603224e+00[39m
     12 Linear |R| = [33m1.544460e+00[39m
     13 Linear |R| = [33m1.516923e+00[39m
     14 Linear |R| = [33m1.477080e+00[39m
     15 Linear |R| = [33m1.423363e+00[39m
     16 Linear |R| = [33m1.378732e+00[39m
     17 Linear |R| = [32m1.301556e+00[39m
     18 Linear |R| = [33m1.251468e+00[39m
     19 Linear |R| = [32m1.181282e+00[39m
     20 Linear |R| = [32m1.111626e+00[39m
     21 Linear |R| = [33m1.078827e+00[39m
     22 Linear |R| = [32m9.748930e-01[39m
     23 Linear |R| = [33m9.637196e-01[39m
     24 Linear |R| = [32m8.638776e-01[39m
     25 Linear |R| = [33m8.477491e-01[39m
     26 Linear |R| = [32m7.836298e-01[39m
     27 Linear |R| = [33m7.514327e-01[39m
     28 Linear |R| = [33m7.281047e-01[39m
     29 Linear |R| = [33m6.995896e-01[39m
     30 Linear |R| = [33m6.746012e-01[39m
     31 Linear |R| = [33m6.745927e-01[39m
     32 Linear |R| = [33m6.552794e-01[39m
     33 Linear |R| = [33m6.384245e-01[39m
     34 Linear |R| = [33m6.292583e-01[39m
     35 Linear |R| = [33m6.110599e-01[39m
     36 Linear |R| = [33m6.021467e-01[39m
     37 Linear |R| = [33m5.888281e-01[39m
     38 Linear |R| = [33m5.780146e-01[39m
     39 Linear |R| = [33m5.688937e-01[39m
     40 Linear |R| = [33m5.556073e-01[39m
     41 Linear |R| = [33m5.452547e-01[39m
     42 Linear |R| = [33m5.320662e-01[39m
     43 Linear |R| = [33m5.164371e-01[39m
     44 Linear |R| = [33m5.069830e-01[39m
     45 Linear |R| = [33m4.922604e-01[39m
     46 Linear |R| = [33m4.836933e-01[39m
     47 Linear |R| = [33m4.724318e-01[39m
     48 Linear |R| = [33m4.651646e-01[39m
     49 Linear |R| = [33m4.551350e-01[39m
     50 Linear |R| = [33m4.426752e-01[39m
     51 Linear |R| = [33m4.271785e-01[39m
     52 Linear |R| = [33m4.165891e-01[39m
     53 Linear |R| = [33m4.036076e-01[39m
     54 Linear |R| = [33m3.962738e-01[39m
     55 Linear |R| = [33m3.848319e-01[39m
     56 Linear |R| = [33m3.791887e-01[39m
     57 Linear |R| = [33m3.667964e-01[39m
     58 Linear |R| = [33m3.626537e-01[39m
     59 Linear |R| = [33m3.508852e-01[39m
     60 Linear |R| = [33m3.451268e-01[39m
     61 Linear |R| = [33m3.451253e-01[39m
     62 Linear |R| = [33m3.374127e-01[39m
     63 Linear |R| = [33m3.305117e-01[39m
     64 Linear |R| = [33m3.270708e-01[39m
     65 Linear |R| = [33m3.187701e-01[39m
     66 Linear |R| = [33m3.156294e-01[39m
     67 Linear |R| = [33m3.081785e-01[39m
     68 Linear |R| = [33m3.046075e-01[39m
     69 Linear |R| = [33m2.991617e-01[39m
     70 Linear |R| = [33m2.938306e-01[39m
     71 Linear |R| = [33m2.898922e-01[39m
     72 Linear |R| = [33m2.849047e-01[39m
     73 Linear |R| = [33m2.815059e-01[39m
     74 Linear |R| = [33m2.785944e-01[39m
     75 Linear |R| = [33m2.739710e-01[39m
     76 Linear |R| = [33m2.692376e-01[39m
     77 Linear |R| = [33m2.639315e-01[39m
     78 Linear |R| = [33m2.573883e-01[39m
     79 Linear |R| = [33m2.530927e-01[39m
     80 Linear |R| = [33m2.474991e-01[39m
     81 Linear |R| = [33m2.440131e-01[39m
     82 Linear |R| = [33m2.395139e-01[39m
     83 Linear |R| = [33m2.359318e-01[39m
     84 Linear |R| = [33m2.318360e-01[39m
     85 Linear |R| = [33m2.269705e-01[39m
     86 Linear |R| = [33m2.246137e-01[39m
     87 Linear |R| = [33m2.174831e-01[39m
     88 Linear |R| = [33m2.162546e-01[39m
     89 Linear |R| = [33m2.068634e-01[39m
     90 Linear |R| = [33m2.066909e-01[39m
     91 Linear |R| = [33m2.066909e-01[39m
     92 Linear |R| = [33m2.033299e-01[39m
     93 Linear |R| = [33m1.988782e-01[39m
     94 Linear |R| = [33m1.968016e-01[39m
     95 Linear |R| = [33m1.923051e-01[39m
     96 Linear |R| = [33m1.905838e-01[39m
     97 Linear |R| = [33m1.874589e-01[39m
     98 Linear |R| = [33m1.845990e-01[39m
     99 Linear |R| = [33m1.824104e-01[39m
    100 Linear |R| = [33m1.787569e-01[39m
    101 Linear |R| = [33m1.771983e-01[39m
    102 Linear |R| = [33m1.731024e-01[39m
    103 Linear |R| = [33m1.705400e-01[39m
    104 Linear |R| = [33m1.668946e-01[39m
    105 Linear |R| = [33m1.644514e-01[39m
    106 Linear |R| = [33m1.623074e-01[39m
    107 Linear |R| = [33m1.595886e-01[39m
    108 Linear |R| = [33m1.587702e-01[39m
    109 Linear |R| = [33m1.552186e-01[39m
    110 Linear |R| = [33m1.532274e-01[39m
    111 Linear |R| = [33m1.491099e-01[39m
    112 Linear |R| = [33m1.472645e-01[39m
    113 Linear |R| = [33m1.440534e-01[39m
    114 Linear |R| = [33m1.426611e-01[39m
    115 Linear |R| = [33m1.399393e-01[39m
    116 Linear |R| = [33m1.386418e-01[39m
    117 Linear |R| = [33m1.352578e-01[39m
    118 Linear |R| = [33m1.344996e-01[39m
    119 Linear |R| = [33m1.291478e-01[39m
    120 Linear |R| = [33m1.277222e-01[39m
    121 Linear |R| = [33m1.277218e-01[39m
    122 Linear |R| = [33m1.244133e-01[39m
    123 Linear |R| = [33m1.216296e-01[39m
    124 Linear |R| = [33m1.210228e-01[39m
    125 Linear |R| = [33m1.176492e-01[39m
    126 Linear |R| = [33m1.169209e-01[39m
    127 Linear |R| = [33m1.145808e-01[39m
    128 Linear |R| = [33m1.134468e-01[39m
    129 Linear |R| = [33m1.118569e-01[39m
    130 Linear |R| = [33m1.100952e-01[39m
    131 Linear |R| = [33m1.081997e-01[39m
    132 Linear |R| = [33m1.068462e-01[39m
    133 Linear |R| = [33m1.053009e-01[39m
    134 Linear |R| = [33m1.042593e-01[39m
    135 Linear |R| = [33m1.031508e-01[39m
    136 Linear |R| = [33m1.010845e-01[39m
    137 Linear |R| = [33m9.964855e-02[39m
    138 Linear |R| = [33m9.705160e-02[39m
    139 Linear |R| = [33m9.595820e-02[39m
    140 Linear |R| = [33m9.420587e-02[39m
    141 Linear |R| = [33m9.342566e-02[39m
    142 Linear |R| = [33m9.112833e-02[39m
    143 Linear |R| = [33m9.044682e-02[39m
    144 Linear |R| = [33m8.774437e-02[39m
    145 Linear |R| = [33m8.692822e-02[39m
    146 Linear |R| = [33m8.544873e-02[39m
    147 Linear |R| = [33m8.336467e-02[39m
    148 Linear |R| = [33m8.283682e-02[39m
    149 Linear |R| = [33m8.036176e-02[39m
    150 Linear |R| = [33m7.987583e-02[39m
    151 Linear |R| = [33m7.987580e-02[39m
    152 Linear |R| = [33m7.924411e-02[39m
    153 Linear |R| = [33m7.726030e-02[39m
    154 Linear |R| = [33m7.662178e-02[39m
    155 Linear |R| = [33m7.500867e-02[39m
    156 Linear |R| = [33m7.440180e-02[39m
    157 Linear |R| = [33m7.329299e-02[39m
    158 Linear |R| = [33m7.222894e-02[39m
    159 Linear |R| = [33m7.151824e-02[39m
    160 Linear |R| = [33m7.059467e-02[39m
    161 Linear |R| = [33m7.005321e-02[39m
    162 Linear |R| = [33m6.916748e-02[39m
    163 Linear |R| = [33m6.817328e-02[39m
    164 Linear |R| = [33m6.725713e-02[39m
    165 Linear |R| = [33m6.618424e-02[39m
    166 Linear |R| = [33m6.562079e-02[39m
    167 Linear |R| = [33m6.490998e-02[39m
    168 Linear |R| = [33m6.429675e-02[39m
    169 Linear |R| = [33m6.374618e-02[39m
    170 Linear |R| = [33m6.211337e-02[39m
    171 Linear |R| = [33m6.160020e-02[39m
    172 Linear |R| = [33m6.041986e-02[39m
    173 Linear |R| = [33m6.009301e-02[39m
    174 Linear |R| = [33m5.937181e-02[39m
    175 Linear |R| = [33m5.913636e-02[39m
    176 Linear |R| = [33m5.853912e-02[39m
    177 Linear |R| = [33m5.804454e-02[39m
    178 Linear |R| = [33m5.762774e-02[39m
    179 Linear |R| = [33m5.649433e-02[39m
    180 Linear |R| = [33m5.623809e-02[39m
    181 Linear |R| = [33m5.623808e-02[39m
    182 Linear |R| = [33m5.581413e-02[39m
    183 Linear |R| = [33m5.475745e-02[39m
    184 Linear |R| = [33m5.452152e-02[39m
    185 Linear |R| = [33m5.391522e-02[39m
    186 Linear |R| = [33m5.362674e-02[39m
    187 Linear |R| = [33m5.318288e-02[39m
    188 Linear |R| = [33m5.284703e-02[39m
    189 Linear |R| = [33m5.243606e-02[39m
    190 Linear |R| = [33m5.172411e-02[39m
    191 Linear |R| = [33m5.129557e-02[39m
    192 Linear |R| = [33m5.060517e-02[39m
    193 Linear |R| = [33m5.029886e-02[39m
    194 Linear |R| = [33m5.001976e-02[39m
    195 Linear |R| = [33m4.961983e-02[39m
    196 Linear |R| = [33m4.924595e-02[39m
    197 Linear |R| = [33m4.866411e-02[39m
    198 Linear |R| = [33m4.808806e-02[39m
    199 Linear |R| = [33m4.758612e-02[39m
    200 Linear |R| = [33m4.737872e-02[39m
    201 Linear |R| = [33m4.701260e-02[39m
    202 Linear |R| = [33m4.666664e-02[39m
    203 Linear |R| = [33m4.615326e-02[39m
    204 Linear |R| = [33m4.578276e-02[39m
    205 Linear |R| = [33m4.527428e-02[39m
    206 Linear |R| = [33m4.487789e-02[39m
    207 Linear |R| = [33m4.435970e-02[39m
    208 Linear |R| = [33m4.391797e-02[39m
    209 Linear |R| = [33m4.336521e-02[39m
    210 Linear |R| = [33m4.288993e-02[39m
    211 Linear |R| = [33m4.288991e-02[39m
    212 Linear |R| = [33m4.254927e-02[39m
    213 Linear |R| = [33m4.189935e-02[39m
    214 Linear |R| = [33m4.170122e-02[39m
    215 Linear |R| = [33m4.117700e-02[39m
    216 Linear |R| = [33m4.104294e-02[39m
    217 Linear |R| = [33m4.065364e-02[39m
    218 Linear |R| = [33m4.035234e-02[39m
    219 Linear |R| = [33m4.010520e-02[39m
    220 Linear |R| = [33m3.984891e-02[39m
    221 Linear |R| = [33m3.970062e-02[39m
    222 Linear |R| = [33m3.943278e-02[39m
    223 Linear |R| = [33m3.907542e-02[39m
    224 Linear |R| = [33m3.875899e-02[39m
    225 Linear |R| = [33m3.844797e-02[39m
    226 Linear |R| = [33m3.819262e-02[39m
    227 Linear |R| = [33m3.799122e-02[39m
    228 Linear |R| = [33m3.783781e-02[39m
    229 Linear |R| = [33m3.751676e-02[39m
    230 Linear |R| = [33m3.714522e-02[39m
    231 Linear |R| = [33m3.676130e-02[39m
    232 Linear |R| = [33m3.646599e-02[39m
    233 Linear |R| = [33m3.632077e-02[39m
    234 Linear |R| = [33m3.610497e-02[39m
    235 Linear |R| = [33m3.602479e-02[39m
    236 Linear |R| = [33m3.575065e-02[39m
    237 Linear |R| = [33m3.567439e-02[39m
    238 Linear |R| = [33m3.522308e-02[39m
    239 Linear |R| = [33m3.510579e-02[39m
    240 Linear |R| = [33m3.481892e-02[39m
    241 Linear |R| = [33m3.481892e-02[39m
    242 Linear |R| = [33m3.472002e-02[39m
    243 Linear |R| = [33m3.433812e-02[39m
    244 Linear |R| = [33m3.416756e-02[39m
    245 Linear |R| = [33m3.406181e-02[39m
    246 Linear |R| = [33m3.390044e-02[39m
    247 Linear |R| = [33m3.374476e-02[39m
    248 Linear |R| = [33m3.365801e-02[39m
    249 Linear |R| = [33m3.348615e-02[39m
    250 Linear |R| = [33m3.321354e-02[39m
    251 Linear |R| = [33m3.303160e-02[39m
    252 Linear |R| = [33m3.284682e-02[39m
    253 Linear |R| = [33m3.264866e-02[39m
    254 Linear |R| = [33m3.262041e-02[39m
    255 Linear |R| = [33m3.241865e-02[39m
    256 Linear |R| = [33m3.219404e-02[39m
    257 Linear |R| = [33m3.199846e-02[39m
    258 Linear |R| = [33m3.165195e-02[39m
    259 Linear |R| = [33m3.147846e-02[39m
    260 Linear |R| = [33m3.140588e-02[39m
    261 Linear |R| = [33m3.115709e-02[39m
    262 Linear |R| = [33m3.108241e-02[39m
    263 Linear |R| = [33m3.074910e-02[39m
    264 Linear |R| = [33m3.063609e-02[39m
    265 Linear |R| = [33m3.036263e-02[39m
    266 Linear |R| = [33m3.028568e-02[39m
    267 Linear |R| = [33m2.984272e-02[39m
    268 Linear |R| = [33m2.978009e-02[39m
    269 Linear |R| = [33m2.928696e-02[39m
    270 Linear |R| = [33m2.905619e-02[39m
    271 Linear |R| = [33m2.905619e-02[39m
    272 Linear |R| = [33m2.876902e-02[39m
    273 Linear |R| = [33m2.844541e-02[39m
    274 Linear |R| = [33m2.832455e-02[39m
    275 Linear |R| = [33m2.810453e-02[39m
    276 Linear |R| = [33m2.802347e-02[39m
    277 Linear |R| = [33m2.783834e-02[39m
    278 Linear |R| = [33m2.772753e-02[39m
    279 Linear |R| = [33m2.759003e-02[39m
    280 Linear |R| = [33m2.749204e-02[39m
    281 Linear |R| = [33m2.744833e-02[39m
    282 Linear |R| = [33m2.732329e-02[39m
    283 Linear |R| = [33m2.716626e-02[39m
    284 Linear |R| = [33m2.703668e-02[39m
    285 Linear |R| = [33m2.687888e-02[39m
    286 Linear |R| = [33m2.675205e-02[39m
    287 Linear |R| = [33m2.668058e-02[39m
    288 Linear |R| = [33m2.656576e-02[39m
    289 Linear |R| = [33m2.645557e-02[39m
    290 Linear |R| = [33m2.621551e-02[39m
    291 Linear |R| = [33m2.600616e-02[39m
    292 Linear |R| = [33m2.582324e-02[39m
    293 Linear |R| = [33m2.566257e-02[39m
    294 Linear |R| = [33m2.557409e-02[39m
    295 Linear |R| = [33m2.543480e-02[39m
    296 Linear |R| = [33m2.533787e-02[39m
    297 Linear |R| = [33m2.523162e-02[39m
    298 Linear |R| = [33m2.506208e-02[39m
    299 Linear |R| = [33m2.503136e-02[39m
    300 Linear |R| = [33m2.461668e-02[39m
    301 Linear |R| = [33m2.461667e-02[39m
    302 Linear |R| = [33m2.446837e-02[39m
    303 Linear |R| = [33m2.426010e-02[39m
    304 Linear |R| = [33m2.415974e-02[39m
    305 Linear |R| = [33m2.406035e-02[39m
    306 Linear |R| = [33m2.395514e-02[39m
    307 Linear |R| = [33m2.379396e-02[39m
    308 Linear |R| = [33m2.376063e-02[39m
    309 Linear |R| = [33m2.361379e-02[39m
    310 Linear |R| = [33m2.343326e-02[39m
    311 Linear |R| = [33m2.333967e-02[39m
    312 Linear |R| = [33m2.320831e-02[39m
    313 Linear |R| = [33m2.311117e-02[39m
    314 Linear |R| = [33m2.309294e-02[39m
    315 Linear |R| = [33m2.295070e-02[39m
    316 Linear |R| = [33m2.286207e-02[39m
    317 Linear |R| = [33m2.275427e-02[39m
    318 Linear |R| = [33m2.246560e-02[39m
    319 Linear |R| = [33m2.242179e-02[39m
    320 Linear |R| = [33m2.224998e-02[39m
    321 Linear |R| = [33m2.223377e-02[39m
    322 Linear |R| = [33m2.203866e-02[39m
    323 Linear |R| = [33m2.202101e-02[39m
    324 Linear |R| = [33m2.184060e-02[39m
    325 Linear |R| = [33m2.179546e-02[39m
    326 Linear |R| = [33m2.164007e-02[39m
    327 Linear |R| = [33m2.150522e-02[39m
    328 Linear |R| = [33m2.143023e-02[39m
    329 Linear |R| = [33m2.117719e-02[39m
    330 Linear |R| = [33m2.106566e-02[39m
    331 Linear |R| = [33m2.106566e-02[39m
    332 Linear |R| = [33m2.095739e-02[39m
    333 Linear |R| = [33m2.075653e-02[39m
    334 Linear |R| = [33m2.064904e-02[39m
    335 Linear |R| = [33m2.053864e-02[39m
    336 Linear |R| = [33m2.046834e-02[39m
    337 Linear |R| = [33m2.037251e-02[39m
    338 Linear |R| = [33m2.031474e-02[39m
    339 Linear |R| = [33m2.021715e-02[39m
    340 Linear |R| = [33m2.017150e-02[39m
    341 Linear |R| = [33m2.014749e-02[39m
    342 Linear |R| = [33m2.003525e-02[39m
    343 Linear |R| = [33m1.991002e-02[39m
    344 Linear |R| = [33m1.981535e-02[39m
    345 Linear |R| = [33m1.970358e-02[39m
    346 Linear |R| = [33m1.960607e-02[39m
    347 Linear |R| = [33m1.955400e-02[39m
    348 Linear |R| = [33m1.947574e-02[39m
    349 Linear |R| = [33m1.942871e-02[39m
    350 Linear |R| = [33m1.928764e-02[39m
    351 Linear |R| = [33m1.912807e-02[39m
    352 Linear |R| = [33m1.898464e-02[39m
    353 Linear |R| = [33m1.887926e-02[39m
    354 Linear |R| = [33m1.880373e-02[39m
    355 Linear |R| = [33m1.868099e-02[39m
    356 Linear |R| = [33m1.862691e-02[39m
    357 Linear |R| = [33m1.855168e-02[39m
    358 Linear |R| = [33m1.840245e-02[39m
    359 Linear |R| = [33m1.837130e-02[39m
    360 Linear |R| = [33m1.794446e-02[39m
    361 Linear |R| = [33m1.794445e-02[39m
    362 Linear |R| = [33m1.782824e-02[39m
    363 Linear |R| = [33m1.767067e-02[39m
    364 Linear |R| = [33m1.754719e-02[39m
    365 Linear |R| = [33m1.746162e-02[39m
    366 Linear |R| = [33m1.740625e-02[39m
    367 Linear |R| = [33m1.731500e-02[39m
    368 Linear |R| = [33m1.726216e-02[39m
    369 Linear |R| = [33m1.711213e-02[39m
    370 Linear |R| = [33m1.705355e-02[39m
    371 Linear |R| = [33m1.697663e-02[39m
    372 Linear |R| = [33m1.683899e-02[39m
    373 Linear |R| = [33m1.680658e-02[39m
    374 Linear |R| = [33m1.677422e-02[39m
    375 Linear |R| = [33m1.667241e-02[39m
    376 Linear |R| = [33m1.662301e-02[39m
    377 Linear |R| = [33m1.652625e-02[39m
    378 Linear |R| = [33m1.639107e-02[39m
    379 Linear |R| = [33m1.632177e-02[39m
    380 Linear |R| = [33m1.614937e-02[39m
    381 Linear |R| = [33m1.614344e-02[39m
    382 Linear |R| = [33m1.601651e-02[39m
    383 Linear |R| = [33m1.600780e-02[39m
    384 Linear |R| = [33m1.586194e-02[39m
    385 Linear |R| = [33m1.581622e-02[39m
    386 Linear |R| = [33m1.575245e-02[39m
    387 Linear |R| = [33m1.565404e-02[39m
    388 Linear |R| = [33m1.558476e-02[39m
    389 Linear |R| = [33m1.544092e-02[39m
    390 Linear |R| = [33m1.538091e-02[39m
    391 Linear |R| = [33m1.538091e-02[39m
    392 Linear |R| = [33m1.532068e-02[39m
    393 Linear |R| = [33m1.517959e-02[39m
    394 Linear |R| = [33m1.512186e-02[39m
    395 Linear |R| = [33m1.506781e-02[39m
    396 Linear |R| = [33m1.500642e-02[39m
    397 Linear |R| = [33m1.492936e-02[39m
    398 Linear |R| = [33m1.490753e-02[39m
    399 Linear |R| = [33m1.484372e-02[39m
    400 Linear |R| = [33m1.480380e-02[39m
    401 Linear |R| = [33m1.477399e-02[39m
    402 Linear |R| = [33m1.469584e-02[39m
    403 Linear |R| = [33m1.460036e-02[39m
    404 Linear |R| = [33m1.455730e-02[39m
    405 Linear |R| = [33m1.443645e-02[39m
    406 Linear |R| = [33m1.437970e-02[39m
    407 Linear |R| = [33m1.434955e-02[39m
    408 Linear |R| = [33m1.426683e-02[39m
    409 Linear |R| = [33m1.424983e-02[39m
    410 Linear |R| = [33m1.409128e-02[39m
    411 Linear |R| = [33m1.398474e-02[39m
    412 Linear |R| = [33m1.393488e-02[39m
    413 Linear |R| = [33m1.378067e-02[39m
    414 Linear |R| = [33m1.374650e-02[39m
    415 Linear |R| = [33m1.364801e-02[39m
    416 Linear |R| = [33m1.361040e-02[39m
    417 Linear |R| = [33m1.350141e-02[39m
    418 Linear |R| = [33m1.341599e-02[39m
    419 Linear |R| = [33m1.337481e-02[39m
    420 Linear |R| = [33m1.324601e-02[39m
    421 Linear |R| = [33m1.324601e-02[39m
    422 Linear |R| = [33m1.320581e-02[39m
    423 Linear |R| = [33m1.310630e-02[39m
    424 Linear |R| = [33m1.303988e-02[39m
    425 Linear |R| = [33m1.296669e-02[39m
    426 Linear |R| = [33m1.286766e-02[39m
    427 Linear |R| = [33m1.280858e-02[39m
    428 Linear |R| = [33m1.276761e-02[39m
    429 Linear |R| = [33m1.268258e-02[39m
    430 Linear |R| = [33m1.262778e-02[39m
    431 Linear |R| = [33m1.260081e-02[39m
    432 Linear |R| = [33m1.252307e-02[39m
    433 Linear |R| = [33m1.247539e-02[39m
    434 Linear |R| = [33m1.246121e-02[39m
    435 Linear |R| = [33m1.235628e-02[39m
    436 Linear |R| = [33m1.231461e-02[39m
    437 Linear |R| = [33m1.219226e-02[39m
    438 Linear |R| = [33m1.212776e-02[39m
    439 Linear |R| = [33m1.204090e-02[39m
    440 Linear |R| = [33m1.198475e-02[39m
    441 Linear |R| = [33m1.192195e-02[39m
    442 Linear |R| = [33m1.187173e-02[39m
    443 Linear |R| = [33m1.181497e-02[39m
    444 Linear |R| = [33m1.176394e-02[39m
    445 Linear |R| = [33m1.172304e-02[39m
    446 Linear |R| = [33m1.167323e-02[39m
    447 Linear |R| = [33m1.164868e-02[39m
    448 Linear |R| = [33m1.152649e-02[39m
    449 Linear |R| = [33m1.148720e-02[39m
    450 Linear |R| = [33m1.129385e-02[39m
    451 Linear |R| = [33m1.129385e-02[39m
    452 Linear |R| = [33m1.120694e-02[39m
    453 Linear |R| = [33m1.109235e-02[39m
    454 Linear |R| = [33m1.105957e-02[39m
    455 Linear |R| = [33m1.102211e-02[39m
    456 Linear |R| = [33m1.097458e-02[39m
    457 Linear |R| = [33m1.091801e-02[39m
    458 Linear |R| = [33m1.090336e-02[39m
    459 Linear |R| = [33m1.084658e-02[39m
    460 Linear |R| = [33m1.081859e-02[39m
    461 Linear |R| = [33m1.078146e-02[39m
    462 Linear |R| = [33m1.076455e-02[39m
    463 Linear |R| = [33m1.064936e-02[39m
    464 Linear |R| = [33m1.061866e-02[39m
    465 Linear |R| = [33m1.052067e-02[39m
    466 Linear |R| = [33m1.046168e-02[39m
    467 Linear |R| = [33m1.043957e-02[39m
    468 Linear |R| = [33m1.034299e-02[39m
    469 Linear |R| = [33m1.033743e-02[39m
    470 Linear |R| = [33m1.026823e-02[39m
    471 Linear |R| = [33m1.022588e-02[39m
    472 Linear |R| = [33m1.018925e-02[39m
    473 Linear |R| = [33m1.013512e-02[39m
    474 Linear |R| = [33m1.010712e-02[39m
    475 Linear |R| = [33m1.005509e-02[39m
    476 Linear |R| = [33m9.985474e-03[39m
    477 Linear |R| = [33m9.927190e-03[39m
    478 Linear |R| = [33m9.883603e-03[39m
    479 Linear |R| = [33m9.846447e-03[39m
    480 Linear |R| = [33m9.775336e-03[39m
    481 Linear |R| = [33m9.775336e-03[39m
    482 Linear |R| = [33m9.746409e-03[39m
    483 Linear |R| = [33m9.684945e-03[39m
    484 Linear |R| = [33m9.643430e-03[39m
    485 Linear |R| = [33m9.591076e-03[39m
    486 Linear |R| = [33m9.501790e-03[39m
    487 Linear |R| = [33m9.465704e-03[39m
    488 Linear |R| = [33m9.390997e-03[39m
    489 Linear |R| = [33m9.348877e-03[39m
    490 Linear |R| = [33m9.329533e-03[39m
    491 Linear |R| = [33m9.260301e-03[39m
    492 Linear |R| = [33m9.247935e-03[39m
    493 Linear |R| = [33m9.185518e-03[39m
    494 Linear |R| = [33m9.181900e-03[39m
    495 Linear |R| = [33m9.115846e-03[39m
    496 Linear |R| = [33m9.063181e-03[39m
    497 Linear |R| = [33m9.014156e-03[39m
    498 Linear |R| = [33m8.891025e-03[39m
    499 Linear |R| = [33m8.867524e-03[39m
    500 Linear |R| = [33m8.773893e-03[39m
    501 Linear |R| = [33m8.765797e-03[39m
    502 Linear |R| = [33m8.712794e-03[39m
    503 Linear |R| = [33m8.699244e-03[39m
    504 Linear |R| = [33m8.643935e-03[39m
    505 Linear |R| = [33m8.596235e-03[39m
    506 Linear |R| = [33m8.562795e-03[39m
    507 Linear |R| = [33m8.505900e-03[39m
    508 Linear |R| = [33m8.454691e-03[39m
    509 Linear |R| = [33m8.311509e-03[39m
    510 Linear |R| = [33m8.266222e-03[39m
    511 Linear |R| = [33m8.266218e-03[39m
    512 Linear |R| = [33m8.221973e-03[39m
    513 Linear |R| = [33m8.115695e-03[39m
    514 Linear |R| = [33m8.043909e-03[39m
    515 Linear |R| = [33m8.013356e-03[39m
    516 Linear |R| = [33m7.985470e-03[39m
    517 Linear |R| = [33m7.916684e-03[39m
    518 Linear |R| = [33m7.904644e-03[39m
    519 Linear |R| = [33m7.869864e-03[39m
    520 Linear |R| = [33m7.849812e-03[39m
    521 Linear |R| = [33m7.825866e-03[39m
    522 Linear |R| = [33m7.765317e-03[39m
    523 Linear |R| = [33m7.727527e-03[39m
    524 Linear |R| = [33m7.670894e-03[39m
    525 Linear |R| = [33m7.607547e-03[39m
    526 Linear |R| = [33m7.578436e-03[39m
    527 Linear |R| = [33m7.553049e-03[39m
    528 Linear |R| = [33m7.528786e-03[39m
    529 Linear |R| = [33m7.519968e-03[39m
    530 Linear |R| = [33m7.472544e-03[39m
    531 Linear |R| = [33m7.458136e-03[39m
    532 Linear |R| = [33m7.390254e-03[39m
    533 Linear |R| = [33m7.375445e-03[39m
    534 Linear |R| = [33m7.333421e-03[39m
    535 Linear |R| = [33m7.292493e-03[39m
    536 Linear |R| = [33m7.278085e-03[39m
    537 Linear |R| = [33m7.211287e-03[39m
    538 Linear |R| = [33m7.201482e-03[39m
    539 Linear |R| = [33m7.168472e-03[39m
    540 Linear |R| = [33m7.130846e-03[39m
    541 Linear |R| = [33m7.130846e-03[39m
    542 Linear |R| = [33m7.114516e-03[39m
    543 Linear |R| = [33m7.076617e-03[39m
    544 Linear |R| = [33m7.046793e-03[39m
    545 Linear |R| = [33m7.020077e-03[39m
    546 Linear |R| = [33m6.984101e-03[39m
    547 Linear |R| = [33m6.937487e-03[39m
    548 Linear |R| = [33m6.932858e-03[39m
    549 Linear |R| = [33m6.865295e-03[39m
    550 Linear |R| = [33m6.847237e-03[39m
    551 Linear |R| = [33m6.837348e-03[39m
    552 Linear |R| = [33m6.801717e-03[39m
    553 Linear |R| = [33m6.792770e-03[39m
    554 Linear |R| = [33m6.777338e-03[39m
    555 Linear |R| = [33m6.734033e-03[39m
    556 Linear |R| = [33m6.723279e-03[39m
    557 Linear |R| = [33m6.623818e-03[39m
    558 Linear |R| = [33m6.575231e-03[39m
    559 Linear |R| = [33m6.518275e-03[39m
    560 Linear |R| = [33m6.460834e-03[39m
    561 Linear |R| = [33m6.454787e-03[39m
    562 Linear |R| = [33m6.402407e-03[39m
    563 Linear |R| = [33m6.401121e-03[39m
    564 Linear |R| = [33m6.326062e-03[39m
    565 Linear |R| = [33m6.317974e-03[39m
    566 Linear |R| = [33m6.219733e-03[39m
    567 Linear |R| = [33m6.199015e-03[39m
    568 Linear |R| = [33m6.073869e-03[39m
    569 Linear |R| = [33m6.003097e-03[39m
    570 Linear |R| = [33m5.905167e-03[39m
    571 Linear |R| = [33m5.905167e-03[39m
    572 Linear |R| = [33m5.855207e-03[39m
    573 Linear |R| = [33m5.740223e-03[39m
    574 Linear |R| = [33m5.673589e-03[39m
    575 Linear |R| = [33m5.622900e-03[39m
    576 Linear |R| = [33m5.591859e-03[39m
    577 Linear |R| = [33m5.554255e-03[39m
    578 Linear |R| = [33m5.541778e-03[39m
    579 Linear |R| = [33m5.515060e-03[39m
    580 Linear |R| = [33m5.498838e-03[39m
    581 Linear |R| = [33m5.482346e-03[39m
    582 Linear |R| = [33m5.415729e-03[39m
    583 Linear |R| = [33m5.385894e-03[39m
    584 Linear |R| = [33m5.323310e-03[39m
    585 Linear |R| = [33m5.295871e-03[39m
    586 Linear |R| = [33m5.255742e-03[39m
    587 Linear |R| = [33m5.249898e-03[39m
    588 Linear |R| = [33m5.222959e-03[39m
    589 Linear |R| = [33m5.217508e-03[39m
    590 Linear |R| = [33m5.193693e-03[39m
    591 Linear |R| = [33m5.172835e-03[39m
    592 Linear |R| = [33m5.149299e-03[39m
    593 Linear |R| = [33m5.125268e-03[39m
    594 Linear |R| = [33m5.101960e-03[39m
    595 Linear |R| = [33m5.092493e-03[39m
    596 Linear |R| = [33m5.057502e-03[39m
    597 Linear |R| = [33m5.042988e-03[39m
    598 Linear |R| = [33m5.011306e-03[39m
    599 Linear |R| = [33m5.000816e-03[39m
    600 Linear |R| = [33m4.977438e-03[39m
    601 Linear |R| = [33m4.977434e-03[39m
    602 Linear |R| = [33m4.969261e-03[39m
    603 Linear |R| = [33m4.944091e-03[39m
    604 Linear |R| = [33m4.928398e-03[39m
    605 Linear |R| = [33m4.914846e-03[39m
    606 Linear |R| = [33m4.895214e-03[39m
    607 Linear |R| = [33m4.872403e-03[39m
    608 Linear |R| = [33m4.870155e-03[39m
    609 Linear |R| = [33m4.838065e-03[39m
    610 Linear |R| = [33m4.828194e-03[39m
    611 Linear |R| = [33m4.816897e-03[39m
    612 Linear |R| = [33m4.799245e-03[39m
    613 Linear |R| = [33m4.793404e-03[39m
    614 Linear |R| = [33m4.783885e-03[39m
    615 Linear |R| = [33m4.746631e-03[39m
    616 Linear |R| = [33m4.731647e-03[39m
    617 Linear |R| = [33m4.646614e-03[39m
    618 Linear |R| = [33m4.605245e-03[39m
    619 Linear |R| = [33m4.567626e-03[39m
    620 Linear |R| = [33m4.511740e-03[39m
    621 Linear |R| = [33m4.507875e-03[39m
    622 Linear |R| = [33m4.469399e-03[39m
    623 Linear |R| = [33m4.468424e-03[39m
    624 Linear |R| = [33m4.424548e-03[39m
    625 Linear |R| = [33m4.414341e-03[39m
    626 Linear |R| = [33m4.363686e-03[39m
    627 Linear |R| = [33m4.323822e-03[39m
    628 Linear |R| = [33m4.242487e-03[39m
    629 Linear |R| = [33m4.113770e-03[39m
    630 Linear |R| = [33m4.079616e-03[39m
    631 Linear |R| = [33m4.079610e-03[39m
    632 Linear |R| = [33m4.020110e-03[39m
    633 Linear |R| = [33m3.902663e-03[39m
    634 Linear |R| = [33m3.859417e-03[39m
    635 Linear |R| = [33m3.813588e-03[39m
    636 Linear |R| = [33m3.796939e-03[39m
    637 Linear |R| = [33m3.769685e-03[39m
    638 Linear |R| = [33m3.757250e-03[39m
    639 Linear |R| = [33m3.738327e-03[39m
    640 Linear |R| = [33m3.723180e-03[39m
    641 Linear |R| = [33m3.710653e-03[39m
    642 Linear |R| = [33m3.675899e-03[39m
    643 Linear |R| = [33m3.656444e-03[39m
    644 Linear |R| = [33m3.629776e-03[39m
    645 Linear |R| = [33m3.608144e-03[39m
    646 Linear |R| = [33m3.590486e-03[39m
    647 Linear |R| = [33m3.580420e-03[39m
    648 Linear |R| = [33m3.560046e-03[39m
    649 Linear |R| = [33m3.552141e-03[39m
    650 Linear |R| = [33m3.524607e-03[39m
    651 Linear |R| = [33m3.520394e-03[39m
    652 Linear |R| = [33m3.488962e-03[39m
    653 Linear |R| = [33m3.487592e-03[39m
    654 Linear |R| = [33m3.467563e-03[39m
    655 Linear |R| = [33m3.450974e-03[39m
    656 Linear |R| = [33m3.439570e-03[39m
    657 Linear |R| = [33m3.413568e-03[39m
    658 Linear |R| = [33m3.405168e-03[39m
    659 Linear |R| = [33m3.400445e-03[39m
    660 Linear |R| = [33m3.380344e-03[39m
    661 Linear |R| = [33m3.380326e-03[39m
    662 Linear |R| = [33m3.371827e-03[39m
    663 Linear |R| = [33m3.358841e-03[39m
    664 Linear |R| = [33m3.350834e-03[39m
    665 Linear |R| = [33m3.341593e-03[39m
    666 Linear |R| = [33m3.324998e-03[39m
    667 Linear |R| = [33m3.300181e-03[39m
    668 Linear |R| = [33m3.299619e-03[39m
    669 Linear |R| = [33m3.281185e-03[39m
    670 Linear |R| = [33m3.277862e-03[39m
    671 Linear |R| = [33m3.274138e-03[39m
    672 Linear |R| = [33m3.257900e-03[39m
    673 Linear |R| = [33m3.247816e-03[39m
    674 Linear |R| = [33m3.237250e-03[39m
    675 Linear |R| = [33m3.205875e-03[39m
    676 Linear |R| = [33m3.197791e-03[39m
    677 Linear |R| = [33m3.156268e-03[39m
    678 Linear |R| = [33m3.139454e-03[39m
    679 Linear |R| = [33m3.120034e-03[39m
    680 Linear |R| = [33m3.076003e-03[39m
    681 Linear |R| = [33m3.071961e-03[39m
    682 Linear |R| = [33m3.030709e-03[39m
    683 Linear |R| = [33m3.028856e-03[39m
    684 Linear |R| = [33m2.993141e-03[39m
    685 Linear |R| = [33m2.978970e-03[39m
    686 Linear |R| = [33m2.953141e-03[39m
    687 Linear |R| = [33m2.936210e-03[39m
    688 Linear |R| = [33m2.910448e-03[39m
    689 Linear |R| = [33m2.817472e-03[39m
    690 Linear |R| = [33m2.803287e-03[39m
    691 Linear |R| = [33m2.803282e-03[39m
    692 Linear |R| = [33m2.764227e-03[39m
    693 Linear |R| = [33m2.707254e-03[39m
    694 Linear |R| = [33m2.683188e-03[39m
    695 Linear |R| = [33m2.653684e-03[39m
    696 Linear |R| = [33m2.642718e-03[39m
    697 Linear |R| = [33m2.622254e-03[39m
    698 Linear |R| = [33m2.612022e-03[39m
    699 Linear |R| = [33m2.593783e-03[39m
    700 Linear |R| = [33m2.583420e-03[39m
    701 Linear |R| = [33m2.572726e-03[39m
    702 Linear |R| = [33m2.551734e-03[39m
    703 Linear |R| = [33m2.537308e-03[39m
    704 Linear |R| = [33m2.522992e-03[39m
    705 Linear |R| = [33m2.506776e-03[39m
    706 Linear |R| = [33m2.497217e-03[39m
    707 Linear |R| = [33m2.478965e-03[39m
    708 Linear |R| = [33m2.469097e-03[39m
    709 Linear |R| = [33m2.465881e-03[39m
    710 Linear |R| = [33m2.444386e-03[39m
    711 Linear |R| = [33m2.443971e-03[39m
    712 Linear |R| = [33m2.421490e-03[39m
    713 Linear |R| = [33m2.417801e-03[39m
    714 Linear |R| = [33m2.404442e-03[39m
    715 Linear |R| = [33m2.387598e-03[39m
    716 Linear |R| = [33m2.381782e-03[39m
    717 Linear |R| = [33m2.366401e-03[39m
    718 Linear |R| = [33m2.361076e-03[39m
    719 Linear |R| = [33m2.355123e-03[39m
    720 Linear |R| = [33m2.354480e-03[39m
    721 Linear |R| = [33m2.354467e-03[39m
    722 Linear |R| = [33m2.347422e-03[39m
    723 Linear |R| = [33m2.337361e-03[39m
    724 Linear |R| = [33m2.331748e-03[39m
    725 Linear |R| = [33m2.324477e-03[39m
    726 Linear |R| = [33m2.317153e-03[39m
    727 Linear |R| = [33m2.302482e-03[39m
    728 Linear |R| = [33m2.301510e-03[39m
    729 Linear |R| = [33m2.290679e-03[39m
    730 Linear |R| = [33m2.286529e-03[39m
    731 Linear |R| = [33m2.284585e-03[39m
    732 Linear |R| = [33m2.276815e-03[39m
    733 Linear |R| = [33m2.270330e-03[39m
    734 Linear |R| = [33m2.268127e-03[39m
    735 Linear |R| = [33m2.235985e-03[39m
    736 Linear |R| = [33m2.229845e-03[39m
    737 Linear |R| = [33m2.205534e-03[39m
    738 Linear |R| = [33m2.189909e-03[39m
    739 Linear |R| = [33m2.173074e-03[39m
    740 Linear |R| = [33m2.144659e-03[39m
    741 Linear |R| = [33m2.141155e-03[39m
    742 Linear |R| = [33m2.113553e-03[39m
    743 Linear |R| = [33m2.109814e-03[39m
    744 Linear |R| = [33m2.077872e-03[39m
    745 Linear |R| = [33m2.075967e-03[39m
    746 Linear |R| = [33m2.046715e-03[39m
    747 Linear |R| = [33m2.027764e-03[39m
    748 Linear |R| = [33m2.001495e-03[39m
    749 Linear |R| = [33m1.987902e-03[39m
    750 Linear |R| = [33m1.950273e-03[39m
    751 Linear |R| = [33m1.950273e-03[39m
    752 Linear |R| = [33m1.924243e-03[39m
    753 Linear |R| = [33m1.890569e-03[39m
    754 Linear |R| = [33m1.874433e-03[39m
    755 Linear |R| = [33m1.849218e-03[39m
    756 Linear |R| = [33m1.838121e-03[39m
    757 Linear |R| = [33m1.824172e-03[39m
    758 Linear |R| = [33m1.818125e-03[39m
    759 Linear |R| = [33m1.803159e-03[39m
    760 Linear |R| = [33m1.792514e-03[39m
    761 Linear |R| = [33m1.782828e-03[39m
    762 Linear |R| = [33m1.770118e-03[39m
    763 Linear |R| = [33m1.756961e-03[39m
    764 Linear |R| = [33m1.742982e-03[39m
    765 Linear |R| = [33m1.729966e-03[39m
    766 Linear |R| = [33m1.722628e-03[39m
    767 Linear |R| = [33m1.710546e-03[39m
    768 Linear |R| = [33m1.705771e-03[39m
    769 Linear |R| = [33m1.702510e-03[39m
    770 Linear |R| = [33m1.690133e-03[39m
    771 Linear |R| = [33m1.688716e-03[39m
    772 Linear |R| = [33m1.676228e-03[39m
    773 Linear |R| = [33m1.672855e-03[39m
    774 Linear |R| = [33m1.665397e-03[39m
    775 Linear |R| = [33m1.656162e-03[39m
    776 Linear |R| = [33m1.654096e-03[39m
    777 Linear |R| = [33m1.642262e-03[39m
    778 Linear |R| = [33m1.641027e-03[39m
    779 Linear |R| = [33m1.632492e-03[39m
    780 Linear |R| = [31m1.636221e-03[39m
    781 Linear |R| = [33m1.636218e-03[39m
    782 Linear |R| = [33m1.627364e-03[39m
    783 Linear |R| = [33m1.620899e-03[39m
    784 Linear |R| = [33m1.619054e-03[39m
    785 Linear |R| = [33m1.612703e-03[39m
    786 Linear |R| = [33m1.609009e-03[39m
    787 Linear |R| = [33m1.601742e-03[39m
    788 Linear |R| = [33m1.600257e-03[39m
    789 Linear |R| = [33m1.593461e-03[39m
    790 Linear |R| = [33m1.591859e-03[39m
    791 Linear |R| = [33m1.588543e-03[39m
    792 Linear |R| = [33m1.583616e-03[39m
    793 Linear |R| = [33m1.580814e-03[39m
    794 Linear |R| = [33m1.575073e-03[39m
    795 Linear |R| = [33m1.566205e-03[39m
    796 Linear |R| = [33m1.560798e-03[39m
    797 Linear |R| = [33m1.539175e-03[39m
    798 Linear |R| = [33m1.530216e-03[39m
    799 Linear |R| = [33m1.517883e-03[39m
    800 Linear |R| = [33m1.493519e-03[39m
    801 Linear |R| = [33m1.493028e-03[39m
    802 Linear |R| = [33m1.467794e-03[39m
    803 Linear |R| = [33m1.462943e-03[39m
    804 Linear |R| = [33m1.442501e-03[39m
    805 Linear |R| = [33m1.435702e-03[39m
    806 Linear |R| = [33m1.419822e-03[39m
    807 Linear |R| = [33m1.397226e-03[39m
    808 Linear |R| = [33m1.388333e-03[39m
    809 Linear |R| = [33m1.362256e-03[39m
    810 Linear |R| = [31m1.369812e-03[39m
    811 Linear |R| = [33m1.369808e-03[39m
    812 Linear |R| = [33m1.360412e-03[39m
    813 Linear |R| = [33m1.335129e-03[39m
    814 Linear |R| = [33m1.323403e-03[39m
    815 Linear |R| = [33m1.307406e-03[39m
    816 Linear |R| = [33m1.299126e-03[39m
    817 Linear |R| = [33m1.281337e-03[39m
    818 Linear |R| = [33m1.276810e-03[39m
    819 Linear |R| = [33m1.263044e-03[39m
    820 Linear |R| = [33m1.252196e-03[39m
    821 Linear |R| = [33m1.243617e-03[39m
    822 Linear |R| = [33m1.234930e-03[39m
    823 Linear |R| = [33m1.225385e-03[39m
    824 Linear |R| = [33m1.209338e-03[39m
    825 Linear |R| = [33m1.205435e-03[39m
    826 Linear |R| = [33m1.197126e-03[39m
    827 Linear |R| = [33m1.193175e-03[39m
    828 Linear |R| = [33m1.188713e-03[39m
    829 Linear |R| = [33m1.183535e-03[39m
    830 Linear |R| = [33m1.178945e-03[39m
    831 Linear |R| = [33m1.175146e-03[39m
    832 Linear |R| = [33m1.168482e-03[39m
    833 Linear |R| = [33m1.165977e-03[39m
    834 Linear |R| = [33m1.161293e-03[39m
    835 Linear |R| = [33m1.158576e-03[39m
    836 Linear |R| = [33m1.155698e-03[39m
    837 Linear |R| = [33m1.151639e-03[39m
    838 Linear |R| = [33m1.149462e-03[39m
    839 Linear |R| = [33m1.146701e-03[39m
    840 Linear |R| = [31m1.151851e-03[39m
    841 Linear |R| = [33m1.151851e-03[39m
    842 Linear |R| = [33m1.138015e-03[39m
    843 Linear |R| = [33m1.134292e-03[39m
    844 Linear |R| = [33m1.133303e-03[39m
    845 Linear |R| = [33m1.128909e-03[39m
    846 Linear |R| = [33m1.126831e-03[39m
    847 Linear |R| = [33m1.122669e-03[39m
    848 Linear |R| = [33m1.120815e-03[39m
    849 Linear |R| = [33m1.115734e-03[39m
    850 Linear |R| = [33m1.113537e-03[39m
    851 Linear |R| = [33m1.110792e-03[39m
    852 Linear |R| = [33m1.105415e-03[39m
    853 Linear |R| = [33m1.103330e-03[39m
    854 Linear |R| = [33m1.098783e-03[39m
    855 Linear |R| = [33m1.095612e-03[39m
    856 Linear |R| = [33m1.090856e-03[39m
    857 Linear |R| = [33m1.081711e-03[39m
    858 Linear |R| = [33m1.073593e-03[39m
    859 Linear |R| = [33m1.062388e-03[39m
    860 Linear |R| = [33m1.045182e-03[39m
    861 Linear |R| = [33m1.043915e-03[39m
    862 Linear |R| = [33m1.015257e-03[39m
    863 Linear |R| = [33m1.013138e-03[39m
    864 Linear |R| = [33m9.932705e-04[39m
    865 Linear |R| = [33m9.877414e-04[39m
    866 Linear |R| = [33m9.724144e-04[39m
    867 Linear |R| = [33m9.651039e-04[39m
    868 Linear |R| = [33m9.532354e-04[39m
    869 Linear |R| = [33m9.395461e-04[39m
    870 Linear |R| = [31m9.464141e-04[39m
    871 Linear |R| = [33m9.464134e-04[39m
    872 Linear |R| = [33m9.362635e-04[39m
    873 Linear |R| = [33m9.226627e-04[39m
    874 Linear |R| = [33m9.120692e-04[39m
    875 Linear |R| = [33m8.988287e-04[39m
    876 Linear |R| = [33m8.945461e-04[39m
    877 Linear |R| = [33m8.817605e-04[39m
    878 Linear |R| = [33m8.760131e-04[39m
    879 Linear |R| = [33m8.660294e-04[39m
    880 Linear |R| = [33m8.580478e-04[39m
    881 Linear |R| = [33m8.517417e-04[39m
    882 Linear |R| = [33m8.436430e-04[39m
    883 Linear |R| = [33m8.352512e-04[39m
    884 Linear |R| = [33m8.238213e-04[39m
    885 Linear |R| = [33m8.202510e-04[39m
    886 Linear |R| = [33m8.154161e-04[39m
    887 Linear |R| = [33m8.130952e-04[39m
    888 Linear |R| = [33m8.105709e-04[39m
    889 Linear |R| = [33m8.079209e-04[39m
    890 Linear |R| = [33m8.007758e-04[39m
    891 Linear |R| = [33m7.994687e-04[39m
    892 Linear |R| = [33m7.934105e-04[39m
    893 Linear |R| = [33m7.918059e-04[39m
    894 Linear |R| = [33m7.890744e-04[39m
    895 Linear |R| = [33m7.851550e-04[39m
    896 Linear |R| = [33m7.845533e-04[39m
    897 Linear |R| = [33m7.819883e-04[39m
    898 Linear |R| = [33m7.800941e-04[39m
    899 Linear |R| = [33m7.789264e-04[39m
    900 Linear |R| = [31m7.878489e-04[39m
    901 Linear |R| = [33m7.878473e-04[39m
    902 Linear |R| = [33m7.729123e-04[39m
    903 Linear |R| = [33m7.702165e-04[39m
    904 Linear |R| = [33m7.697761e-04[39m
    905 Linear |R| = [33m7.667132e-04[39m
    906 Linear |R| = [33m7.654125e-04[39m
    907 Linear |R| = [33m7.631334e-04[39m
    908 Linear |R| = [33m7.614508e-04[39m
    909 Linear |R| = [33m7.586529e-04[39m
    910 Linear |R| = [33m7.579368e-04[39m
    911 Linear |R| = [33m7.559063e-04[39m
    912 Linear |R| = [33m7.540034e-04[39m
    913 Linear |R| = [33m7.525790e-04[39m
    914 Linear |R| = [33m7.503529e-04[39m
    915 Linear |R| = [33m7.483179e-04[39m
    916 Linear |R| = [33m7.468673e-04[39m
    917 Linear |R| = [33m7.370739e-04[39m
    918 Linear |R| = [33m7.317336e-04[39m
    919 Linear |R| = [33m7.209032e-04[39m
    920 Linear |R| = [33m7.105139e-04[39m
    921 Linear |R| = [33m7.085498e-04[39m
    922 Linear |R| = [33m6.916431e-04[39m
    923 Linear |R| = [33m6.910358e-04[39m
    924 Linear |R| = [33m6.795192e-04[39m
    925 Linear |R| = [33m6.762732e-04[39m
    926 Linear |R| = [33m6.673900e-04[39m
    927 Linear |R| = [33m6.630225e-04[39m
    928 Linear |R| = [33m6.568458e-04[39m
    929 Linear |R| = [33m6.404427e-04[39m
    930 Linear |R| = [31m6.546320e-04[39m
    931 Linear |R| = [33m6.546196e-04[39m
    932 Linear |R| = [33m6.401296e-04[39m
    933 Linear |R| = [33m6.312192e-04[39m
    934 Linear |R| = [33m6.251943e-04[39m
    935 Linear |R| = [33m6.133282e-04[39m
    936 Linear |R| = [33m6.108638e-04[39m
    937 Linear |R| = [33m6.036160e-04[39m
    938 Linear |R| = [33m6.001498e-04[39m
    939 Linear |R| = [33m5.943510e-04[39m
    940 Linear |R| = [33m5.902523e-04[39m
    941 Linear |R| = [33m5.849056e-04[39m
    942 Linear |R| = [33m5.786567e-04[39m
    943 Linear |R| = [33m5.722645e-04[39m
    944 Linear |R| = [33m5.639542e-04[39m
    945 Linear |R| = [33m5.614715e-04[39m
    946 Linear |R| = [33m5.580794e-04[39m
    947 Linear |R| = [33m5.567887e-04[39m
    948 Linear |R| = [33m5.551630e-04[39m
    949 Linear |R| = [33m5.530056e-04[39m
    950 Linear |R| = [33m5.507489e-04[39m
    951 Linear |R| = [33m5.493491e-04[39m
    952 Linear |R| = [33m5.442796e-04[39m
    953 Linear |R| = [33m5.434586e-04[39m
    954 Linear |R| = [33m5.391189e-04[39m
    955 Linear |R| = [33m5.379226e-04[39m
    956 Linear |R| = [33m5.361896e-04[39m
    957 Linear |R| = [33m5.343563e-04[39m
    958 Linear |R| = [33m5.333131e-04[39m
    959 Linear |R| = [33m5.310779e-04[39m
    960 Linear |R| = [31m5.542714e-04[39m
    961 Linear |R| = [33m5.540799e-04[39m
    962 Linear |R| = [33m5.295927e-04[39m
    963 Linear |R| = [33m5.273363e-04[39m
    964 Linear |R| = [33m5.271972e-04[39m
    965 Linear |R| = [33m5.241663e-04[39m
    966 Linear |R| = [33m5.229763e-04[39m
    967 Linear |R| = [33m5.211357e-04[39m
    968 Linear |R| = [33m5.204596e-04[39m
    969 Linear |R| = [33m5.184689e-04[39m
    970 Linear |R| = [33m5.179449e-04[39m
    971 Linear |R| = [33m5.161244e-04[39m
    972 Linear |R| = [33m5.143385e-04[39m
    973 Linear |R| = [33m5.142491e-04[39m
    974 Linear |R| = [33m5.119276e-04[39m
    975 Linear |R| = [33m5.102344e-04[39m
    976 Linear |R| = [33m5.085307e-04[39m
    977 Linear |R| = [33m5.038189e-04[39m
    978 Linear |R| = [33m4.973936e-04[39m
    979 Linear |R| = [33m4.916397e-04[39m
    980 Linear |R| = [33m4.816067e-04[39m
    981 Linear |R| = [33m4.797460e-04[39m
    982 Linear |R| = [33m4.703276e-04[39m
    983 Linear |R| = [33m4.690254e-04[39m
    984 Linear |R| = [33m4.622555e-04[39m
    985 Linear |R| = [33m4.604448e-04[39m
    986 Linear |R| = [33m4.537821e-04[39m
    987 Linear |R| = [33m4.511822e-04[39m
    988 Linear |R| = [33m4.438567e-04[39m
    989 Linear |R| = [33m4.388431e-04[39m
    990 Linear |R| = [31m4.630611e-04[39m
    991 Linear |R| = [33m4.630238e-04[39m
    992 Linear |R| = [32m4.373741e-04[39m
    993 Linear |R| = [33m4.306861e-04[39m
    994 Linear |R| = [33m4.287096e-04[39m
    995 Linear |R| = [33m4.197850e-04[39m
    996 Linear |R| = [33m4.172678e-04[39m
    997 Linear |R| = [33m4.123850e-04[39m
    998 Linear |R| = [33m4.098096e-04[39m
    999 Linear |R| = [33m4.060329e-04[39m
   1000 Linear |R| = [33m4.022431e-04[39m
   1001 Linear |R| = [33m3.994839e-04[39m
   1002 Linear |R| = [33m3.935488e-04[39m
   1003 Linear |R| = [33m3.885655e-04[39m
   1004 Linear |R| = [33m3.831416e-04[39m
   1005 Linear |R| = [33m3.810579e-04[39m
   1006 Linear |R| = [33m3.786881e-04[39m
   1007 Linear |R| = [33m3.774612e-04[39m
   1008 Linear |R| = [33m3.757627e-04[39m
   1009 Linear |R| = [33m3.752047e-04[39m
   1010 Linear |R| = [33m3.736772e-04[39m
   1011 Linear |R| = [33m3.728181e-04[39m
   1012 Linear |R| = [33m3.695891e-04[39m
   1013 Linear |R| = [33m3.689921e-04[39m
   1014 Linear |R| = [33m3.671246e-04[39m
   1015 Linear |R| = [33m3.653739e-04[39m
   1016 Linear |R| = [33m3.644580e-04[39m
   1017 Linear |R| = [33m3.633443e-04[39m
   1018 Linear |R| = [33m3.620486e-04[39m
   1019 Linear |R| = [33m3.609334e-04[39m
   1020 Linear |R| = [31m3.888104e-04[39m
   1021 Linear |R| = [33m3.887648e-04[39m
   1022 Linear |R| = [32m3.591092e-04[39m
   1023 Linear |R| = [33m3.583853e-04[39m
   1024 Linear |R| = [33m3.583776e-04[39m
   1025 Linear |R| = [33m3.552839e-04[39m
   1026 Linear |R| = [33m3.546046e-04[39m
   1027 Linear |R| = [33m3.533747e-04[39m
   1028 Linear |R| = [33m3.528171e-04[39m
   1029 Linear |R| = [33m3.513951e-04[39m
   1030 Linear |R| = [33m3.509597e-04[39m
   1031 Linear |R| = [33m3.499949e-04[39m
   1032 Linear |R| = [33m3.488539e-04[39m
   1033 Linear |R| = [33m3.486265e-04[39m
   1034 Linear |R| = [33m3.478166e-04[39m
   1035 Linear |R| = [33m3.463859e-04[39m
   1036 Linear |R| = [33m3.457245e-04[39m
   1037 Linear |R| = [33m3.412138e-04[39m
   1038 Linear |R| = [33m3.393921e-04[39m
   1039 Linear |R| = [33m3.349375e-04[39m
   1040 Linear |R| = [33m3.288248e-04[39m
   1041 Linear |R| = [33m3.282822e-04[39m
   1042 Linear |R| = [33m3.216542e-04[39m
   1043 Linear |R| = [33m3.212907e-04[39m
   1044 Linear |R| = [33m3.159389e-04[39m
   1045 Linear |R| = [33m3.149948e-04[39m
   1046 Linear |R| = [33m3.114894e-04[39m
   1047 Linear |R| = [33m3.086947e-04[39m
   1048 Linear |R| = [33m3.065415e-04[39m
   1049 Linear |R| = [33m3.009009e-04[39m
    Linear solve did not converge due to DIVERGED_BREAKDOWN iterations 1050
 8 Nonlinear |R| = [32m3.323020e-04[39m
[32m Solve Converged![39m
Currently Executing
  Finished Solving                                                                       [[33m  5.97 s[39m] [[33m  171 MB[39m]

[31m
*** ERROR ***
To compute an effective inelastic strain use RankTwoScalarTools::effectiveStrain()[39m

Stack frames: 25
0: libMesh::print_trace(std::ostream&)
1: moose::internal::mooseErrorRaw(std::__cxx11::basic_string<char, std::char_traits<char>, std::allocator<char> >, std::__cxx11::basic_string<char, std::char_traits<char>, std::allocator<char> > const&, hit::Node const*, bool)
2: void mooseError<char const (&) [83]>(char const (&) [83])
3: double RankTwoScalarTools::getQuantity<double>(RankTwoTensorTempl<double> const&, MooseEnum const&, libMesh::Point const&, libMesh::Point const&, libMesh::Point const&, libMesh::Point&)
4: RankTwoScalarAuxTempl<false>::computeValue()
5: AuxKernelTempl<double>::compute()
6: ComputeElemAuxVarsThread<AuxKernelTempl<double> >::onElement(libMesh::Elem const*)
7: ThreadedElementLoopBase<libMesh::StoredRange<libMesh::MeshBase::const_element_iterator, libMesh::Elem const*> >::operator()(libMesh::StoredRange<libMesh::MeshBase::const_element_iterator, libMesh::Elem const*> const&, bool)
8: /home/kevin/gt/demo/mayor/rig/build/moose/framework/libmoose-opt.so.0(+0x253ae4f) [0x7f9aa3b3ae4f]
9: void AuxiliarySystem::computeElementalVarsHelper<AuxKernelTempl<double> >(MooseObjectWarehouse<AuxKernelTempl<double> > const&)
10: AuxiliarySystem::computeElementalVars(MooseEnumItem)
11: AuxiliarySystem::compute(MooseEnumItem)
12: FEProblemBase::computeSystems(MooseEnumItem const&)
13: FEProblemBase::execute(MooseEnumItem const&)
14: FixedPointSolve::solveStep(std::set<unsigned long, std::less<unsigned long>, std::allocator<unsigned long> > const&)
15: FixedPointSolve::solve()
16: TimeStepper::step()
17: TransientBase::takeStep(double)
18: TransientBase::execute()
19: MooseApp::executeExecutioner()
20: MooseApp::run()
21: /home/kevin/gt/demo/mayor/rig/build/moose/modules/solid_mechanics/solid_mechanics-opt(+0x50f2) [0x55e8e5bcf0f2]
22: /lib/libc.so.6(+0x27741) [0x7f9a8c627741]
23: __libc_start_main
24: /home/kevin/gt/demo/mayor/rig/build/moose/modules/solid_mechanics/solid_mechanics-opt(+0x5365) [0x55e8e5bcf365]
Abort(1) on node 0 (rank 0 in comm 0): application called MPI_Abort(MPI_COMM_WORLD, 1) - process 0
