
╔══════════════════════════════════════════════════════════════╗
║                                                              ║
║   _   _                       _                               ║
║  | | | | ___  _ __   __ _ ___| |__  _   _  __ _ _ __   ___  ║
║  | |_| |/ _ \| '_ \ / _` / __| '_ \| | | |/ _` | '_ \ / _ \ ║
║  |  _  | (_) | | | | (_| \__ \ | | | |_| | (_| | | | |  __/ ║
║  |_| |_|\___/|_| |_|\__, |___/_| |_|\__,_|\__,_|_| |_|\___| ║
║                     |___/                                     ║
║                                                              ║
║    红创科技多物理场仿真引擎 (核心模块) V1.0                     ║
║    基于 MOOSE 多物理场面向对象仿真环境                         ║
║    © 2026 红创科技 (Hongchuang Tech)                          ║
║                                                              ║
╚══════════════════════════════════════════════════════════════╝



*** ERROR ***
Unable to open file "/home/kevin/gt/demo/mayor/rig/inputs/aac_wall_tests/w01_axial.i". Check to make sure that it exists and that you have read permission.

Stack frames: 10
0: libMesh::print_trace(std::ostream&)
1: moose::internal::mooseErrorRaw(std::__cxx11::basic_string<char, std::char_traits<char>, std::allocator<char> >, std::__cxx11::basic_string<char, std::char_traits<char>, std::allocator<char> > const&, hit::Node const*, bool)
2: void mooseError<char const*>(char const*&&)
3: MooseUtils::checkFileReadable(std::__cxx11::basic_string<char, std::char_traits<char>, std::allocator<char> > const&, bool, bool, bool)
4: Parser::parse()
5: Moose::createMooseApp(std::__cxx11::basic_string<char, std::char_traits<char>, std::allocator<char> > const&, int, char**)
6: /home/kevin/gt/demo/mayor/rig/build/moose/modules/solid_mechanics/solid_mechanics-opt(+0x50e6) [0x5590706710e6]
7: /lib/libc.so.6(+0x27741) [0x7f0f56427741]
8: __libc_start_main
9: /home/kevin/gt/demo/mayor/rig/build/moose/modules/solid_mechanics/solid_mechanics-opt(+0x5365) [0x559070671365]
Abort(1) on node 0 (rank 0 in comm 0): application called MPI_Abort(MPI_COMM_WORLD, 1) - process 0
