
╔══════════════════════════════════════════════════════════════╗
║                                                              ║
║   _   _                       _                               ║
║  | | | | ___  _ __   __ _ ___| |__  _   _  __ _ _ __   ___  ║
║  | |_| |/ _ \| '_ \ / _` / __| '_ \| | | |/ _` | '_ \ / _ \ ║
║  |  _  | (_) | | | | (_| \__ \ | | | |_| | (_| | | | |  __/ ║
║  |_| |_|\___/|_| |_|\__, |___/_| |_|\__,_|\__,_|_| |_|\___| ║
║                     |___/                                     ║
║                                                              ║
║    红创科技多物理场仿真引擎 (核心模块) V1.0                     ║
║    基于 MOOSE 多物理场面向对象仿真环境                         ║
║    © 2026 红创科技 (Hongchuang Tech)                          ║
║                                                              ║
╚══════════════════════════════════════════════════════════════╝


[33m
*** Deprecation Warning ***
/home/kevin/gt/demo/mayor/rig/inputs/aac_wall_tests/w01_axial_compression.i:53.3: The 'Kernels/TensorMechanics' syntax is deprecated. Please use 'Physics/SolidMechanics/QuasiStatic' instead.[39m
Stack frames: 14
0: libMesh::print_trace(std::ostream&)
1: void moose::internal::mooseDeprecatedStream<libMesh::BasicOStreamProxy<char, std::char_traits<char> >, std::__cxx11::basic_string<char, std::char_traits<char>, std::allocator<char> > >(libMesh::BasicOStreamProxy<char, std::char_traits<char> >&, bool, bool, bool, std::__cxx11::basic_string<char, std::char_traits<char>, std::allocator<char> >&&)
2: Moose::Builder::walkRaw(std::__cxx11::basic_string<char, std::char_traits<char>, std::allocator<char> >, std::__cxx11::basic_string<char, std::char_traits<char>, std::allocator<char> >, hit::Node*)
3: Moose::Builder::walk(std::__cxx11::basic_string<char, std::char_traits<char>, std::allocator<char> > const&, std::__cxx11::basic_string<char, std::char_traits<char>, std::allocator<char> > const&, hit::Node*)
4: hit::Node::walk(hit::Walker*, hit::NodeType, hit::TraversalOrder)
5: hit::Node::walk(hit::Walker*, hit::NodeType, hit::TraversalOrder)
6: hit::Node::walk(hit::Walker*, hit::NodeType, hit::TraversalOrder)
7: Moose::Builder::build()
8: MooseApp::setupOptions()
9: MooseApp::run()
10: /home/kevin/gt/demo/mayor/rig/build/moose/modules/solid_mechanics/solid_mechanics-opt(+0x50f2) [0x55e8279500f2]
11: /lib/libc.so.6(+0x27741) [0x7f9f21227741]
12: __libc_start_main
13: /home/kevin/gt/demo/mayor/rig/build/moose/modules/solid_mechanics/solid_mechanics-opt(+0x5365) [0x55e827950365]


[36m
*** Info ***
/home/kevin/gt/demo/mayor/rig/inputs/aac_wall_tests/w01_axial_compression.i:53.3:
The following occurred in the Action 'TensorMechanics' of type LegacyTensorMechanicsAction.

SolidMechanics Action: selecting 'total small strain' formulation. Use `incremental = true` to select 'incremental small strain' instead.[39m
sh: line 1: mpicxx: command not found
JIT compile failed.
Framework Information:
MOOSE Version:           git commit dd5a8961 on 2026-05-01
LibMesh Version:         
PETSc Version:           3.24.6
SLEPc Version:           3.24.0
Current Time:            Tue May 19 17:45:06 2026
Executable Timestamp:    Wed May 13 15:08:44 2026

Input File(s):
  /home/kevin/gt/demo/mayor/rig/inputs/aac_wall_tests/w01_axial_compression.i

Checkpoint:
  Wall Time Interval:      Every 3600 s
  User Checkpoint:         Disabled
  # Checkpoints Kept:      2
  Execute On:              TIMESTEP_END 

Parallelism:
  Num Processors:          1
  Num Threads:             1

Mesh: 
  Parallel Type:           replicated
  Mesh Dimension:          2
  Spatial Dimension:       2
  Nodes:                   5329
  Elems:                   5184
  Num Subdomains:          1

Nonlinear System:
  Num DOFs:                10658
  Num Local DOFs:          10658
  Variables:               { "disp_x" "disp_y" } 
  Finite Element Types:    "LAGRANGE" 
  Approximation Orders:    "FIRST" 

Auxiliary System:
  Num DOFs:                20736
  Num Local DOFs:          20736
  Variables:               { "vonmises" "max_princ" "min_princ" "damage_c" } 
  Finite Element Types:    "MONOMIAL" 
  Approximation Orders:    "CONSTANT" 

Execution Information:
  Executioner:             Steady
  Solver Mode:             Preconditioned JFNK 
  PETSc Preconditioner:    hypre boomeramg 


Postprocessor Values:
+----------------+----------------+----------------+----------------+----------------+
| time           | damage_c_max   | mid_stress_yy  | top_disp_y     | vonmises_max   |
+----------------+----------------+----------------+----------------+----------------+
|   0.000000e+00 |   0.000000e+00 |   0.000000e+00 |   0.000000e+00 |   0.000000e+00 |
+----------------+----------------+----------------+----------------+----------------+

 0 Nonlinear |R| = [32m2.113942e+05[39m
      0 Linear |R| = [32m2.113942e+05[39m
      1 Linear |R| = [32m6.429368e+04[39m
      2 Linear |R| = [32m2.910506e+04[39m
      3 Linear |R| = [32m9.540893e+03[39m
      4 Linear |R| = [32m2.989930e+03[39m
      5 Linear |R| = [32m1.049400e+03[39m
      6 Linear |R| = [32m4.516954e+02[39m
      7 Linear |R| = [32m1.545310e+02[39m
      8 Linear |R| = [32m5.319103e+01[39m
      9 Linear |R| = [32m1.730009e+01[39m
     10 Linear |R| = [32m5.796450e+00[39m
     11 Linear |R| = [32m1.874025e+00[39m
 1 Nonlinear |R| = [32m1.874025e+00[39m
      0 Linear |R| = [32m1.874025e+00[39m
      1 Linear |R| = [32m9.204709e-01[39m
      2 Linear |R| = [32m3.240246e-01[39m
      3 Linear |R| = [32m9.803583e-02[39m
      4 Linear |R| = [32m3.042141e-02[39m
      5 Linear |R| = [32m1.216577e-02[39m
      6 Linear |R| = [32m3.744651e-03[39m
      7 Linear |R| = [32m1.280389e-03[39m
      8 Linear |R| = [32m4.409765e-04[39m
      9 Linear |R| = [32m1.493331e-04[39m
     10 Linear |R| = [32m4.366019e-05[39m
     11 Linear |R| = [32m1.426059e-05[39m
 2 Nonlinear |R| = [32m1.426054e-05[39m
[32m Solve Converged![39m

Postprocessor Values:
+----------------+----------------+----------------+----------------+----------------+
| time           | damage_c_max   | mid_stress_yy  | top_disp_y     | vonmises_max   |
+----------------+----------------+----------------+----------------+----------------+
|   0.000000e+00 |   0.000000e+00 |   0.000000e+00 |   0.000000e+00 |   0.000000e+00 |
|   1.000000e+00 |   0.000000e+00 |   4.202112e+03 |   9.723755e-04 |   6.890438e+05 |
+----------------+----------------+----------------+----------------+----------------+


╔══════════════════════════════════════════════════════════════╗
║                                                              ║
║   _   _                       _                               ║
║  | | | | ___  _ __   __ _ ___| |__  _   _  __ _ _ __   ___  ║
║  | |_| |/ _ \| '_ \ / _` / __| '_ \| | | |/ _` | '_ \ / _ \ ║
║  |  _  | (_) | | | | (_| \__ \ | | | |_| | (_| | | | |  __/ ║
║  |_| |_|\___/|_| |_|\__, |___/_| |_|\__,_|\__,_|_| |_|\___| ║
║                     |___/                                     ║
║                                                              ║
║    红创科技多物理场仿真引擎 (核心模块) V1.0                     ║
║    基于 MOOSE 多物理场面向对象仿真环境                         ║
║    © 2026 红创科技 (Hongchuang Tech)                          ║
║                                                              ║
╚══════════════════════════════════════════════════════════════╝


[33m
*** Deprecation Warning ***
/home/kevin/gt/demo/mayor/rig/inputs/aac_wall_tests/w01_axial_compression.i:53.3: The 'Kernels/TensorMechanics' syntax is deprecated. Please use 'Physics/SolidMechanics/QuasiStatic' instead.[39m
Stack frames: 14
0: libMesh::print_trace(std::ostream&)
1: void moose::internal::mooseDeprecatedStream<libMesh::BasicOStreamProxy<char, std::char_traits<char> >, std::__cxx11::basic_string<char, std::char_traits<char>, std::allocator<char> > >(libMesh::BasicOStreamProxy<char, std::char_traits<char> >&, bool, bool, bool, std::__cxx11::basic_string<char, std::char_traits<char>, std::allocator<char> >&&)
2: Moose::Builder::walkRaw(std::__cxx11::basic_string<char, std::char_traits<char>, std::allocator<char> >, std::__cxx11::basic_string<char, std::char_traits<char>, std::allocator<char> >, hit::Node*)
3: Moose::Builder::walk(std::__cxx11::basic_string<char, std::char_traits<char>, std::allocator<char> > const&, std::__cxx11::basic_string<char, std::char_traits<char>, std::allocator<char> > const&, hit::Node*)
4: hit::Node::walk(hit::Walker*, hit::NodeType, hit::TraversalOrder)
5: hit::Node::walk(hit::Walker*, hit::NodeType, hit::TraversalOrder)
6: hit::Node::walk(hit::Walker*, hit::NodeType, hit::TraversalOrder)
7: Moose::Builder::build()
8: MooseApp::setupOptions()
9: MooseApp::run()
10: /home/kevin/gt/demo/mayor/rig/build/moose/modules/solid_mechanics/solid_mechanics-opt(+0x50f2) [0x564e593100f2]
11: /lib/libc.so.6(+0x27741) [0x7f6582627741]
12: __libc_start_main
13: /home/kevin/gt/demo/mayor/rig/build/moose/modules/solid_mechanics/solid_mechanics-opt(+0x5365) [0x564e59310365]


[36m
*** Info ***
/home/kevin/gt/demo/mayor/rig/inputs/aac_wall_tests/w01_axial_compression.i:53.3:
The following occurred in the Action 'TensorMechanics' of type LegacyTensorMechanicsAction.

SolidMechanics Action: selecting 'total small strain' formulation. Use `incremental = true` to select 'incremental small strain' instead.[39m
sh: line 1: mpicxx: command not found
JIT compile failed.
Framework Information:
MOOSE Version:           git commit dd5a8961 on 2026-05-01
LibMesh Version:         
PETSc Version:           3.24.6
SLEPc Version:           3.24.0
Current Time:            Tue May 19 18:01:23 2026
Executable Timestamp:    Wed May 13 15:08:44 2026

Input File(s):
  /home/kevin/gt/demo/mayor/rig/inputs/aac_wall_tests/w01_axial_compression.i

Checkpoint:
  Wall Time Interval:      Every 3600 s
  User Checkpoint:         Disabled
  # Checkpoints Kept:      2
  Execute On:              TIMESTEP_END 

Parallelism:
  Num Processors:          1
  Num Threads:             1

Mesh: 
  Parallel Type:           replicated
  Mesh Dimension:          2
  Spatial Dimension:       2
  Nodes:                   5329
  Elems:                   5184
  Num Subdomains:          1

Nonlinear System:
  Num DOFs:                10658
  Num Local DOFs:          10658
  Variables:               { "disp_x" "disp_y" } 
  Finite Element Types:    "LAGRANGE" 
  Approximation Orders:    "FIRST" 

Auxiliary System:
  Num DOFs:                20736
  Num Local DOFs:          20736
  Variables:               { "vonmises" "max_princ" "min_princ" "damage_c" } 
  Finite Element Types:    "MONOMIAL" 
  Approximation Orders:    "CONSTANT" 

Execution Information:
  Executioner:             Steady
  Solver Mode:             Preconditioned JFNK 
  PETSc Preconditioner:    hypre boomeramg 


Postprocessor Values:
+----------------+----------------+----------------+----------------+----------------+
| time           | damage_c_max   | mid_stress_yy  | top_disp_y     | vonmises_max   |
+----------------+----------------+----------------+----------------+----------------+
|   0.000000e+00 |   0.000000e+00 |   0.000000e+00 |   0.000000e+00 |   0.000000e+00 |
+----------------+----------------+----------------+----------------+----------------+

 0 Nonlinear |R| = [32m2.113942e+05[39m
      0 Linear |R| = [32m2.113942e+05[39m
      1 Linear |R| = [32m6.429368e+04[39m
      2 Linear |R| = [32m2.910506e+04[39m
      3 Linear |R| = [32m9.540893e+03[39m
      4 Linear |R| = [32m2.989930e+03[39m
      5 Linear |R| = [32m1.049400e+03[39m
      6 Linear |R| = [32m4.516954e+02[39m
      7 Linear |R| = [32m1.545310e+02[39m
      8 Linear |R| = [32m5.319103e+01[39m
      9 Linear |R| = [32m1.730009e+01[39m
     10 Linear |R| = [32m5.796450e+00[39m
     11 Linear |R| = [32m1.874025e+00[39m
 1 Nonlinear |R| = [32m1.874025e+00[39m
      0 Linear |R| = [32m1.874025e+00[39m
      1 Linear |R| = [32m9.204709e-01[39m
      2 Linear |R| = [32m3.240246e-01[39m
      3 Linear |R| = [32m9.803583e-02[39m
      4 Linear |R| = [32m3.042141e-02[39m
      5 Linear |R| = [32m1.216577e-02[39m
      6 Linear |R| = [32m3.744651e-03[39m
      7 Linear |R| = [32m1.280389e-03[39m
      8 Linear |R| = [32m4.409765e-04[39m
      9 Linear |R| = [32m1.493331e-04[39m
     10 Linear |R| = [32m4.366019e-05[39m
     11 Linear |R| = [32m1.426059e-05[39m
 2 Nonlinear |R| = [32m1.426054e-05[39m
[32m Solve Converged![39m

Postprocessor Values:
+----------------+----------------+----------------+----------------+----------------+
| time           | damage_c_max   | mid_stress_yy  | top_disp_y     | vonmises_max   |
+----------------+----------------+----------------+----------------+----------------+
|   0.000000e+00 |   0.000000e+00 |   0.000000e+00 |   0.000000e+00 |   0.000000e+00 |
|   1.000000e+00 |   0.000000e+00 |   4.202112e+03 |   9.723755e-04 |   6.890438e+05 |
+----------------+----------------+----------------+----------------+----------------+


╔══════════════════════════════════════════════════════════════╗
║                                                              ║
║   _   _                       _                               ║
║  | | | | ___  _ __   __ _ ___| |__  _   _  __ _ _ __   ___  ║
║  | |_| |/ _ \| '_ \ / _` / __| '_ \| | | |/ _` | '_ \ / _ \ ║
║  |  _  | (_) | | | | (_| \__ \ | | | |_| | (_| | | | |  __/ ║
║  |_| |_|\___/|_| |_|\__, |___/_| |_|\__,_|\__,_|_| |_|\___| ║
║                     |___/                                     ║
║                                                              ║
║    红创科技多物理场仿真引擎 (核心模块) V1.0                     ║
║    基于 MOOSE 多物理场面向对象仿真环境                         ║
║    © 2026 红创科技 (Hongchuang Tech)                          ║
║                                                              ║
╚══════════════════════════════════════════════════════════════╝


[33m
*** Deprecation Warning ***
/home/kevin/gt/demo/mayor/rig/inputs/aac_wall_tests/w01_axial_compression.i:53.3: The 'Kernels/TensorMechanics' syntax is deprecated. Please use 'Physics/SolidMechanics/QuasiStatic' instead.[39m
Stack frames: 14
0: libMesh::print_trace(std::ostream&)
1: void moose::internal::mooseDeprecatedStream<libMesh::BasicOStreamProxy<char, std::char_traits<char> >, std::__cxx11::basic_string<char, std::char_traits<char>, std::allocator<char> > >(libMesh::BasicOStreamProxy<char, std::char_traits<char> >&, bool, bool, bool, std::__cxx11::basic_string<char, std::char_traits<char>, std::allocator<char> >&&)
2: Moose::Builder::walkRaw(std::__cxx11::basic_string<char, std::char_traits<char>, std::allocator<char> >, std::__cxx11::basic_string<char, std::char_traits<char>, std::allocator<char> >, hit::Node*)
3: Moose::Builder::walk(std::__cxx11::basic_string<char, std::char_traits<char>, std::allocator<char> > const&, std::__cxx11::basic_string<char, std::char_traits<char>, std::allocator<char> > const&, hit::Node*)
4: hit::Node::walk(hit::Walker*, hit::NodeType, hit::TraversalOrder)
5: hit::Node::walk(hit::Walker*, hit::NodeType, hit::TraversalOrder)
6: hit::Node::walk(hit::Walker*, hit::NodeType, hit::TraversalOrder)
7: Moose::Builder::build()
8: MooseApp::setupOptions()
9: MooseApp::run()
10: /home/kevin/gt/demo/mayor/rig/build/moose/modules/solid_mechanics/solid_mechanics-opt(+0x50f2) [0x5585027470f2]
11: /lib/libc.so.6(+0x27741) [0x7f4aae827741]
12: __libc_start_main
13: /home/kevin/gt/demo/mayor/rig/build/moose/modules/solid_mechanics/solid_mechanics-opt(+0x5365) [0x558502747365]


[36m
*** Info ***
/home/kevin/gt/demo/mayor/rig/inputs/aac_wall_tests/w01_axial_compression.i:53.3:
The following occurred in the Action 'TensorMechanics' of type LegacyTensorMechanicsAction.

SolidMechanics Action: selecting 'total small strain' formulation. Use `incremental = true` to select 'incremental small strain' instead.[39m
sh: line 1: mpicxx: command not found
JIT compile failed.
Framework Information:
MOOSE Version:           git commit dd5a8961 on 2026-05-01
LibMesh Version:         
PETSc Version:           3.24.6
SLEPc Version:           3.24.0
Current Time:            Tue May 19 19:04:29 2026
Executable Timestamp:    Wed May 13 15:08:44 2026

Input File(s):
  /home/kevin/gt/demo/mayor/rig/inputs/aac_wall_tests/w01_axial_compression.i

Checkpoint:
  Wall Time Interval:      Every 3600 s
  User Checkpoint:         Disabled
  # Checkpoints Kept:      2
  Execute On:              TIMESTEP_END 

Parallelism:
  Num Processors:          1
  Num Threads:             1

Mesh: 
  Parallel Type:           replicated
  Mesh Dimension:          2
  Spatial Dimension:       2
  Nodes:                   5329
  Elems:                   5184
  Num Subdomains:          1

Nonlinear System:
  Num DOFs:                10658
  Num Local DOFs:          10658
  Variables:               { "disp_x" "disp_y" } 
  Finite Element Types:    "LAGRANGE" 
  Approximation Orders:    "FIRST" 

Auxiliary System:
  Num DOFs:                20736
  Num Local DOFs:          20736
  Variables:               { "vonmises" "max_princ" "min_princ" "damage_c" } 
  Finite Element Types:    "MONOMIAL" 
  Approximation Orders:    "CONSTANT" 

Execution Information:
  Executioner:             Steady
  Solver Mode:             Preconditioned JFNK 
  PETSc Preconditioner:    hypre boomeramg 


Postprocessor Values:
+----------------+----------------+----------------+----------------+----------------+
| time           | damage_c_max   | mid_stress_yy  | top_disp_y     | vonmises_max   |
+----------------+----------------+----------------+----------------+----------------+
|   0.000000e+00 |   0.000000e+00 |   0.000000e+00 |   0.000000e+00 |   0.000000e+00 |
+----------------+----------------+----------------+----------------+----------------+

 0 Nonlinear |R| = [32m2.113942e+05[39m
      0 Linear |R| = [32m2.113942e+05[39m
      1 Linear |R| = [32m6.429368e+04[39m
      2 Linear |R| = [32m2.910506e+04[39m
      3 Linear |R| = [32m9.540893e+03[39m
      4 Linear |R| = [32m2.989930e+03[39m
      5 Linear |R| = [32m1.049400e+03[39m
      6 Linear |R| = [32m4.516954e+02[39m
      7 Linear |R| = [32m1.545310e+02[39m
      8 Linear |R| = [32m5.319103e+01[39m
      9 Linear |R| = [32m1.730009e+01[39m
     10 Linear |R| = [32m5.796450e+00[39m
     11 Linear |R| = [32m1.874025e+00[39m
 1 Nonlinear |R| = [32m1.874025e+00[39m
      0 Linear |R| = [32m1.874025e+00[39m
      1 Linear |R| = [32m9.204709e-01[39m
      2 Linear |R| = [32m3.240246e-01[39m
      3 Linear |R| = [32m9.803583e-02[39m
      4 Linear |R| = [32m3.042141e-02[39m
      5 Linear |R| = [32m1.216577e-02[39m
      6 Linear |R| = [32m3.744651e-03[39m
      7 Linear |R| = [32m1.280389e-03[39m
      8 Linear |R| = [32m4.409765e-04[39m
      9 Linear |R| = [32m1.493331e-04[39m
     10 Linear |R| = [32m4.366019e-05[39m
     11 Linear |R| = [32m1.426059e-05[39m
 2 Nonlinear |R| = [32m1.426054e-05[39m
[32m Solve Converged![39m

Postprocessor Values:
+----------------+----------------+----------------+----------------+----------------+
| time           | damage_c_max   | mid_stress_yy  | top_disp_y     | vonmises_max   |
+----------------+----------------+----------------+----------------+----------------+
|   0.000000e+00 |   0.000000e+00 |   0.000000e+00 |   0.000000e+00 |   0.000000e+00 |
|   1.000000e+00 |   0.000000e+00 |   4.202112e+03 |   9.723755e-04 |   6.890438e+05 |
+----------------+----------------+----------------+----------------+----------------+


╔══════════════════════════════════════════════════════════════╗
║                                                              ║
║   _   _                       _                               ║
║  | | | | ___  _ __   __ _ ___| |__  _   _  __ _ _ __   ___  ║
║  | |_| |/ _ \| '_ \ / _` / __| '_ \| | | |/ _` | '_ \ / _ \ ║
║  |  _  | (_) | | | | (_| \__ \ | | | |_| | (_| | | | |  __/ ║
║  |_| |_|\___/|_| |_|\__, |___/_| |_|\__,_|\__,_|_| |_|\___| ║
║                     |___/                                     ║
║                                                              ║
║    红创科技多物理场仿真引擎 (核心模块) V1.0                     ║
║    基于 MOOSE 多物理场面向对象仿真环境                         ║
║    © 2026 红创科技 (Hongchuang Tech)                          ║
║                                                              ║
╚══════════════════════════════════════════════════════════════╝


[33m
*** Deprecation Warning ***
/home/kevin/gt/demo/mayor/rig/inputs/aac_wall_tests/w01_axial_compression.i:53.3: The 'Kernels/TensorMechanics' syntax is deprecated. Please use 'Physics/SolidMechanics/QuasiStatic' instead.[39m
Stack frames: 14
0: libMesh::print_trace(std::ostream&)
1: void moose::internal::mooseDeprecatedStream<libMesh::BasicOStreamProxy<char, std::char_traits<char> >, std::__cxx11::basic_string<char, std::char_traits<char>, std::allocator<char> > >(libMesh::BasicOStreamProxy<char, std::char_traits<char> >&, bool, bool, bool, std::__cxx11::basic_string<char, std::char_traits<char>, std::allocator<char> >&&)
2: Moose::Builder::walkRaw(std::__cxx11::basic_string<char, std::char_traits<char>, std::allocator<char> >, std::__cxx11::basic_string<char, std::char_traits<char>, std::allocator<char> >, hit::Node*)
3: Moose::Builder::walk(std::__cxx11::basic_string<char, std::char_traits<char>, std::allocator<char> > const&, std::__cxx11::basic_string<char, std::char_traits<char>, std::allocator<char> > const&, hit::Node*)
4: hit::Node::walk(hit::Walker*, hit::NodeType, hit::TraversalOrder)
5: hit::Node::walk(hit::Walker*, hit::NodeType, hit::TraversalOrder)
6: hit::Node::walk(hit::Walker*, hit::NodeType, hit::TraversalOrder)
7: Moose::Builder::build()
8: MooseApp::setupOptions()
9: MooseApp::run()
10: /home/kevin/gt/demo/mayor/rig/build/moose/modules/solid_mechanics/solid_mechanics-opt(+0x50f2) [0x5618598e40f2]
11: /lib/libc.so.6(+0x27741) [0x7f7fb7427741]
12: __libc_start_main
13: /home/kevin/gt/demo/mayor/rig/build/moose/modules/solid_mechanics/solid_mechanics-opt(+0x5365) [0x5618598e4365]


[36m
*** Info ***
/home/kevin/gt/demo/mayor/rig/inputs/aac_wall_tests/w01_axial_compression.i:53.3:
The following occurred in the Action 'TensorMechanics' of type LegacyTensorMechanicsAction.

SolidMechanics Action: selecting 'total small strain' formulation. Use `incremental = true` to select 'incremental small strain' instead.[39m
sh: line 1: mpicxx: command not found
JIT compile failed.
Framework Information:
MOOSE Version:           git commit dd5a8961 on 2026-05-01
LibMesh Version:         
PETSc Version:           3.24.6
SLEPc Version:           3.24.0
Current Time:            Tue May 19 19:14:18 2026
Executable Timestamp:    Wed May 13 15:08:44 2026

Input File(s):
  /home/kevin/gt/demo/mayor/rig/inputs/aac_wall_tests/w01_axial_compression.i

Checkpoint:
  Wall Time Interval:      Every 3600 s
  User Checkpoint:         Disabled
  # Checkpoints Kept:      2
  Execute On:              TIMESTEP_END 

Parallelism:
  Num Processors:          1
  Num Threads:             1

Mesh: 
  Parallel Type:           replicated
  Mesh Dimension:          2
  Spatial Dimension:       2
  Nodes:                   5329
  Elems:                   5184
  Num Subdomains:          1

Nonlinear System:
  Num DOFs:                10658
  Num Local DOFs:          10658
  Variables:               { "disp_x" "disp_y" } 
  Finite Element Types:    "LAGRANGE" 
  Approximation Orders:    "FIRST" 

Auxiliary System:
  Num DOFs:                20736
  Num Local DOFs:          20736
  Variables:               { "vonmises" "max_princ" "min_princ" "damage_c" } 
  Finite Element Types:    "MONOMIAL" 
  Approximation Orders:    "CONSTANT" 

Execution Information:
  Executioner:             Steady
  Solver Mode:             Preconditioned JFNK 
  PETSc Preconditioner:    hypre boomeramg 


Postprocessor Values:
+----------------+----------------+----------------+----------------+----------------+
| time           | damage_c_max   | mid_stress_yy  | top_disp_y     | vonmises_max   |
+----------------+----------------+----------------+----------------+----------------+
|   0.000000e+00 |   0.000000e+00 |   0.000000e+00 |   0.000000e+00 |   0.000000e+00 |
+----------------+----------------+----------------+----------------+----------------+

 0 Nonlinear |R| = [32m2.113942e+05[39m
      0 Linear |R| = [32m2.113942e+05[39m
      1 Linear |R| = [32m6.429368e+04[39m
      2 Linear |R| = [32m2.910506e+04[39m
      3 Linear |R| = [32m9.540893e+03[39m
      4 Linear |R| = [32m2.989930e+03[39m
      5 Linear |R| = [32m1.049400e+03[39m
      6 Linear |R| = [32m4.516954e+02[39m
      7 Linear |R| = [32m1.545310e+02[39m
      8 Linear |R| = [32m5.319103e+01[39m
      9 Linear |R| = [32m1.730009e+01[39m
     10 Linear |R| = [32m5.796450e+00[39m
     11 Linear |R| = [32m1.874025e+00[39m
 1 Nonlinear |R| = [32m1.874025e+00[39m
      0 Linear |R| = [32m1.874025e+00[39m
      1 Linear |R| = [32m9.204709e-01[39m
      2 Linear |R| = [32m3.240246e-01[39m
      3 Linear |R| = [32m9.803583e-02[39m
      4 Linear |R| = [32m3.042141e-02[39m
      5 Linear |R| = [32m1.216577e-02[39m
      6 Linear |R| = [32m3.744651e-03[39m
      7 Linear |R| = [32m1.280389e-03[39m
      8 Linear |R| = [32m4.409765e-04[39m
      9 Linear |R| = [32m1.493331e-04[39m
     10 Linear |R| = [32m4.366019e-05[39m
     11 Linear |R| = [32m1.426059e-05[39m
 2 Nonlinear |R| = [32m1.426054e-05[39m
[32m Solve Converged![39m

Postprocessor Values:
+----------------+----------------+----------------+----------------+----------------+
| time           | damage_c_max   | mid_stress_yy  | top_disp_y     | vonmises_max   |
+----------------+----------------+----------------+----------------+----------------+
|   0.000000e+00 |   0.000000e+00 |   0.000000e+00 |   0.000000e+00 |   0.000000e+00 |
|   1.000000e+00 |   0.000000e+00 |   4.202112e+03 |   9.723755e-04 |   6.890438e+05 |
+----------------+----------------+----------------+----------------+----------------+

