
[33m
*** Deprecation Warning ***
/home/kevin/gt/demo/polecats/chrome/demo/inputs/aac_wall_tests/w02_eccentric_compression.i:58.3: The 'Kernels/TensorMechanics' syntax is deprecated. Please use 'Physics/SolidMechanics/QuasiStatic' instead.[39m
Stack frames: 14
0: libMesh::print_trace(std::ostream&)
1: void moose::internal::mooseDeprecatedStream<libMesh::BasicOStreamProxy<char, std::char_traits<char> >, std::__cxx11::basic_string<char, std::char_traits<char>, std::allocator<char> > >(libMesh::BasicOStreamProxy<char, std::char_traits<char> >&, bool, bool, bool, std::__cxx11::basic_string<char, std::char_traits<char>, std::allocator<char> >&&)
2: Moose::Builder::walkRaw(std::__cxx11::basic_string<char, std::char_traits<char>, std::allocator<char> >, std::__cxx11::basic_string<char, std::char_traits<char>, std::allocator<char> >, hit::Node*)
3: Moose::Builder::walk(std::__cxx11::basic_string<char, std::char_traits<char>, std::allocator<char> > const&, std::__cxx11::basic_string<char, std::char_traits<char>, std::allocator<char> > const&, hit::Node*)
4: hit::Node::walk(hit::Walker*, hit::NodeType, hit::TraversalOrder)
5: hit::Node::walk(hit::Walker*, hit::NodeType, hit::TraversalOrder)
6: hit::Node::walk(hit::Walker*, hit::NodeType, hit::TraversalOrder)
7: Moose::Builder::build()
8: MooseApp::setupOptions()
9: MooseApp::run()
10: /home/kevin/gt/demo/mayor/rig/build/moose/modules/solid_mechanics/solid_mechanics-opt(+0x50f2) [0x55a5808cf0f2]
11: /lib/libc.so.6(+0x27741) [0x7f97c7627741]
12: __libc_start_main
13: /home/kevin/gt/demo/mayor/rig/build/moose/modules/solid_mechanics/solid_mechanics-opt(+0x5365) [0x55a5808cf365]


[36m
*** Info ***
/home/kevin/gt/demo/polecats/chrome/demo/inputs/aac_wall_tests/w02_eccentric_compression.i:58.3:
The following occurred in the Action 'TensorMechanics' of type LegacyTensorMechanicsAction.

SolidMechanics Action: selecting 'total small strain' formulation. Use `incremental = true` to select 'incremental small strain' instead.[39m
sh: line 1: mpicxx: command not found
JIT compile failed.
sh: line 1: mpicxx: command not found
JIT compile failed.
Framework Information:
MOOSE Version:           git commit dd5a8961 on 2026-05-01
LibMesh Version:         
PETSc Version:           3.24.6
SLEPc Version:           3.24.0
Current Time:            Tue May 19 16:51:12 2026
Executable Timestamp:    Wed May 13 15:08:44 2026

Input File(s):
  /home/kevin/gt/demo/polecats/chrome/demo/inputs/aac_wall_tests/w02_eccentric_compression.i

Checkpoint:
  Wall Time Interval:      Every 3600 s
  User Checkpoint:         Disabled
  # Checkpoints Kept:      2
  Execute On:              TIMESTEP_END 

Parallelism:
  Num Processors:          1
  Num Threads:             1

Mesh: 
  Parallel Type:           replicated
  Mesh Dimension:          2
  Spatial Dimension:       2
  Nodes:                   5329
  Elems:                   5184
  Num Subdomains:          1

Nonlinear System:
  Num DOFs:                10658
  Num Local DOFs:          10658
  Variables:               { "disp_x" "disp_y" } 
  Finite Element Types:    "LAGRANGE" 
  Approximation Orders:    "FIRST" 

Auxiliary System:
  Num DOFs:                25920
  Num Local DOFs:          25920
  Variables:               { "vonmises" "max_princ" "min_princ" "damage_t" "damage_c" } 
  Finite Element Types:    "MONOMIAL" 
  Approximation Orders:    "CONSTANT" 

Execution Information:
  Executioner:             Steady
  Solver Mode:             Preconditioned JFNK 
  PETSc Preconditioner:    hypre boomeramg 


Postprocessor Values:
+----------------+----------------+----------------+----------------+----------------+------------------+
| time           | damage_c_max   | damage_t_max   | mid_max_princ  | top_disp_y_left| top_disp_y_right |
+----------------+----------------+----------------+----------------+----------------+------------------+
|   0.000000e+00 |   0.000000e+00 |   0.000000e+00 |   0.000000e+00 |   0.000000e+00 |     0.000000e+00 |
+----------------+----------------+----------------+----------------+----------------+------------------+

 0 Nonlinear |R| = [32m2.078536e+05[39m
      0 Linear |R| = [32m2.078536e+05[39m
      1 Linear |R| = [32m6.352555e+04[39m
      2 Linear |R| = [32m2.705036e+04[39m
      3 Linear |R| = [32m1.015086e+04[39m
      4 Linear |R| = [32m3.719929e+03[39m
      5 Linear |R| = [32m1.349008e+03[39m
      6 Linear |R| = [32m5.187607e+02[39m
      7 Linear |R| = [32m1.713741e+02[39m
      8 Linear |R| = [32m5.856497e+01[39m
      9 Linear |R| = [32m1.914709e+01[39m
     10 Linear |R| = [32m6.355940e+00[39m
     11 Linear |R| = [32m2.097042e+00[39m
     12 Linear |R| = [32m7.660156e-01[39m
 1 Nonlinear |R| = [32m7.660156e-01[39m
      0 Linear |R| = [32m7.660156e-01[39m
      1 Linear |R| = [32m3.379512e-01[39m
      2 Linear |R| = [32m1.171628e-01[39m
      3 Linear |R| = [32m3.532510e-02[39m
      4 Linear |R| = [32m1.163873e-02[39m
      5 Linear |R| = [32m4.294570e-03[39m
      6 Linear |R| = [32m1.320156e-03[39m
      7 Linear |R| = [32m4.252448e-04[39m
      8 Linear |R| = [32m1.536511e-04[39m
      9 Linear |R| = [32m5.112363e-05[39m
     10 Linear |R| = [32m1.674689e-05[39m
     11 Linear |R| = [32m5.332221e-06[39m
 2 Nonlinear |R| = [32m5.332012e-06[39m
Currently Executing
  Finished Solving                                                                       [[33m  6.08 s[39m] [[33m  214 MB[39m]
[32m Solve Converged![39m

Postprocessor Values:
+----------------+----------------+----------------+----------------+----------------+------------------+
| time           | damage_c_max   | damage_t_max   | mid_max_princ  | top_disp_y_left| top_disp_y_right |
+----------------+----------------+----------------+----------------+----------------+------------------+
|   0.000000e+00 |   0.000000e+00 |   0.000000e+00 |   0.000000e+00 |   0.000000e+00 |     0.000000e+00 |
|   1.000000e+00 |   0.000000e+00 |   5.837585e-01 |   4.449066e+05 |   5.927092e-04 |     1.149337e-03 |
+----------------+----------------+----------------+----------------+----------------+------------------+

Finished Executing                                                                       [[33m  7.09 s[39m] [[33m  215 MB[39m]
